<html>
<body>
<pre>
<h1>µVision Build Log</h1>
<h2>Tool Versions:</h2>
IDE-Version: ¦ÌVision V5.31.0.0
Copyright (C) 2020 ARM Ltd and ARM Germany GmbH. All rights reserved.
License Information:  ,  , LIC=MPPLD-8STCB-FWU2N-Y7ZNI-7FG8G-2FI77
 
Tool Versions:
Toolchain:       MDK-ARM Plus  Version: 5.31.0.0
Toolchain Path:  G:\keil\KeilMDK\Keil_v5\ARM\ARMCC\Bin
C Compiler:      Armcc.exe V5.06 update 6 (build 750)
Assembler:       Armasm.exe V5.06 update 6 (build 750)
Linker/Locator:  ArmLink.exe V5.06 update 6 (build 750)
Library Manager: ArmAr.exe V5.06 update 6 (build 750)
Hex Converter:   FromElf.exe V5.06 update 6 (build 750)
CPU DLL:         SARMCM3.DLL V5.31.0.0
Dialog DLL:      DCM.DLL V1.17.3.0
Target DLL:      CMSIS_AGDI.dll V1.32.6.0
Dialog DLL:      TCM.DLL V1.46.0.0
 
<h2>Project:</h2>
C:\Users\qiyehwzi\Desktop\engineer_2025-new_rc(1)\engineer_2025-new_rc\engineer_arm_0329\MDK-ARM\engineer_arm.uvprojx
Project File Date:  05/20/2025

<h2>Output:</h2>
*** Using Compiler 'V5.06 update 6 (build 750)', folder: 'G:\keil\KeilMDK\Keil_v5\ARM\ARMCC\Bin'
Build target 'engineer_arm'
compiling arm_control_task.c...
..\application\can_communicate.h(72): warning:  #1-D: last line of file ends without a newline
  #endif
..\application\arm_control_task.h(120): warning:  #1-D: last line of file ends without a newline
  #endif
..\application\arm_control_task.c(144): warning:  #175-D: subscript out of range
  		TD_init(&arm_control_init->arm_4_TD,5.0f,2.0f,0.002f,arm_control_init->motor_DM_data[3].DM_motor_measure->motor_position);
..\application\arm_control_task.c(424): warning:  #1-D: last line of file ends without a newline
  }
..\application\arm_control_task.c: 4 warnings, 0 errors
linking...
Program Size: Code=37132 RO-data=624 RW-data=896 ZI-data=19808  
FromELF: creating hex file...
"engineer_arm\engineer_arm.axf" - 0 Error(s), 4 Warning(s).

<h2>Software Packages used:</h2>

Package Vendor: ARM
                http://www.keil.com/pack/ARM.CMSIS.5.7.0.pack
                ARM.CMSIS.5.7.0
                CMSIS (Cortex Microcontroller Software Interface Standard)
   * Component: CORE Version: 5.4.0

Package Vendor: Keil
                http://www.keil.com/pack/Keil.STM32F4xx_DFP.2.16.0.pack
                Keil.STM32F4xx_DFP.2.16.0
                STMicroelectronics STM32F4 Series Device Support, Drivers and Examples

<h2>Collection of Component include folders:</h2>
  .\RTE\_engineer_arm
  G:\keil\KeilMDK\packs\ARM\CMSIS\5.7.0\CMSIS\Core\Include
  G:\keil\KeilMDK\packs\Keil\STM32F4xx_DFP\2.16.0\Drivers\CMSIS\Device\ST\STM32F4xx\Include

<h2>Collection of Component Files used:</h2>

   * Component: ARM::CMSIS:CORE:5.4.0
      Include file:  CMSIS\Core\Include\tz_context.h
Build Time Elapsed:  00:00:03
</pre>
</body>
</html>
