Component: ARM Compiler 5.06 update 6 (build 750) Tool: armlink [4d35ed]

==============================================================================

Section Cross References

    startup_stm32f407xx.o(STACK) refers (Special) to heapauxi.o(.text) for __use_two_region_memory
    startup_stm32f407xx.o(HEAP) refers (Special) to heapauxi.o(.text) for __use_two_region_memory
    startup_stm32f407xx.o(RESET) refers (Special) to heapauxi.o(.text) for __use_two_region_memory
    startup_stm32f407xx.o(RESET) refers to startup_stm32f407xx.o(STACK) for __initial_sp
    startup_stm32f407xx.o(RESET) refers to startup_stm32f407xx.o(.text) for Reset_Handler
    startup_stm32f407xx.o(RESET) refers to stm32f4xx_it.o(i.NMI_Handler) for NMI_Handler
    startup_stm32f407xx.o(RESET) refers to stm32f4xx_it.o(i.HardFault_Handler) for HardFault_Handler
    startup_stm32f407xx.o(RESET) refers to stm32f4xx_it.o(i.MemManage_Handler) for MemManage_Handler
    startup_stm32f407xx.o(RESET) refers to stm32f4xx_it.o(i.BusFault_Handler) for BusFault_Handler
    startup_stm32f407xx.o(RESET) refers to stm32f4xx_it.o(i.UsageFault_Handler) for UsageFault_Handler
    startup_stm32f407xx.o(RESET) refers to port.o(.emb_text) for SVC_Handler
    startup_stm32f407xx.o(RESET) refers to stm32f4xx_it.o(i.DebugMon_Handler) for DebugMon_Handler
    startup_stm32f407xx.o(RESET) refers to stm32f4xx_it.o(i.SysTick_Handler) for SysTick_Handler
    startup_stm32f407xx.o(RESET) refers to stm32f4xx_it.o(i.CAN1_RX0_IRQHandler) for CAN1_RX0_IRQHandler
    startup_stm32f407xx.o(RESET) refers to stm32f4xx_it.o(i.USART1_IRQHandler) for USART1_IRQHandler
    startup_stm32f407xx.o(RESET) refers to stm32f4xx_it.o(i.DMA2_Stream1_IRQHandler) for DMA2_Stream1_IRQHandler
    startup_stm32f407xx.o(RESET) refers to stm32f4xx_it.o(i.DMA2_Stream2_IRQHandler) for DMA2_Stream2_IRQHandler
    startup_stm32f407xx.o(RESET) refers to stm32f4xx_it.o(i.CAN2_RX0_IRQHandler) for CAN2_RX0_IRQHandler
    startup_stm32f407xx.o(RESET) refers to stm32f4xx_it.o(i.DMA2_Stream6_IRQHandler) for DMA2_Stream6_IRQHandler
    startup_stm32f407xx.o(RESET) refers to stm32f4xx_it.o(i.DMA2_Stream7_IRQHandler) for DMA2_Stream7_IRQHandler
    startup_stm32f407xx.o(RESET) refers to stm32f4xx_it.o(i.USART6_IRQHandler) for USART6_IRQHandler
    startup_stm32f407xx.o(.text) refers (Special) to heapauxi.o(.text) for __use_two_region_memory
    startup_stm32f407xx.o(.text) refers to system_stm32f4xx.o(i.SystemInit) for SystemInit
    startup_stm32f407xx.o(.text) refers to __main.o(!!!main) for __main
    startup_stm32f407xx.o(.text) refers to startup_stm32f407xx.o(HEAP) for Heap_Mem
    startup_stm32f407xx.o(.text) refers to startup_stm32f407xx.o(STACK) for Stack_Mem
    main.o(i.SystemClock_Config) refers to rt_memclr_w.o(.text) for __aeabi_memclr4
    main.o(i.SystemClock_Config) refers to stm32f4xx_hal_rcc.o(i.HAL_RCC_OscConfig) for HAL_RCC_OscConfig
    main.o(i.SystemClock_Config) refers to stm32f4xx_hal_rcc.o(i.HAL_RCC_ClockConfig) for HAL_RCC_ClockConfig
    main.o(i.main) refers to stm32f4xx_hal.o(i.HAL_Init) for HAL_Init
    main.o(i.main) refers to main.o(i.SystemClock_Config) for SystemClock_Config
    main.o(i.main) refers to gpio.o(i.MX_GPIO_Init) for MX_GPIO_Init
    main.o(i.main) refers to dma.o(i.MX_DMA_Init) for MX_DMA_Init
    main.o(i.main) refers to can.o(i.MX_CAN1_Init) for MX_CAN1_Init
    main.o(i.main) refers to can.o(i.MX_CAN2_Init) for MX_CAN2_Init
    main.o(i.main) refers to usart.o(i.MX_USART1_UART_Init) for MX_USART1_UART_Init
    main.o(i.main) refers to usart.o(i.MX_USART6_UART_Init) for MX_USART6_UART_Init
    main.o(i.main) refers to tim.o(i.MX_TIM4_Init) for MX_TIM4_Init
    main.o(i.main) refers to bsp_can.o(i.can_filter_init) for can_filter_init
    main.o(i.main) refers to bsp_dwt.o(i.DWT_Init) for DWT_Init
    main.o(i.main) refers to stm32f4xx_hal_tim.o(i.HAL_TIM_Base_Start) for HAL_TIM_Base_Start
    main.o(i.main) refers to stm32f4xx_hal_tim.o(i.HAL_TIM_PWM_Start) for HAL_TIM_PWM_Start
    main.o(i.main) refers to freertos.o(i.MX_FREERTOS_Init) for MX_FREERTOS_Init
    main.o(i.main) refers to cmsis_os.o(i.osKernelStart) for osKernelStart
    main.o(i.main) refers to tim.o(.bss) for htim4
    freertos.o(i.MX_FREERTOS_Init) refers to rt_memcpy_w.o(.text) for __aeabi_memcpy4
    freertos.o(i.MX_FREERTOS_Init) refers to cmsis_os.o(i.osThreadCreate) for osThreadCreate
    freertos.o(i.MX_FREERTOS_Init) refers to freertos.o(.constdata) for .constdata
    freertos.o(i.MX_FREERTOS_Init) refers to freertos.o(.data) for .data
    freertos.o(i.StartDefaultTask) refers to cmsis_os.o(i.osDelay) for osDelay
    freertos.o(i.vApplicationGetIdleTaskMemory) refers to freertos.o(.bss) for .bss
    freertos.o(.constdata) refers to freertos.o(.conststring) for .conststring
    freertos.o(.constdata) refers to freertos.o(i.StartDefaultTask) for StartDefaultTask
    freertos.o(.constdata) refers to arm_control_task.o(i.arm_task) for arm_task
[...]
    xDelayedTaskList2                        0x20000b48   Data          20  tasks.o(.bss)
    xPendingReadyList                        0x20000b5c   Data          20  tasks.o(.bss)
    xTasksWaitingTermination                 0x20000b70   Data          20  tasks.o(.bss)
    xSuspendedTaskList                       0x20000b84   Data          20  tasks.o(.bss)
    .bss                                     0x20000b98   Section    15360  heap_4.o(.bss)
    ucHeap                                   0x20000b98   Data       15360  heap_4.o(.bss)
    .bss                                     0x20004798   Section       96  libspace.o(.bss)
    HEAP                                     0x200047f8   Section      512  startup_stm32f407xx.o(HEAP)
    Heap_Mem                                 0x200047f8   Data         512  startup_stm32f407xx.o(HEAP)
    STACK                                    0x200049f8   Section     1024  startup_stm32f407xx.o(STACK)
    Stack_Mem                                0x200049f8   Data        1024  startup_stm32f407xx.o(STACK)
    __initial_sp                             0x20004df8   Data           0  startup_stm32f407xx.o(STACK)

    Global Symbols

    Symbol Name                              Value     Ov Type        Size  Object(Section)

    BuildAttributes$$THM_ISAv4$E$P$D$K$B$S$7EM$VFPi3$EXTD16$VFPS$VFMA$PE$A:L22UL41UL21$X:L11$S22US41US21$IEEE1$IW$USESV6$~STKCKD$USESV7$~SHL$OTIME$ROPI$IEEEX$EBA8$UX$STANDARDLIB$REQ8$PRES8$EABIv2 0x00000000   Number         0  anon$$obj.o ABSOLUTE
    __ARM_use_no_argv                        0x00000000   Number         0  main.o ABSOLUTE
    __ARM_exceptions_init                     - Undefined Weak Reference
    __alloca_initialize                       - Undefined Weak Reference
    __arm_preinit_                            - Undefined Weak Reference
    __cpp_initialize__aeabi_                  - Undefined Weak Reference
    __cxa_finalize                            - Undefined Weak Reference
    __rt_locale                               - Undefined Weak Reference
    __sigvec_lookup                           - Undefined Weak Reference
    __user_heap_extent                        - Undefined Weak Reference
    _atexit_init                              - Undefined Weak Reference
    _call_atexit_fns                          - Undefined Weak Reference
    _clock_init                               - Undefined Weak Reference
    _fp_trap_big                              - Undefined Weak Reference
    _fp_trap_init                             - Undefined Weak Reference
    _fp_trap_shutdown                         - Undefined Weak Reference
    _get_lc_collate                           - Undefined Weak Reference
    _get_lc_ctype                             - Undefined Weak Reference
    _get_lc_monetary                          - Undefined Weak Reference
    _get_lc_numeric                           - Undefined Weak Reference
    _get_lc_time                              - Undefined Weak Reference
    _getenv_init                              - Undefined Weak Reference
    _handle_redirection                       - Undefined Weak Reference
    _initio                                   - Undefined Weak Reference
    _mutex_acquire                            - Undefined Weak Reference
    _mutex_free                               - Undefined Weak Reference
    _mutex_release                            - Undefined Weak Reference
    _rand_init                                - Undefined Weak Reference
    _signal_finish                            - Undefined Weak Reference
    _signal_init                              - Undefined Weak Reference
    _terminateio                              - Undefined Weak Reference
    __Vectors_Size                           0x00000188   Number         0  startup_stm32f407xx.o ABSOLUTE
    __Vectors                                0x08000000   Data           4  startup_stm32f407xx.o(RESET)
    __Vectors_End                            0x08000188   Data           0  startup_stm32f407xx.o(RESET)
    __main                                   0x08000189   Thumb Code     8  __main.o(!!!main)
    __scatterload                            0x08000191   Thumb Code     0  __scatter.o(!!!scatter)
    __scatterload_rt2                        0x08000191   Thumb Code    44  __scatter.o(!!!scatter)
    __scatterload_rt2_thumb_only             0x08000191   Thumb Code     0  __scatter.o(!!!scatter)
    __scatterload_null                       0x0800019f   Thumb Code     0  __scatter.o(!!!scatter)
    __scatterload_copy                       0x080001c5   Thumb Code    26  __scatter_copy.o(!!handler_copy)
    __scatterload_zeroinit                   0x080001e1   Thumb Code    28  __scatter_zi.o(!!handler_zi)
    __rt_lib_init                            0x080001fd   Thumb Code     0  libinit.o(.ARM.Collect$$libinit$$00000000)
    __rt_lib_init_fp_1                       0x080001ff   Thumb Code     0  libinit2.o(.ARM.Collect$$libinit$$00000001)
    __rt_lib_init_heap_2                     0x08000203   Thumb Code     0  libinit2.o(.ARM.Collect$$libinit$$00000005)
    __rt_lib_init_preinit_1                  0x08000203   Thumb Code     0  libinit2.o(.ARM.Collect$$libinit$$00000004)
    __rt_lib_init_alloca_1                   0x0800020b   Thumb Code     0  libinit2.o(.ARM.Collect$$libinit$$0000002E)
    __rt_lib_init_argv_1                     0x0800020b   Thumb Code     0  libinit2.o(.ARM.Collect$$libinit$$0000002C)
    __rt_lib_init_atexit_1                   0x0800020b   Thumb Code     0  libinit2.o(.ARM.Collect$$libinit$$0000001B)
    __rt_lib_init_clock_1                    0x0800020b   Thumb Code     0  libinit2.o(.ARM.Collect$$libinit$$00000021)
    __rt_lib_init_cpp_1                      0x0800020b   Thumb Code     0  libinit2.o(.ARM.Collect$$libinit$$00000032)
    __rt_lib_init_exceptions_1               0x0800020b   Thumb Code     0  libinit2.o(.ARM.Collect$$libinit$$00000030)
    __rt_lib_init_fp_trap_1                  0x0800020b   Thumb Code     0  libinit2.o(.ARM.Collect$$libinit$$0000001F)
    __rt_lib_init_getenv_1                   0x0800020b   Thumb Code     0  libinit2.o(.ARM.Collect$$libinit$$00000023)
    __rt_lib_init_heap_1                     0x0800020b   Thumb Code     0  libinit2.o(.ARM.Collect$$libinit$$0000000A)
    __rt_lib_init_lc_collate_1               0x0800020b   Thumb Code     0  libinit2.o(.ARM.Collect$$libinit$$00000011)
    __rt_lib_init_lc_ctype_1                 0x0800020b   Thumb Code     0  libinit2.o(.ARM.Collect$$libinit$$00000013)
    __rt_lib_init_lc_monetary_1              0x0800020b   Thumb Code     0  libinit2.o(.ARM.Collect$$libinit$$00000015)
    __rt_lib_init_lc_numeric_1               0x0800020b   Thumb Code     0  libinit2.o(.ARM.Collect$$libinit$$00000017)
    __rt_lib_init_lc_time_1                  0x0800020b   Thumb Code     0  libinit2.o(.ARM.Collect$$libinit$$00000019)
    __rt_lib_init_rand_1                     0x0800020b   Thumb Code     0  libinit2.o(.ARM.Collect$$libinit$$0000000E)
    __rt_lib_init_return                     0x0800020b   Thumb Code     0  libinit2.o(.ARM.Collect$$libinit$$00000033)
    __rt_lib_init_signal_1                   0x0800020b   Thumb Code     0  libinit2.o(.ARM.Collect$$libinit$$0000001D)
    __rt_lib_init_stdio_1                    0x0800020b   Thumb Code     0  libinit2.o(.ARM.Collect$$libinit$$00000025)
    __rt_lib_init_user_alloc_1               0x0800020b   Thumb Code     0  libinit2.o(.ARM.Collect$$libinit$$0000000C)
    __rt_lib_shutdown                        0x0800020d   Thumb Code     0  libshutdown.o(.ARM.Collect$$libshutdown$$00000000)
    __rt_lib_shutdown_cpp_1                  0x0800020f   Thumb Code     0  libshutdown2.o(.ARM.Collect$$libshutdown$$00000002)
    __rt_lib_shutdown_fp_trap_1              0x0800020f   Thumb Code     0  libshutdown2.o(.ARM.Collect$$libshutdown$$00000007)
    __rt_lib_shutdown_heap_1                 0x0800020f   Thumb Code     0  libshutdown2.o(.ARM.Collect$$libshutdown$$0000000F)
    __rt_lib_shutdown_return                 0x0800020f   Thumb Code     0  libshutdown2.o(.ARM.Collect$$libshutdown$$00000010)
    __rt_lib_shutdown_signal_1               0x0800020f   Thumb Code     0  libshutdown2.o(.ARM.Collect$$libshutdown$$0000000A)
    __rt_lib_shutdown_stdio_1                0x0800020f   Thumb Code     0  libshutdown2.o(.ARM.Collect$$libshutdown$$00000004)
    __rt_lib_shutdown_user_alloc_1           0x0800020f   Thumb Code     0  libshutdown2.o(.ARM.Collect$$libshutdown$$0000000C)
    __rt_entry                               0x08000211   Thumb Code     0  __rtentry.o(.ARM.Collect$$rtentry$$00000000)
    __rt_entry_presh_1                       0x08000211   Thumb Code     0  __rtentry2.o(.ARM.Collect$$rtentry$$00000002)
    __rt_entry_sh                            0x08000211   Thumb Code     0  __rtentry4.o(.ARM.Collect$$rtentry$$00000004)
    __rt_entry_li                            0x08000217   Thumb Code     0  __rtentry2.o(.ARM.Collect$$rtentry$$0000000A)
    __rt_entry_postsh_1                      0x08000217   Thumb Code     0  __rtentry2.o(.ARM.Collect$$rtentry$$00000009)
    __rt_entry_main                          0x0800021b   Thumb Code     0  __rtentry2.o(.ARM.Collect$$rtentry$$0000000D)
    __rt_entry_postli_1                      0x0800021b   Thumb Code     0  __rtentry2.o(.ARM.Collect$$rtentry$$0000000C)
    __rt_exit                                0x08000223   Thumb Code     0  rtexit.o(.ARM.Collect$$rtexit$$00000000)
    __rt_exit_ls                             0x08000225   Thumb Code     0  rtexit2.o(.ARM.Collect$$rtexit$$00000003)
    __rt_exit_prels_1                        0x08000225   Thumb Code     0  rtexit2.o(.ARM.Collect$$rtexit$$00000002)
    __rt_exit_exit                           0x08000229   Thumb Code     0  rtexit2.o(.ARM.Collect$$rtexit$$00000004)
    SVC_Handler                              0x08000231   Thumb Code    28  port.o(.emb_text)
    __asm___6_port_c_39a90d8d__prvStartFirstTask 0x08000251   Thumb Code    36  port.o(.emb_text)
    __asm___6_port_c_39a90d8d__prvEnableVFP  0x08000279   Thumb Code    16  port.o(.emb_text)
    PendSV_Handler                           0x0800028d   Thumb Code    88  port.o(.emb_text)
    vPortGetIPSR                             0x080002e9   Thumb Code     6  port.o(.emb_text)
    Reset_Handler                            0x080002f1   Thumb Code     8  startup_stm32f407xx.o(.text)
    _maybe_terminate_alloc                   0x080002f1   Thumb Code     0  maybetermalloc1.o(.emb_text)
    ADC_IRQHandler                           0x0800030b   Thumb Code     0  startup_stm32f407xx.o(.text)
    CAN1_RX1_IRQHandler                      0x0800030b   Thumb Code     0  startup_stm32f407xx.o(.text)
    CAN1_SCE_IRQHandler                      0x0800030b   Thumb Code     0  startup_stm32f407xx.o(.text)
    CAN1_TX_IRQHandler                       0x0800030b   Thumb Code     0  startup_stm32f407xx.o(.text)
    CAN2_RX1_IRQHandler                      0x0800030b   Thumb Code     0  startup_stm32f407xx.o(.text)
    CAN2_SCE_IRQHandler                      0x0800030b   Thumb Code     0  startup_stm32f407xx.o(.text)
    CAN2_TX_IRQHandler                       0x0800030b   Thumb Code     0  startup_stm32f407xx.o(.text)
    DCMI_IRQHandler                          0x0800030b   Thumb Code     0  startup_stm32f407xx.o(.text)
    DMA1_Stream0_IRQHandler                  0x0800030b   Thumb Code     0  startup_stm32f407xx.o(.text)
    DMA1_Stream1_IRQHandler                  0x0800030b   Thumb Code     0  startup_stm32f407xx.o(.text)
    DMA1_Stream2_IRQHandler                  0x0800030b   Thumb Code     0  startup_stm32f407xx.o(.text)
    DMA1_Stream3_IRQHandler                  0x0800030b   Thumb Code     0  startup_stm32f407xx.o(.text)
    DMA1_Stream4_IRQHandler                  0x0800030b   Thumb Code     0  startup_stm32f407xx.o(.text)
    DMA1_Stream5_IRQHandler                  0x0800030b   Thumb Code     0  startup_stm32f407xx.o(.text)
    DMA1_Stream6_IRQHandler                  0x0800030b   Thumb Code     0  startup_stm32f407xx.o(.text)
    DMA1_Stream7_IRQHandler                  0x0800030b   Thumb Code     0  startup_stm32f407xx.o(.text)
    DMA2_Stream0_IRQHandler                  0x0800030b   Thumb Code     0  startup_stm32f407xx.o(.text)
    DMA2_Stream3_IRQHandler                  0x0800030b   Thumb Code     0  startup_stm32f407xx.o(.text)
    DMA2_Stream4_IRQHandler                  0x0800030b   Thumb Code     0  startup_stm32f407xx.o(.text)
    DMA2_Stream5_IRQHandler                  0x0800030b   Thumb Code     0  startup_stm32f407xx.o(.text)
    ETH_IRQHandler                           0x0800030b   Thumb Code     0  startup_stm32f407xx.o(.text)
    ETH_WKUP_IRQHandler                      0x0800030b   Thumb Code     0  startup_stm32f407xx.o(.text)
    EXTI0_IRQHandler                         0x0800030b   Thumb Code     0  startup_stm32f407xx.o(.text)
    EXTI15_10_IRQHandler                     0x0800030b   Thumb Code     0  startup_stm32f407xx.o(.text)
    EXTI1_IRQHandler                         0x0800030b   Thumb Code     0  startup_stm32f407xx.o(.text)
    EXTI2_IRQHandler                         0x0800030b   Thumb Code     0  startup_stm32f407xx.o(.text)
    EXTI3_IRQHandler                         0x0800030b   Thumb Code     0  startup_stm32f407xx.o(.text)
    EXTI4_IRQHandler                         0x0800030b   Thumb Code     0  startup_stm32f407xx.o(.text)
    EXTI9_5_IRQHandler                       0x0800030b   Thumb Code     0  startup_stm32f407xx.o(.text)
    FLASH_IRQHandler                         0x0800030b   Thumb Code     0  startup_stm32f407xx.o(.text)
    FMC_IRQHandler                           0x0800030b   Thumb Code     0  startup_stm32f407xx.o(.text)
    FPU_IRQHandler                           0x0800030b   Thumb Code     0  startup_stm32f407xx.o(.text)
    HASH_RNG_IRQHandler                      0x0800030b   Thumb Code     0  startup_stm32f407xx.o(.text)
    I2C1_ER_IRQHandler                       0x0800030b   Thumb Code     0  startup_stm32f407xx.o(.text)
    I2C1_EV_IRQHandler                       0x0800030b   Thumb Code     0  startup_stm32f407xx.o(.text)
    I2C2_ER_IRQHandler                       0x0800030b   Thumb Code     0  startup_stm32f407xx.o(.text)
    I2C2_EV_IRQHandler                       0x0800030b   Thumb Code     0  startup_stm32f407xx.o(.text)
    I2C3_ER_IRQHandler                       0x0800030b   Thumb Code     0  startup_stm32f407xx.o(.text)
    I2C3_EV_IRQHandler                       0x0800030b   Thumb Code     0  startup_stm32f407xx.o(.text)
    OTG_FS_IRQHandler                        0x0800030b   Thumb Code     0  startup_stm32f407xx.o(.text)
    OTG_FS_WKUP_IRQHandler                   0x0800030b   Thumb Code     0  startup_stm32f407xx.o(.text)
    OTG_HS_EP1_IN_IRQHandler                 0x0800030b   Thumb Code     0  startup_stm32f407xx.o(.text)
    OTG_HS_EP1_OUT_IRQHandler                0x0800030b   Thumb Code     0  startup_stm32f407xx.o(.text)
    OTG_HS_IRQHandler                        0x0800030b   Thumb Code     0  startup_stm32f407xx.o(.text)
    OTG_HS_WKUP_IRQHandler                   0x0800030b   Thumb Code     0  startup_stm32f407xx.o(.text)
    PVD_IRQHandler                           0x0800030b   Thumb Code     0  startup_stm32f407xx.o(.text)
    RCC_IRQHandler                           0x0800030b   Thumb Code     0  startup_stm32f407xx.o(.text)
    RTC_Alarm_IRQHandler                     0x0800030b   Thumb Code     0  startup_stm32f407xx.o(.text)
    RTC_WKUP_IRQHandler                      0x0800030b   Thumb Code     0  startup_stm32f407xx.o(.text)
    SDIO_IRQHandler                          0x0800030b   Thumb Code     0  startup_stm32f407xx.o(.text)
    SPI1_IRQHandler                          0x0800030b   Thumb Code     0  startup_stm32f407xx.o(.text)
    SPI2_IRQHandler                          0x0800030b   Thumb Code     0  startup_stm32f407xx.o(.text)
    SPI3_IRQHandler                          0x0800030b   Thumb Code     0  startup_stm32f407xx.o(.text)
    TAMP_STAMP_IRQHandler                    0x0800030b   Thumb Code     0  startup_stm32f407xx.o(.text)
    TIM1_BRK_TIM9_IRQHandler                 0x0800030b   Thumb Code     0  startup_stm32f407xx.o(.text)
    TIM1_CC_IRQHandler                       0x0800030b   Thumb Code     0  startup_stm32f407xx.o(.text)
    TIM1_TRG_COM_TIM11_IRQHandler            0x0800030b   Thumb Code     0  startup_stm32f407xx.o(.text)
    TIM1_UP_TIM10_IRQHandler                 0x0800030b   Thumb Code     0  startup_stm32f407xx.o(.text)
    TIM2_IRQHandler                          0x0800030b   Thumb Code     0  startup_stm32f407xx.o(.text)
    TIM3_IRQHandler                          0x0800030b   Thumb Code     0  startup_stm32f407xx.o(.text)
    TIM4_IRQHandler                          0x0800030b   Thumb Code     0  startup_stm32f407xx.o(.text)
    TIM5_IRQHandler                          0x0800030b   Thumb Code     0  startup_stm32f407xx.o(.text)
    TIM6_DAC_IRQHandler                      0x0800030b   Thumb Code     0  startup_stm32f407xx.o(.text)
    TIM7_IRQHandler                          0x0800030b   Thumb Code     0  startup_stm32f407xx.o(.text)
    TIM8_BRK_TIM12_IRQHandler                0x0800030b   Thumb Code     0  startup_stm32f407xx.o(.text)
    TIM8_CC_IRQHandler                       0x0800030b   Thumb Code     0  startup_stm32f407xx.o(.text)
    TIM8_TRG_COM_TIM14_IRQHandler            0x0800030b   Thumb Code     0  startup_stm32f407xx.o(.text)
    TIM8_UP_TIM13_IRQHandler                 0x0800030b   Thumb Code     0  startup_stm32f407xx.o(.text)
    UART4_IRQHandler                         0x0800030b   Thumb Code     0  startup_stm32f407xx.o(.text)
    UART5_IRQHandler                         0x0800030b   Thumb Code     0  startup_stm32f407xx.o(.text)
    USART2_IRQHandler                        0x0800030b   Thumb Code     0  startup_stm32f407xx.o(.text)
    USART3_IRQHandler                        0x0800030b   Thumb Code     0  startup_stm32f407xx.o(.text)
    WWDG_IRQHandler                          0x0800030b   Thumb Code     0  startup_stm32f407xx.o(.text)
    __user_initial_stackheap                 0x0800030d   Thumb Code     0  startup_stm32f407xx.o(.text)
    malloc                                   0x08000331   Thumb Code    94  h1_alloc.o(.text)
    __aeabi_uldivmod                         0x0800038f   Thumb Code     0  lludivv7m.o(.text)
    _ll_udiv                                 0x0800038f   Thumb Code   238  lludivv7m.o(.text)
    __aeabi_memcpy4                          0x0800047d   Thumb Code     0  rt_memcpy_w.o(.text)
    __aeabi_memcpy8                          0x0800047d   Thumb Code     0  rt_memcpy_w.o(.text)
    __rt_memcpy_w                            0x0800047d   Thumb Code   100  rt_memcpy_w.o(.text)
    _memcpy_lastbytes_aligned                0x080004c5   Thumb Code     0  rt_memcpy_w.o(.text)
    __aeabi_memclr                           0x080004e1   Thumb Code     0  rt_memclr.o(.text)
    __rt_memclr                              0x080004e1   Thumb Code    68  rt_memclr.o(.text)
    _memset                                  0x080004e5   Thumb Code     0  rt_memclr.o(.text)
    __aeabi_memclr4                          0x08000525   Thumb Code     0  rt_memclr_w.o(.text)
    __aeabi_memclr8                          0x08000525   Thumb Code     0  rt_memclr_w.o(.text)
    __rt_memclr_w                            0x08000525   Thumb Code    78  rt_memclr_w.o(.text)
    _memset_w                                0x08000529   Thumb Code     0  rt_memclr_w.o(.text)
    __use_two_region_memory                  0x08000573   Thumb Code     2  heapauxi.o(.text)
    __rt_heap_escrow                         0x08000575   Thumb Code     2  heapauxi.o(.text)
    __rt_heap_expand                         0x08000577   Thumb Code     2  heapauxi.o(.text)
    __rt_heap_descriptor                     0x08000579   Thumb Code     8  rt_heap_descriptor_intlibspace.o(.text)
    __use_no_heap                            0x08000581   Thumb Code     2  hguard.o(.text)
    __heap$guard                             0x08000583   Thumb Code     2  hguard.o(.text)
    _terminate_user_alloc                    0x08000585   Thumb Code     2  init_alloc.o(.text)
    _init_user_alloc                         0x08000587   Thumb Code     2  init_alloc.o(.text)
    __Heap_Full                              0x08000589   Thumb Code    34  init_alloc.o(.text)
    __Heap_Broken                            0x080005ab   Thumb Code     6  init_alloc.o(.text)
    _init_alloc                              0x080005b1   Thumb Code    94  init_alloc.o(.text)
    __Heap_Initialize                        0x0800060f   Thumb Code    10  h1_init.o(.text)
    __Heap_DescSize                          0x08000619   Thumb Code     4  h1_init.o(.text)
    free                                     0x0800061d   Thumb Code    78  h1_free.o(.text)
    __read_errno                             0x0800066b   Thumb Code    10  _rserrno.o(.text)
    __set_errno                              0x08000675   Thumb Code    12  _rserrno.o(.text)
    __user_libspace                          0x08000681   Thumb Code     8  libspace.o(.text)
    __user_perproc_libspace                  0x08000681   Thumb Code     0  libspace.o(.text)
    __user_perthread_libspace                0x08000681   Thumb Code     0  libspace.o(.text)
    __aeabi_errno_addr                       0x08000689   Thumb Code     8  rt_errno_addr_intlibspace.o(.text)
    __errno$intlibspace                      0x08000689   Thumb Code     0  rt_errno_addr_intlibspace.o(.text)
    __rt_errno_addr$intlibspace              0x08000689   Thumb Code     0  rt_errno_addr_intlibspace.o(.text)
    __Heap_ProvideMemory                     0x08000691   Thumb Code    52  h1_extend.o(.text)
    _fp_trap                                 0x080006c5   Thumb Code    44  _fptrap.o(.text)
    __rt_SIGRTMEM                            0x080006f5   Thumb Code    14  defsig_rtmem_outer.o(.text)
    __I$use$semihosting                      0x08000703   Thumb Code     0  use_no_semi.o(.text)
    __use_no_semihosting_swi                 0x08000703   Thumb Code     2  use_no_semi.o(.text)
    __semihosting_library_function           0x08000705   Thumb Code     0  indicate_semi.o(.text)
    __user_setup_stackheap                   0x08000705   Thumb Code    74  sys_stackheap_outer.o(.text)
    exit                                     0x0800074f   Thumb Code    18  exit.o(.text)
    __sig_exit                               0x08000761   Thumb Code    10  defsig_exit.o(.text)
    __rt_SIGFPE                              0x0800076b   Thumb Code    14  defsig_fpe_outer.o(.text)
    __rt_SIGRTMEM_inner                      0x08000779   Thumb Code    22  defsig_rtmem_inner.o(.text)
    _sys_exit                                0x080007c9   Thumb Code     8  sys_exit.o(.text)
    __default_signal_display                 0x080007d5   Thumb Code    50  defsig_general.o(.text)
    __rt_SIGFPE_inner                        0x08000809   Thumb Code    62  defsig_fpe_inner.o(.text)
    _ttywrch                                 0x080008b5   Thumb Code    14  sys_wrch.o(.text)
    A_communicate_task                       0x080008c5   Thumb Code    76  boards_communicate_task.o(i.A_communicate_task)
    BusFault_Handler                         0x08000919   Thumb Code     2  stm32f4xx_it.o(i.BusFault_Handler)
    CAN1_RX0_IRQHandler                      0x0800091d   Thumb Code     6  stm32f4xx_it.o(i.CAN1_RX0_IRQHandler)
    CAN2_RX0_IRQHandler                      0x08000929   Thumb Code     6  stm32f4xx_it.o(i.CAN2_RX0_IRQHandler)
    CAN_board_communicate_can2_0             0x08000935   Thumb Code   150  can_communicate.o(i.CAN_board_communicate_can2_0)
    CAN_board_communicate_can2_1             0x080009e9   Thumb Code   110  can_communicate.o(i.CAN_board_communicate_can2_1)
    CAN_cmd_2006                             0x08000a71   Thumb Code    54  can_communicate.o(i.CAN_cmd_2006)
    CAN_cmd_4310_disable                     0x08000ab5   Thumb Code    58  can_communicate.o(i.CAN_cmd_4310_disable)
    CAN_cmd_4310_enable                      0x08000af9   Thumb Code    58  can_communicate.o(i.CAN_cmd_4310_enable)
    CAN_cmd_4310_mit                         0x08000b3d   Thumb Code   184  can_communicate.o(i.CAN_cmd_4310_mit)
    DMA2_Stream1_IRQHandler                  0x08000c0d   Thumb Code     6  stm32f4xx_it.o(i.DMA2_Stream1_IRQHandler)
    DMA2_Stream2_IRQHandler                  0x08000c19   Thumb Code     6  stm32f4xx_it.o(i.DMA2_Stream2_IRQHandler)
    DMA2_Stream6_IRQHandler                  0x08000c25   Thumb Code     6  stm32f4xx_it.o(i.DMA2_Stream6_IRQHandler)
    DMA2_Stream7_IRQHandler                  0x08000c31   Thumb Code     6  stm32f4xx_it.o(i.DMA2_Stream7_IRQHandler)
    DWT_Delay                                0x08000ce1   Thumb Code    42  bsp_dwt.o(i.DWT_Delay)
    DWT_GetDeltaT                            0x08000d15   Thumb Code    60  bsp_dwt.o(i.DWT_GetDeltaT)
    DWT_Init                                 0x08000d59   Thumb Code    54  bsp_dwt.o(i.DWT_Init)
    DebugMon_Handler                         0x08000da1   Thumb Code     2  stm32f4xx_it.o(i.DebugMon_Handler)
    Error_Handler                            0x08000da3   Thumb Code     4  main.o(i.Error_Handler)
    HAL_CAN_ActivateNotification             0x08000da7   Thumb Code    36  stm32f4xx_hal_can.o(i.HAL_CAN_ActivateNotification)
    HAL_CAN_AddTxMessage                     0x08000dcb   Thumb Code   188  stm32f4xx_hal_can.o(i.HAL_CAN_AddTxMessage)
    HAL_CAN_ConfigFilter                     0x08000e89   Thumb Code   262  stm32f4xx_hal_can.o(i.HAL_CAN_ConfigFilter)
    HAL_CAN_ErrorCallback                    0x08000f95   Thumb Code     2  stm32f4xx_hal_can.o(i.HAL_CAN_ErrorCallback)
    HAL_CAN_GetRxMessage                     0x08000f97   Thumb Code   244  stm32f4xx_hal_can.o(i.HAL_CAN_GetRxMessage)
    HAL_CAN_IRQHandler                       0x0800108b   Thumb Code   508  stm32f4xx_hal_can.o(i.HAL_CAN_IRQHandler)
    HAL_CAN_Init                             0x08001287   Thumb Code   282  stm32f4xx_hal_can.o(i.HAL_CAN_Init)
    HAL_CAN_MspInit                          0x080013a1   Thumb Code   226  can.o(i.HAL_CAN_MspInit)
    HAL_CAN_RxFifo0FullCallback              0x0800149d   Thumb Code     2  stm32f4xx_hal_can.o(i.HAL_CAN_RxFifo0FullCallback)
    HAL_CAN_RxFifo0MsgPendingCallback        0x080014a1   Thumb Code   970  can_communicate.o(i.HAL_CAN_RxFifo0MsgPendingCallback)
    HAL_CAN_RxFifo1FullCallback              0x08001899   Thumb Code     2  stm32f4xx_hal_can.o(i.HAL_CAN_RxFifo1FullCallback)
    HAL_CAN_RxFifo1MsgPendingCallback        0x0800189b   Thumb Code     2  stm32f4xx_hal_can.o(i.HAL_CAN_RxFifo1MsgPendingCallback)
    HAL_CAN_SleepCallback                    0x0800189d   Thumb Code     2  stm32f4xx_hal_can.o(i.HAL_CAN_SleepCallback)
    HAL_CAN_Start                            0x080018a1   Thumb Code    88  stm32f4xx_hal_can.o(i.HAL_CAN_Start)
    HAL_CAN_TxMailbox0AbortCallback          0x080018f9   Thumb Code     2  stm32f4xx_hal_can.o(i.HAL_CAN_TxMailbox0AbortCallback)
    HAL_CAN_TxMailbox0CompleteCallback       0x080018fb   Thumb Code     2  stm32f4xx_hal_can.o(i.HAL_CAN_TxMailbox0CompleteCallback)
    HAL_CAN_TxMailbox1AbortCallback          0x080018fd   Thumb Code     2  stm32f4xx_hal_can.o(i.HAL_CAN_TxMailbox1AbortCallback)
    HAL_CAN_TxMailbox1CompleteCallback       0x080018ff   Thumb Code     2  stm32f4xx_hal_can.o(i.HAL_CAN_TxMailbox1CompleteCallback)
    HAL_CAN_TxMailbox2AbortCallback          0x08001901   Thumb Code     2  stm32f4xx_hal_can.o(i.HAL_CAN_TxMailbox2AbortCallback)
    HAL_CAN_TxMailbox2CompleteCallback       0x08001903   Thumb Code     2  stm32f4xx_hal_can.o(i.HAL_CAN_TxMailbox2CompleteCallback)
    HAL_CAN_WakeUpFromRxMsgCallback          0x08001905   Thumb Code     2  stm32f4xx_hal_can.o(i.HAL_CAN_WakeUpFromRxMsgCallback)
    HAL_DMA_Abort                            0x08001907   Thumb Code   146  stm32f4xx_hal_dma.o(i.HAL_DMA_Abort)
    HAL_DMA_Abort_IT                         0x08001999   Thumb Code    36  stm32f4xx_hal_dma.o(i.HAL_DMA_Abort_IT)
    HAL_DMA_IRQHandler                       0x080019bd   Thumb Code   412  stm32f4xx_hal_dma.o(i.HAL_DMA_IRQHandler)
    HAL_DMA_Init                             0x08001b5d   Thumb Code   206  stm32f4xx_hal_dma.o(i.HAL_DMA_Init)
    HAL_GPIO_Init                            0x08001c31   Thumb Code   450  stm32f4xx_hal_gpio.o(i.HAL_GPIO_Init)
    HAL_GetTick                              0x08001e21   Thumb Code     6  stm32f4xx_hal.o(i.HAL_GetTick)
    HAL_IncTick                              0x08001e2d   Thumb Code    12  stm32f4xx_hal.o(i.HAL_IncTick)
    HAL_Init                                 0x08001e3d   Thumb Code    48  stm32f4xx_hal.o(i.HAL_Init)
    HAL_InitTick                             0x08001e71   Thumb Code    54  stm32f4xx_hal.o(i.HAL_InitTick)
    HAL_MspInit                              0x08001eb1   Thumb Code    52  stm32f4xx_hal_msp.o(i.HAL_MspInit)
    HAL_NVIC_EnableIRQ                       0x08001ee9   Thumb Code    26  stm32f4xx_hal_cortex.o(i.HAL_NVIC_EnableIRQ)
    HAL_NVIC_SetPriority                     0x08001f05   Thumb Code    60  stm32f4xx_hal_cortex.o(i.HAL_NVIC_SetPriority)
    HAL_NVIC_SetPriorityGrouping             0x08001f45   Thumb Code    26  stm32f4xx_hal_cortex.o(i.HAL_NVIC_SetPriorityGrouping)
    HAL_RCC_ClockConfig                      0x08001f69   Thumb Code   288  stm32f4xx_hal_rcc.o(i.HAL_RCC_ClockConfig)
    HAL_RCC_GetPCLK1Freq                     0x0800209d   Thumb Code    20  stm32f4xx_hal_rcc.o(i.HAL_RCC_GetPCLK1Freq)
    HAL_RCC_GetPCLK2Freq                     0x080020bd   Thumb Code    20  stm32f4xx_hal_rcc.o(i.HAL_RCC_GetPCLK2Freq)
    HAL_RCC_GetSysClockFreq                  0x080020dd   Thumb Code    88  stm32f4xx_hal_rcc.o(i.HAL_RCC_GetSysClockFreq)
    HAL_RCC_OscConfig                        0x08002141   Thumb Code   856  stm32f4xx_hal_rcc.o(i.HAL_RCC_OscConfig)
    HAL_SYSTICK_Config                       0x080024ad   Thumb Code    40  stm32f4xx_hal_cortex.o(i.HAL_SYSTICK_Config)
    HAL_TIMEx_MasterConfigSynchronization    0x080024d5   Thumb Code   116  stm32f4xx_hal_tim_ex.o(i.HAL_TIMEx_MasterConfigSynchronization)
    HAL_TIM_Base_Init                        0x08002565   Thumb Code    90  stm32f4xx_hal_tim.o(i.HAL_TIM_Base_Init)
    HAL_TIM_Base_MspInit                     0x080025c1   Thumb Code    30  tim.o(i.HAL_TIM_Base_MspInit)
    HAL_TIM_Base_Start                       0x080025e9   Thumb Code    90  stm32f4xx_hal_tim.o(i.HAL_TIM_Base_Start)
    HAL_TIM_ConfigClockSource                0x08002661   Thumb Code   220  stm32f4xx_hal_tim.o(i.HAL_TIM_ConfigClockSource)
    HAL_TIM_MspPostInit                      0x0800273d   Thumb Code    70  tim.o(i.HAL_TIM_MspPostInit)
    HAL_TIM_PWM_ConfigChannel                0x08002791   Thumb Code   204  stm32f4xx_hal_tim.o(i.HAL_TIM_PWM_ConfigChannel)
    HAL_TIM_PWM_Init                         0x0800285d   Thumb Code    90  stm32f4xx_hal_tim.o(i.HAL_TIM_PWM_Init)
    HAL_TIM_PWM_MspInit                      0x080028b7   Thumb Code     2  stm32f4xx_hal_tim.o(i.HAL_TIM_PWM_MspInit)
    HAL_TIM_PWM_Start                        0x080028b9   Thumb Code   172  stm32f4xx_hal_tim.o(i.HAL_TIM_PWM_Start)
    HAL_UARTEx_RxEventCallback               0x08002981   Thumb Code     2  stm32f4xx_hal_uart.o(i.HAL_UARTEx_RxEventCallback)
    HAL_UART_ErrorCallback                   0x08002983   Thumb Code     2  stm32f4xx_hal_uart.o(i.HAL_UART_ErrorCallback)
    HAL_UART_IRQHandler                      0x08002985   Thumb Code   618  stm32f4xx_hal_uart.o(i.HAL_UART_IRQHandler)
    HAL_UART_Init                            0x08002bf5   Thumb Code   100  stm32f4xx_hal_uart.o(i.HAL_UART_Init)
    HAL_UART_MspInit                         0x08002c59   Thumb Code   424  usart.o(i.HAL_UART_MspInit)
    HAL_UART_RxCpltCallback                  0x08002e25   Thumb Code     2  stm32f4xx_hal_uart.o(i.HAL_UART_RxCpltCallback)
    HAL_UART_TxCpltCallback                  0x08002e27   Thumb Code     2  stm32f4xx_hal_uart.o(i.HAL_UART_TxCpltCallback)
    HardFault_Handler                        0x08002e29   Thumb Code     2  stm32f4xx_it.o(i.HardFault_Handler)
    MX_CAN1_Init                             0x08002e2d   Thumb Code    60  can.o(i.MX_CAN1_Init)
    MX_CAN2_Init                             0x08002e71   Thumb Code    60  can.o(i.MX_CAN2_Init)
    MX_DMA_Init                              0x08002eb5   Thumb Code    88  dma.o(i.MX_DMA_Init)
    MX_FREERTOS_Init                         0x08002f11   Thumb Code    74  freertos.o(i.MX_FREERTOS_Init)
    MX_GPIO_Init                             0x08002f65   Thumb Code    86  gpio.o(i.MX_GPIO_Init)
    MX_TIM4_Init                             0x08002fc1   Thumb Code   142  tim.o(i.MX_TIM4_Init)
    MX_USART1_UART_Init                      0x08003059   Thumb Code    46  usart.o(i.MX_USART1_UART_Init)
    MX_USART6_UART_Init                      0x08003095   Thumb Code    46  usart.o(i.MX_USART6_UART_Init)
    MemManage_Handler                        0x080030d1   Thumb Code     2  stm32f4xx_it.o(i.MemManage_Handler)
    NMI_Handler                              0x080030d3   Thumb Code     2  stm32f4xx_it.o(i.NMI_Handler)
    OLS_Derivative                           0x080030d5   Thumb Code   496  user_lib.o(i.OLS_Derivative)
    OLS_Init                                 0x080032c9   Thumb Code    66  user_lib.o(i.OLS_Init)
    PID_Calculate                            0x0800330d   Thumb Code   608  controller.o(i.PID_Calculate)
    PID_Calculate_Angle                      0x0800356d   Thumb Code   620  controller.o(i.PID_Calculate_Angle)
    PID_Init                                 0x080037e1   Thumb Code   110  controller.o(i.PID_Init)
    Set_KP                                   0x0800384f   Thumb Code     8  controller.o(i.Set_KP)
    Sign                                     0x08003859   Thumb Code    38  td.o(i.Sign)
    StartDefaultTask                         0x08003885   Thumb Code     8  freertos.o(i.StartDefaultTask)
    SysTick_Handler                          0x0800388d   Thumb Code    24  stm32f4xx_it.o(i.SysTick_Handler)
    SystemClock_Config                       0x080038a5   Thumb Code   140  main.o(i.SystemClock_Config)
    SystemInit                               0x08003939   Thumb Code    12  system_stm32f4xx.o(i.SystemInit)
    TD_calc                                  0x08003949   Thumb Code   318  td.o(i.TD_calc)
    TD_init                                  0x08003a91   Thumb Code    30  td.o(i.TD_init)
    TD_set_r                                 0x08003ab5   Thumb Code     6  td.o(i.TD_set_r)
    TD_set_x                                 0x08003abb   Thumb Code     6  td.o(i.TD_set_x)
    TIM_Base_SetConfig                       0x08003ac1   Thumb Code   170  stm32f4xx_hal_tim.o(i.TIM_Base_SetConfig)
    TIM_CCxChannelCmd                        0x08003b99   Thumb Code    26  stm32f4xx_hal_tim.o(i.TIM_CCxChannelCmd)
    TIM_ETR_SetConfig                        0x08003bb3   Thumb Code    20  stm32f4xx_hal_tim.o(i.TIM_ETR_SetConfig)
    TIM_OC2_SetConfig                        0x08003c39   Thumb Code    98  stm32f4xx_hal_tim.o(i.TIM_OC2_SetConfig)
    USART1_IRQHandler                        0x08003fd1   Thumb Code     6  stm32f4xx_it.o(i.USART1_IRQHandler)
    USART6_IRQHandler                        0x08003fdd   Thumb Code     6  stm32f4xx_it.o(i.USART6_IRQHandler)
    UsageFault_Handler                       0x08003fe9   Thumb Code     2  stm32f4xx_it.o(i.UsageFault_Handler)
    __hardfp_cosf                            0x0800400d   Thumb Code   280  cosf.o(i.__hardfp_cosf)
    __hardfp_sqrt                            0x0800415d   Thumb Code   122  sqrt_full.o(i.__hardfp_sqrt)
    __mathlib_flt_infnan                     0x080041d7   Thumb Code     6  funder.o(i.__mathlib_flt_infnan)
    __mathlib_flt_invalid                    0x080041dd   Thumb Code    10  funder.o(i.__mathlib_flt_invalid)
    __mathlib_rredf2                         0x080041ed   Thumb Code   316  rredf.o(i.__mathlib_rredf2)
    arm_task                                 0x08004bd9   Thumb Code   836  arm_control_task.o(i.arm_task)
    can_filter_init                          0x08004f41   Thumb Code    80  bsp_can.o(i.can_filter_init)
    float_to_uint                            0x080053c3   Thumb Code    40  can_communicate.o(i.float_to_uint)
    fsg                                      0x080053eb   Thumb Code    40  td.o(i.fsg)
    get_chassis_motor_point                  0x08005415   Thumb Code    12  can_communicate.o(i.get_chassis_motor_point)
    int16_constrain                          0x08005431   Thumb Code    16  user_lib.o(i.int16_constrain)
    loop_fp32_constrain                      0x08005441   Thumb Code    72  user_lib.o(i.loop_fp32_constrain)
    main                                     0x08005489   Thumb Code    70  main.o(i.main)
    osDelay                                  0x080054e1   Thumb Code    14  cmsis_os.o(i.osDelay)
    osKernelStart                            0x080054ef   Thumb Code    10  cmsis_os.o(i.osKernelStart)
    osKernelSysTick                          0x080054f9   Thumb Code    24  cmsis_os.o(i.osKernelSysTick)
    osThreadCreate                           0x08005511   Thumb Code    84  cmsis_os.o(i.osThreadCreate)
    pvPortMalloc                             0x080058b1   Thumb Code   216  heap_4.o(i.pvPortMalloc)
    pxPortInitialiseStack                    0x0800598d   Thumb Code    40  port.o(i.pxPortInitialiseStack)
    return_4310_measure                      0x080059b9   Thumb Code     8  can_communicate.o(i.return_4310_measure)
    uint_to_float                            0x080059c5   Thumb Code    40  can_communicate.o(i.uint_to_float)
    uxListRemove                             0x080059ed   Thumb Code    38  list.o(i.uxListRemove)
    vApplicationGetIdleTaskMemory            0x08005a15   Thumb Code    16  freertos.o(i.vApplicationGetIdleTaskMemory)
    vListInitialise                          0x08005a29   Thumb Code    22  list.o(i.vListInitialise)
    vListInitialiseItem                      0x08005a3f   Thumb Code     6  list.o(i.vListInitialiseItem)
    vListInsert                              0x08005a45   Thumb Code    48  list.o(i.vListInsert)
    vListInsertEnd                           0x08005a75   Thumb Code    24  list.o(i.vListInsertEnd)
    vPortEnterCritical                       0x08005a8d   Thumb Code    54  port.o(i.vPortEnterCritical)
    vPortExitCritical                        0x08005acd   Thumb Code    34  port.o(i.vPortExitCritical)
    vPortFree                                0x08005af5   Thumb Code    94  heap_4.o(i.vPortFree)
    vPortSetupTimerInterrupt                 0x08005b59   Thumb Code    32  port.o(i.vPortSetupTimerInterrupt)
    vPortValidateInterruptPriority           0x08005b7d   Thumb Code    74  port.o(i.vPortValidateInterruptPriority)
    vTaskDelay                               0x08005bd1   Thumb Code    66  tasks.o(i.vTaskDelay)
    vTaskStartScheduler                      0x08005c1d   Thumb Code    90  tasks.o(i.vTaskStartScheduler)
    vTaskSuspendAll                          0x08005c89   Thumb Code    10  tasks.o(i.vTaskSuspendAll)
    vTaskSwitchContext                       0x08005c99   Thumb Code    82  tasks.o(i.vTaskSwitchContext)
    xPortStartScheduler                      0x08005cf5   Thumb Code   222  port.o(i.xPortStartScheduler)
    xPortSysTickHandler                      0x08005de9   Thumb Code    38  port.o(i.xPortSysTickHandler)
    xTaskCreate                              0x08005e15   Thumb Code    90  tasks.o(i.xTaskCreate)
    xTaskCreateStatic                        0x08005e6f   Thumb Code    86  tasks.o(i.xTaskCreateStatic)
    xTaskGetSchedulerState                   0x08005ec5   Thumb Code    22  tasks.o(i.xTaskGetSchedulerState)
    xTaskGetTickCount                        0x08005ee1   Thumb Code     6  tasks.o(i.xTaskGetTickCount)
    xTaskGetTickCountFromISR                 0x08005eed   Thumb Code    12  tasks.o(i.xTaskGetTickCountFromISR)
    xTaskIncrementTick                       0x08005efd   Thumb Code   194  tasks.o(i.xTaskIncrementTick)
    xTaskResumeAll                           0x08005fc9   Thumb Code   182  tasks.o(i.xTaskResumeAll)
    __aeabi_d2f                              0x0800608d   Thumb Code     0  d2f_clz.o(x$fpl$d2f)
    _d2f                                     0x0800608d   Thumb Code   700  d2f_clz.o(x$fpl$d2f)
    __aeabi_dadd                             0x08006351   Thumb Code     0  daddsub_clz.o(x$fpl$dadd)
    _dadd                                    0x08006351   Thumb Code   580  daddsub_clz.o(x$fpl$dadd)
    __dflt_normalise                         0x0800659d   Thumb Code    26  dflt_clz.o(x$fpl$dfltn)
    __aeabi_dmul                             0x080065b9   Thumb Code     0  dmul_clz.o(x$fpl$dmul)
    _dmul                                    0x080065b9   Thumb Code   440  dmul_clz.o(x$fpl$dmul)
    __fpl_dnaninf                            0x08006779   Thumb Code   258  dnaninf.o(x$fpl$dnaninf)
    __fpl_drenorm2                           0x0800687b   Thumb Code   106  drenorm_clz.o(x$fpl$drenorm)
    __fpl_drenorm1                           0x080068e5   Thumb Code     6  drenorm_clz.o(x$fpl$drenorm)
    __fpl_dretinf                            0x080068eb   Thumb Code    12  dretinf.o(x$fpl$dretinf)
    _dsqrt                                   0x080068f9   Thumb Code   520  dsqrt_umaalclz.o(x$fpl$dsqrt)
    __aeabi_dsub                             0x08006b01   Thumb Code     0  daddsub_clz.o(x$fpl$dsub)
    _dsub                                    0x08006b01   Thumb Code   664  daddsub_clz.o(x$fpl$dsub)
    __dunder                                 0x08006d9d   Thumb Code   314  dunder_clz.o(x$fpl$dunder)
    __dunder_d                               0x08006ed7   Thumb Code    64  dunder_clz.o(x$fpl$dunder)
    __fpl_exception                          0x08006f19   Thumb Code   454  except.o(x$fpl$exception)
    __aeabi_f2d                              0x08007105   Thumb Code     0  f2d.o(x$fpl$f2d)
    _f2d                                     0x08007105   Thumb Code   122  f2d.o(x$fpl$f2d)
    __fpl_fnaninf                            0x0800717f   Thumb Code   242  fnaninf.o(x$fpl$fnaninf)
    _fp_init                                 0x08007271   Thumb Code    10  fpinit.o(x$fpl$fpinit)
    __fplib_config_fpu_vfp                   0x08007279   Thumb Code     0  fpinit.o(x$fpl$fpinit)
    __fplib_config_pureend_doubles           0x08007279   Thumb Code     0  fpinit.o(x$fpl$fpinit)
    __fpl_fretinf                            0x0800727b   Thumb Code    10  fretinf.o(x$fpl$fretinf)
    __funder                                 0x08007285   Thumb Code   254  funder_clz.o(x$fpl$funder)
    __funder_d                               0x08007383   Thumb Code    62  funder_clz.o(x$fpl$funder)
    __fpl_return_NaN                         0x080073c1   Thumb Code   178  retnan.o(x$fpl$retnan)
    _fp_trapveneer                           0x08007473   Thumb Code    36  trapv.o(x$fpl$trapveneer)
    __fpl_cmpreturn                          0x08007497   Thumb Code    90  trapv.o(x$fpl$trapveneer)
    __I$use$fp                               0x080074f0   Number         0  usenofp.o(x$fpl$usenofp)
    AHBPrescTable                            0x0800754c   Data          16  system_stm32f4xx.o(.constdata)
    APBPrescTable                            0x0800755c   Data           8  system_stm32f4xx.o(.constdata)
    Region$$Table$$Base                      0x080075b8   Number         0  anon$$obj.o(Region$$Table)
    Region$$Table$$Limit                     0x080075d8   Number         0  anon$$obj.o(Region$$Table)
    defaultTaskHandle                        0x20000000   Data           4  freertos.o(.data)
    ArmTaskHandle                            0x20000004   Data           4  freertos.o(.data)
    BoardscommunicateTaskHandle              0x20000008   Data           4  freertos.o(.data)
    uwTickFreq                               0x20000010   Data           1  stm32f4xx_hal.o(.data)
    uwTickPrio                               0x20000014   Data           4  stm32f4xx_hal.o(.data)
    uwTick                                   0x20000018   Data           4  stm32f4xx_hal.o(.data)
    SystemCoreClock                          0x2000001c   Data           4  system_stm32f4xx.o(.data)
    SysTime                                  0x20000050   Data           8  bsp_dwt.o(.data)
    CYCCNT64                                 0x20000058   Data           8  bsp_dwt.o(.data)
    reposition_count                         0x2000006c   Data           4  arm_control_task.o(.data)
    g_2006                                   0x20000070   Data           4  arm_control_task.o(.data)
    joint6_round                             0x20000074   Data           4  arm_control_task.o(.data)
    roll_angle_set                           0x20000078   Data           4  arm_control_task.o(.data)
    last_roll_angle_set                      0x2000007c   Data           4  arm_control_task.o(.data)
    joint6_position                          0x20000080   Data           4  arm_control_task.o(.data)
    reset_2006_count                         0x20000084   Data           8  arm_control_task.o(.data)
    error_info                               0x2000009c   Data           2  error_check.o(.data)
    tick                                     0x2000009e   Data           2  error_check.o(.data)
    buzzer_psc                               0x200000a0   Data           2  error_check.o(.data)
    buzzer_pwm                               0x200000a2   Data           2  error_check.o(.data)
    pxCurrentTCB                             0x200000a4   Data           4  tasks.o(.data)
    hcan1                                    0x20000360   Data          40  can.o(.bss)
    hcan2                                    0x20000388   Data          40  can.o(.bss)
    htim4                                    0x200003b0   Data          72  tim.o(.bss)
    huart1                                   0x200003f8   Data          72  usart.o(.bss)
    huart6                                   0x20000440   Data          72  usart.o(.bss)
    hdma_usart1_rx                           0x20000488   Data          96  usart.o(.bss)
    hdma_usart1_tx                           0x200004e8   Data          96  usart.o(.bss)
    hdma_usart6_rx                           0x20000548   Data          96  usart.o(.bss)
    hdma_usart6_tx                           0x200005a8   Data          96  usart.o(.bss)
    arm                                      0x20000608   Data         964  arm_control_task.o(.bss)
    tx_message_mp                            0x200009cc   Data          24  boards_communicate_task.o(.bss)
    motor_2006                               0x200009e4   Data          20  can_communicate.o(.bss)
    DM_motor                                 0x200009f8   Data          64  can_communicate.o(.bss)
    board_message_temp                       0x20000a38   Data          32  can_communicate.o(.bss)
    board_message                            0x20000a58   Data          32  can_communicate.o(.bss)
    __libspace_start                         0x20004798   Data          96  libspace.o(.bss)
    __temporary_stack_top$libspace           0x200047f8   Data           0  libspace.o(.bss)



==============================================================================

Memory Map of the image

  Image Entry point : 0x08000189

  Load Region LR_IROM1 (Base: 0x08000000, Size: 0x000076e4, Max: 0x00100000, ABSOLUTE)

    Execution Region ER_IROM1 (Exec base: 0x08000000, Load base: 0x08000000, Size: 0x000075d8, Max: 0x00100000, ABSOLUTE)

    Exec Addr    Load Addr    Size         Type   Attr      Idx    E Section Name        Object

    0x08000000   0x08000000   0x00000188   Data   RO            3    RESET               startup_stm32f407xx.o
    0x08000188   0x08000188   0x00000008   Code   RO         6107  * !!!main             c_w.l(__main.o)
    0x08000190   0x08000190   0x00000034   Code   RO         6541    !!!scatter          c_w.l(__scatter.o)
    0x080001c4   0x080001c4   0x0000001a   Code   RO         6543    !!handler_copy      c_w.l(__scatter_copy.o)
    0x080001de   0x080001de   0x00000002   PAD
    0x080001e0   0x080001e0   0x0000001c   Code   RO         6545    !!handler_zi        c_w.l(__scatter_zi.o)
    0x080001fc   0x080001fc   0x00000002   Code   RO         6480    .ARM.Collect$$libinit$$00000000  c_w.l(libinit.o)
    0x080001fe   0x080001fe   0x00000004   Code   RO         6269    .ARM.Collect$$libinit$$00000001  c_w.l(libinit2.o)
    0x08000202   0x08000202   0x00000000   Code   RO         6272    .ARM.Collect$$libinit$$00000004  c_w.l(libinit2.o)
    0x08000202   0x08000202   0x00000008   Code   RO         6273    .ARM.Collect$$libinit$$00000005  c_w.l(libinit2.o)
    0x0800020a   0x0800020a   0x00000000   Code   RO         6275    .ARM.Collect$$libinit$$0000000A  c_w.l(libinit2.o)
    0x0800020a   0x0800020a   0x00000000   Code   RO         6277    .ARM.Collect$$libinit$$0000000C  c_w.l(libinit2.o)
    0x0800020a   0x0800020a   0x00000000   Code   RO         6279    .ARM.Collect$$libinit$$0000000E  c_w.l(libinit2.o)
    0x0800020a   0x0800020a   0x00000000   Code   RO         6282    .ARM.Collect$$libinit$$00000011  c_w.l(libinit2.o)
    0x0800020a   0x0800020a   0x00000000   Code   RO         6284    .ARM.Collect$$libinit$$00000013  c_w.l(libinit2.o)
    0x0800020a   0x0800020a   0x00000000   Code   RO         6286    .ARM.Collect$$libinit$$00000015  c_w.l(libinit2.o)
    0x0800020a   0x0800020a   0x00000000   Code   RO         6288    .ARM.Collect$$libinit$$00000017  c_w.l(libinit2.o)
    0x0800020a   0x0800020a   0x00000000   Code   RO         6290    .ARM.Collect$$libinit$$00000019  c_w.l(libinit2.o)
    0x0800020a   0x0800020a   0x00000000   Code   RO         6292    .ARM.Collect$$libinit$$0000001B  c_w.l(libinit2.o)
    0x0800020a   0x0800020a   0x00000000   Code   RO         6294    .ARM.Collect$$libinit$$0000001D  c_w.l(libinit2.o)
    0x0800020a   0x0800020a   0x00000000   Code   RO         6296    .ARM.Collect$$libinit$$0000001F  c_w.l(libinit2.o)
    0x0800020a   0x0800020a   0x00000000   Code   RO         6298    .ARM.Collect$$libinit$$00000021  c_w.l(libinit2.o)
    0x0800020a   0x0800020a   0x00000000   Code   RO         6300    .ARM.Collect$$libinit$$00000023  c_w.l(libinit2.o)
    0x0800020a   0x0800020a   0x00000000   Code   RO         6302    .ARM.Collect$$libinit$$00000025  c_w.l(libinit2.o)
    0x0800020a   0x0800020a   0x00000000   Code   RO         6306    .ARM.Collect$$libinit$$0000002C  c_w.l(libinit2.o)
    0x0800020a   0x0800020a   0x00000000   Code   RO         6308    .ARM.Collect$$libinit$$0000002E  c_w.l(libinit2.o)
    0x0800020a   0x0800020a   0x00000000   Code   RO         6310    .ARM.Collect$$libinit$$00000030  c_w.l(libinit2.o)
    0x0800020a   0x0800020a   0x00000000   Code   RO         6312    .ARM.Collect$$libinit$$00000032  c_w.l(libinit2.o)
    0x0800020a   0x0800020a   0x00000002   Code   RO         6313    .ARM.Collect$$libinit$$00000033  c_w.l(libinit2.o)
    0x0800020c   0x0800020c   0x00000002   Code   RO         6538    .ARM.Collect$$libshutdown$$00000000  c_w.l(libshutdown.o)
    0x0800020e   0x0800020e   0x00000000   Code   RO         6496    .ARM.Collect$$libshutdown$$00000002  c_w.l(libshutdown2.o)
    0x0800020e   0x0800020e   0x00000000   Code   RO         6498    .ARM.Collect$$libshutdown$$00000004  c_w.l(libshutdown2.o)
    0x0800020e   0x0800020e   0x00000000   Code   RO         6501    .ARM.Collect$$libshutdown$$00000007  c_w.l(libshutdown2.o)
    0x0800020e   0x0800020e   0x00000000   Code   RO         6504    .ARM.Collect$$libshutdown$$0000000A  c_w.l(libshutdown2.o)
    0x0800020e   0x0800020e   0x00000000   Code   RO         6506    .ARM.Collect$$libshutdown$$0000000C  c_w.l(libshutdown2.o)
    0x0800020e   0x0800020e   0x00000000   Code   RO         6509    .ARM.Collect$$libshutdown$$0000000F  c_w.l(libshutdown2.o)
    0x0800020e   0x0800020e   0x00000002   Code   RO         6510    .ARM.Collect$$libshutdown$$00000010  c_w.l(libshutdown2.o)
    0x08000210   0x08000210   0x00000000   Code   RO         6229    .ARM.Collect$$rtentry$$00000000  c_w.l(__rtentry.o)
    0x08000210   0x08000210   0x00000000   Code   RO         6392    .ARM.Collect$$rtentry$$00000002  c_w.l(__rtentry2.o)
    0x08000210   0x08000210   0x00000006   Code   RO         6404    .ARM.Collect$$rtentry$$00000004  c_w.l(__rtentry4.o)
    0x08000216   0x08000216   0x00000000   Code   RO         6394    .ARM.Collect$$rtentry$$00000009  c_w.l(__rtentry2.o)
    0x08000216   0x08000216   0x00000004   Code   RO         6395    .ARM.Collect$$rtentry$$0000000A  c_w.l(__rtentry2.o)
    0x0800021a   0x0800021a   0x00000000   Code   RO         6397    .ARM.Collect$$rtentry$$0000000C  c_w.l(__rtentry2.o)
    0x0800021a   0x0800021a   0x00000008   Code   RO         6398    .ARM.Collect$$rtentry$$0000000D  c_w.l(__rtentry2.o)
    0x08000222   0x08000222   0x00000002   Code   RO         6483    .ARM.Collect$$rtexit$$00000000  c_w.l(rtexit.o)
    0x08000224   0x08000224   0x00000000   Code   RO         6514    .ARM.Collect$$rtexit$$00000002  c_w.l(rtexit2.o)
    0x08000224   0x08000224   0x00000004   Code   RO         6515    .ARM.Collect$$rtexit$$00000003  c_w.l(rtexit2.o)
    0x08000228   0x08000228   0x00000006   Code   RO         6516    .ARM.Collect$$rtexit$$00000004  c_w.l(rtexit2.o)
    0x0800022e   0x0800022e   0x00000002   PAD
    0x08000230   0x08000230   0x000000be   Code   RO         5799    .emb_text           port.o
    0x080002ee   0x080002ee   0x00000002   PAD
    0x080002f0   0x080002f0   0x00000000   Code   RO         6415    .emb_text           c_w.l(maybetermalloc1.o)
    0x080002f0   0x080002f0   0x00000040   Code   RO            4    .text               startup_stm32f407xx.o
    0x08000330   0x08000330   0x0000005e   Code   RO         6039    .text               c_w.l(h1_alloc.o)
    0x0800038e   0x0800038e   0x000000ee   Code   RO         6093    .text               c_w.l(lludivv7m.o)
    0x0800047c   0x0800047c   0x00000064   Code   RO         6097    .text               c_w.l(rt_memcpy_w.o)
    0x080004e0   0x080004e0   0x00000044   Code   RO         6101    .text               c_w.l(rt_memclr.o)
    0x08000524   0x08000524   0x0000004e   Code   RO         6103    .text               c_w.l(rt_memclr_w.o)
    0x08000572   0x08000572   0x00000006   Code   RO         6105    .text               c_w.l(heapauxi.o)
    0x08000578   0x08000578   0x00000008   Code   RO         6237    .text               c_w.l(rt_heap_descriptor_intlibspace.o)
    0x08000580   0x08000580   0x00000004   Code   RO         6239    .text               c_w.l(hguard.o)
    0x08000584   0x08000584   0x0000008a   Code   RO         6241    .text               c_w.l(init_alloc.o)
    0x0800060e   0x0800060e   0x0000000e   Code   RO         6247    .text               c_w.l(h1_init.o)
    0x0800061c   0x0800061c   0x0000004e   Code   RO         6249    .text               c_w.l(h1_free.o)
    0x0800066a   0x0800066a   0x00000016   Code   RO         6265    .text               c_w.l(_rserrno.o)
    0x08000680   0x08000680   0x00000008   Code   RO         6388    .text               c_w.l(libspace.o)
    0x08000688   0x08000688   0x00000008   Code   RO         6411    .text               c_w.l(rt_errno_addr_intlibspace.o)
    0x08000690   0x08000690   0x00000034   Code   RO         6417    .text               c_w.l(h1_extend.o)
    0x080006c4   0x080006c4   0x00000030   Code   RO         6421    .text               c_w.l(_fptrap.o)
    0x080006f4   0x080006f4   0x0000000e   Code   RO         6423    .text               c_w.l(defsig_rtmem_outer.o)
    0x08000702   0x08000702   0x00000002   Code   RO         6452    .text               c_w.l(use_no_semi.o)
    0x08000704   0x08000704   0x00000000   Code   RO         6454    .text               c_w.l(indicate_semi.o)
    0x08000704   0x08000704   0x0000004a   Code   RO         6455    .text               c_w.l(sys_stackheap_outer.o)
    0x0800074e   0x0800074e   0x00000012   Code   RO         6461    .text               c_w.l(exit.o)
    0x08000760   0x08000760   0x0000000a   Code   RO         6463    .text               c_w.l(defsig_exit.o)
    0x0800076a   0x0800076a   0x0000000e   Code   RO         6465    .text               c_w.l(defsig_fpe_outer.o)
    0x08000778   0x08000778   0x00000050   Code   RO         6469    .text               c_w.l(defsig_rtmem_inner.o)
    0x080007c8   0x080007c8   0x0000000c   Code   RO         6481    .text               c_w.l(sys_exit.o)
    0x080007d4   0x080007d4   0x00000032   Code   RO         6491    .text               c_w.l(defsig_general.o)
    0x08000806   0x08000806   0x00000002   PAD
    0x08000808   0x08000808   0x000000ac   Code   RO         6493    .text               c_w.l(defsig_fpe_inner.o)
    0x080008b4   0x080008b4   0x0000000e   Code   RO         6511    .text               c_w.l(sys_wrch.o)
    0x080008c2   0x080008c2   0x00000002   PAD
    0x080008c4   0x080008c4   0x00000054   Code   RO         4386    i.A_communicate_task  boards_communicate_task.o
    0x08000918   0x08000918   0x00000002   Code   RO          504    i.BusFault_Handler  stm32f4xx_it.o
    0x0800091a   0x0800091a   0x00000002   PAD
    0x0800091c   0x0800091c   0x0000000c   Code   RO          505    i.CAN1_RX0_IRQHandler  stm32f4xx_it.o
    0x08000928   0x08000928   0x0000000c   Code   RO          506    i.CAN2_RX0_IRQHandler  stm32f4xx_it.o
    0x08000934   0x08000934   0x000000b4   Code   RO         4422    i.CAN_board_communicate_can2_0  can_communicate.o
    0x080009e8   0x080009e8   0x00000088   Code   RO         4423    i.CAN_board_communicate_can2_1  can_communicate.o
    0x08000a70   0x08000a70   0x00000044   Code   RO         4424    i.CAN_cmd_2006      can_communicate.o
    0x08000ab4   0x08000ab4   0x00000044   Code   RO         4426    i.CAN_cmd_4310_disable  can_communicate.o
    0x08000af8   0x08000af8   0x00000044   Code   RO         4427    i.CAN_cmd_4310_enable  can_communicate.o
    0x08000b3c   0x08000b3c   0x000000d0   Code   RO         4428    i.CAN_cmd_4310_mit  can_communicate.o
    0x08000c0c   0x08000c0c   0x0000000c   Code   RO          507    i.DMA2_Stream1_IRQHandler  stm32f4xx_it.o
    0x08000c18   0x08000c18   0x0000000c   Code   RO          508    i.DMA2_Stream2_IRQHandler  stm32f4xx_it.o
    0x08000c24   0x08000c24   0x0000000c   Code   RO          509    i.DMA2_Stream6_IRQHandler  stm32f4xx_it.o
    0x08000c30   0x08000c30   0x0000000c   Code   RO          510    i.DMA2_Stream7_IRQHandler  stm32f4xx_it.o
    0x08000c3c   0x08000c3c   0x00000028   Code   RO         1333    i.DMA_CalcBaseAndBitshift  stm32f4xx_hal_dma.o
    0x08000c64   0x08000c64   0x00000054   Code   RO         1334    i.DMA_CheckFifoParam  stm32f4xx_hal_dma.o
    0x08000cb8   0x08000cb8   0x00000028   Code   RO         3426    i.DWT_CNT_Update    bsp_dwt.o
    0x08000ce0   0x08000ce0   0x00000034   Code   RO         3427    i.DWT_Delay         bsp_dwt.o
    0x08000d14   0x08000d14   0x00000044   Code   RO         3428    i.DWT_GetDeltaT     bsp_dwt.o
    0x08000d58   0x08000d58   0x00000048   Code   RO         3433    i.DWT_Init          bsp_dwt.o
    0x08000da0   0x08000da0   0x00000002   Code   RO          511    i.DebugMon_Handler  stm32f4xx_it.o
    0x08000da2   0x08000da2   0x00000004   Code   RO           13    i.Error_Handler     main.o
    0x08000da6   0x08000da6   0x00000024   Code   RO          641    i.HAL_CAN_ActivateNotification  stm32f4xx_hal_can.o
    0x08000dca   0x08000dca   0x000000bc   Code   RO          642    i.HAL_CAN_AddTxMessage  stm32f4xx_hal_can.o
    0x08000e86   0x08000e86   0x00000002   PAD
    0x08000e88   0x08000e88   0x0000010c   Code   RO          643    i.HAL_CAN_ConfigFilter  stm32f4xx_hal_can.o
    0x08000f94   0x08000f94   0x00000002   Code   RO          646    i.HAL_CAN_ErrorCallback  stm32f4xx_hal_can.o
    0x08000f96   0x08000f96   0x000000f4   Code   RO          649    i.HAL_CAN_GetRxMessage  stm32f4xx_hal_can.o
    0x0800108a   0x0800108a   0x000001fc   Code   RO          653    i.HAL_CAN_IRQHandler  stm32f4xx_hal_can.o
    0x08001286   0x08001286   0x0000011a   Code   RO          654    i.HAL_CAN_Init      stm32f4xx_hal_can.o
    0x080013a0   0x080013a0   0x000000fc   Code   RO          336    i.HAL_CAN_MspInit   can.o
    0x0800149c   0x0800149c   0x00000002   Code   RO          661    i.HAL_CAN_RxFifo0FullCallback  stm32f4xx_hal_can.o
    0x0800149e   0x0800149e   0x00000002   PAD
    0x080014a0   0x080014a0   0x000003f8   Code   RO         4429    i.HAL_CAN_RxFifo0MsgPendingCallback  can_communicate.o
    0x08001898   0x08001898   0x00000002   Code   RO          663    i.HAL_CAN_RxFifo1FullCallback  stm32f4xx_hal_can.o
    0x0800189a   0x0800189a   0x00000002   Code   RO          664    i.HAL_CAN_RxFifo1MsgPendingCallback  stm32f4xx_hal_can.o
    0x0800189c   0x0800189c   0x00000002   Code   RO          665    i.HAL_CAN_SleepCallback  stm32f4xx_hal_can.o
    0x0800189e   0x0800189e   0x00000002   PAD
    0x080018a0   0x080018a0   0x00000058   Code   RO          666    i.HAL_CAN_Start     stm32f4xx_hal_can.o
    0x080018f8   0x080018f8   0x00000002   Code   RO          668    i.HAL_CAN_TxMailbox0AbortCallback  stm32f4xx_hal_can.o
    0x080018fa   0x080018fa   0x00000002   Code   RO          669    i.HAL_CAN_TxMailbox0CompleteCallback  stm32f4xx_hal_can.o
    0x080018fc   0x080018fc   0x00000002   Code   RO          670    i.HAL_CAN_TxMailbox1AbortCallback  stm32f4xx_hal_can.o
    0x080018fe   0x080018fe   0x00000002   Code   RO          671    i.HAL_CAN_TxMailbox1CompleteCallback  stm32f4xx_hal_can.o
    0x08001900   0x08001900   0x00000002   Code   RO          672    i.HAL_CAN_TxMailbox2AbortCallback  stm32f4xx_hal_can.o
    0x08001902   0x08001902   0x00000002   Code   RO          673    i.HAL_CAN_TxMailbox2CompleteCallback  stm32f4xx_hal_can.o
    0x08001904   0x08001904   0x00000002   Code   RO          675    i.HAL_CAN_WakeUpFromRxMsgCallback  stm32f4xx_hal_can.o
    0x08001906   0x08001906   0x00000092   Code   RO         1336    i.HAL_DMA_Abort     stm32f4xx_hal_dma.o
    0x08001998   0x08001998   0x00000024   Code   RO         1337    i.HAL_DMA_Abort_IT  stm32f4xx_hal_dma.o
    0x080019bc   0x080019bc   0x000001a0   Code   RO         1341    i.HAL_DMA_IRQHandler  stm32f4xx_hal_dma.o
    0x08001b5c   0x08001b5c   0x000000d4   Code   RO         1342    i.HAL_DMA_Init      stm32f4xx_hal_dma.o
    0x08001c30   0x08001c30   0x000001f0   Code   RO         1229    i.HAL_GPIO_Init     stm32f4xx_hal_gpio.o
    0x08001e20   0x08001e20   0x0000000c   Code   RO         1779    i.HAL_GetTick       stm32f4xx_hal.o
    0x08001e2c   0x08001e2c   0x00000010   Code   RO         1785    i.HAL_IncTick       stm32f4xx_hal.o
    0x08001e3c   0x08001e3c   0x00000034   Code   RO         1786    i.HAL_Init          stm32f4xx_hal.o
    0x08001e70   0x08001e70   0x00000040   Code   RO         1787    i.HAL_InitTick      stm32f4xx_hal.o
    0x08001eb0   0x08001eb0   0x00000038   Code   RO          616    i.HAL_MspInit       stm32f4xx_hal_msp.o
    0x08001ee8   0x08001ee8   0x0000001a   Code   RO         1621    i.HAL_NVIC_EnableIRQ  stm32f4xx_hal_cortex.o
    0x08001f02   0x08001f02   0x00000002   PAD
    0x08001f04   0x08001f04   0x00000040   Code   RO         1627    i.HAL_NVIC_SetPriority  stm32f4xx_hal_cortex.o
    0x08001f44   0x08001f44   0x00000024   Code   RO         1628    i.HAL_NVIC_SetPriorityGrouping  stm32f4xx_hal_cortex.o
    0x08001f68   0x08001f68   0x00000134   Code   RO          875    i.HAL_RCC_ClockConfig  stm32f4xx_hal_rcc.o
    0x0800209c   0x0800209c   0x00000020   Code   RO          882    i.HAL_RCC_GetPCLK1Freq  stm32f4xx_hal_rcc.o
    0x080020bc   0x080020bc   0x00000020   Code   RO          883    i.HAL_RCC_GetPCLK2Freq  stm32f4xx_hal_rcc.o
    0x080020dc   0x080020dc   0x00000064   Code   RO          884    i.HAL_RCC_GetSysClockFreq  stm32f4xx_hal_rcc.o
    0x08002140   0x08002140   0x0000036c   Code   RO          887    i.HAL_RCC_OscConfig  stm32f4xx_hal_rcc.o
    0x080024ac   0x080024ac   0x00000028   Code   RO         1632    i.HAL_SYSTICK_Config  stm32f4xx_hal_cortex.o
    0x080024d4   0x080024d4   0x00000090   Code   RO         2749    i.HAL_TIMEx_MasterConfigSynchronization  stm32f4xx_hal_tim_ex.o
    0x08002564   0x08002564   0x0000005a   Code   RO         2026    i.HAL_TIM_Base_Init  stm32f4xx_hal_tim.o
    0x080025be   0x080025be   0x00000002   PAD
    0x080025c0   0x080025c0   0x00000028   Code   RO          409    i.HAL_TIM_Base_MspInit  tim.o
    0x080025e8   0x080025e8   0x00000078   Code   RO         2029    i.HAL_TIM_Base_Start  stm32f4xx_hal_tim.o
    0x08002660   0x08002660   0x000000dc   Code   RO         2035    i.HAL_TIM_ConfigClockSource  stm32f4xx_hal_tim.o
    0x0800273c   0x0800273c   0x00000054   Code   RO          410    i.HAL_TIM_MspPostInit  tim.o
    0x08002790   0x08002790   0x000000cc   Code   RO         2098    i.HAL_TIM_PWM_ConfigChannel  stm32f4xx_hal_tim.o
    0x0800285c   0x0800285c   0x0000005a   Code   RO         2101    i.HAL_TIM_PWM_Init  stm32f4xx_hal_tim.o
    0x080028b6   0x080028b6   0x00000002   Code   RO         2103    i.HAL_TIM_PWM_MspInit  stm32f4xx_hal_tim.o
    0x080028b8   0x080028b8   0x000000c8   Code   RO         2106    i.HAL_TIM_PWM_Start  stm32f4xx_hal_tim.o
    0x08002980   0x08002980   0x00000002   Code   RO         3009    i.HAL_UARTEx_RxEventCallback  stm32f4xx_hal_uart.o
    0x08002982   0x08002982   0x00000002   Code   RO         3023    i.HAL_UART_ErrorCallback  stm32f4xx_hal_uart.o
    0x08002984   0x08002984   0x00000270   Code   RO         3026    i.HAL_UART_IRQHandler  stm32f4xx_hal_uart.o
    0x08002bf4   0x08002bf4   0x00000064   Code   RO         3027    i.HAL_UART_Init     stm32f4xx_hal_uart.o
    0x08002c58   0x08002c58   0x000001cc   Code   RO          457    i.HAL_UART_MspInit  usart.o
    0x08002e24   0x08002e24   0x00000002   Code   RO         3033    i.HAL_UART_RxCpltCallback  stm32f4xx_hal_uart.o
    0x08002e26   0x08002e26   0x00000002   Code   RO         3038    i.HAL_UART_TxCpltCallback  stm32f4xx_hal_uart.o
    0x08002e28   0x08002e28   0x00000002   Code   RO          512    i.HardFault_Handler  stm32f4xx_it.o
    0x08002e2a   0x08002e2a   0x00000002   PAD
    0x08002e2c   0x08002e2c   0x00000044   Code   RO          337    i.MX_CAN1_Init      can.o
    0x08002e70   0x08002e70   0x00000044   Code   RO          338    i.MX_CAN2_Init      can.o
    0x08002eb4   0x08002eb4   0x0000005c   Code   RO          384    i.MX_DMA_Init       dma.o
    0x08002f10   0x08002f10   0x00000054   Code   RO          240    i.MX_FREERTOS_Init  freertos.o
    0x08002f64   0x08002f64   0x0000005c   Code   RO          216    i.MX_GPIO_Init      gpio.o
    0x08002fc0   0x08002fc0   0x00000098   Code   RO          411    i.MX_TIM4_Init      tim.o
    0x08003058   0x08003058   0x0000003c   Code   RO          458    i.MX_USART1_UART_Init  usart.o
    0x08003094   0x08003094   0x0000003c   Code   RO          459    i.MX_USART6_UART_Init  usart.o
    0x080030d0   0x080030d0   0x00000002   Code   RO          513    i.MemManage_Handler  stm32f4xx_it.o
    0x080030d2   0x080030d2   0x00000002   Code   RO          514    i.NMI_Handler       stm32f4xx_it.o
    0x080030d4   0x080030d4   0x000001f4   Code   RO         3804    i.OLS_Derivative    user_lib.o
    0x080032c8   0x080032c8   0x00000042   Code   RO         3805    i.OLS_Init          user_lib.o
    0x0800330a   0x0800330a   0x00000002   PAD
    0x0800330c   0x0800330c   0x00000260   Code   RO         3983    i.PID_Calculate     controller.o
    0x0800356c   0x0800356c   0x00000274   Code   RO         3984    i.PID_Calculate_Angle  controller.o
    0x080037e0   0x080037e0   0x0000006e   Code   RO         3985    i.PID_Init          controller.o
    0x0800384e   0x0800384e   0x00000008   Code   RO         3986    i.Set_KP            controller.o
    0x08003856   0x08003856   0x00000002   PAD
    0x08003858   0x08003858   0x0000002c   Code   RO         4136    i.Sign              td.o
    0x08003884   0x08003884   0x00000008   Code   RO          241    i.StartDefaultTask  freertos.o
    0x0800388c   0x0800388c   0x00000018   Code   RO          515    i.SysTick_Handler   stm32f4xx_it.o
    0x080038a4   0x080038a4   0x00000094   Code   RO           14    i.SystemClock_Config  main.o
    0x08003938   0x08003938   0x00000010   Code   RO         3361    i.SystemInit        system_stm32f4xx.o
    0x08003948   0x08003948   0x00000148   Code   RO         4137    i.TD_calc           td.o
    0x08003a90   0x08003a90   0x00000024   Code   RO         4139    i.TD_init           td.o
    0x08003ab4   0x08003ab4   0x00000006   Code   RO         4140    i.TD_set_r          td.o
    0x08003aba   0x08003aba   0x00000006   Code   RO         4141    i.TD_set_x          td.o
    0x08003ac0   0x08003ac0   0x000000d8   Code   RO         2119    i.TIM_Base_SetConfig  stm32f4xx_hal_tim.o
    0x08003b98   0x08003b98   0x0000001a   Code   RO         2120    i.TIM_CCxChannelCmd  stm32f4xx_hal_tim.o
    0x08003bb2   0x08003bb2   0x00000014   Code   RO         2130    i.TIM_ETR_SetConfig  stm32f4xx_hal_tim.o
    0x08003bc6   0x08003bc6   0x00000010   Code   RO         2131    i.TIM_ITRx_SetConfig  stm32f4xx_hal_tim.o
    0x08003bd6   0x08003bd6   0x00000002   PAD
    0x08003bd8   0x08003bd8   0x00000060   Code   RO         2132    i.TIM_OC1_SetConfig  stm32f4xx_hal_tim.o
    0x08003c38   0x08003c38   0x0000006c   Code   RO         2133    i.TIM_OC2_SetConfig  stm32f4xx_hal_tim.o
    0x08003ca4   0x08003ca4   0x00000068   Code   RO         2134    i.TIM_OC3_SetConfig  stm32f4xx_hal_tim.o
    0x08003d0c   0x08003d0c   0x00000050   Code   RO         2135    i.TIM_OC4_SetConfig  stm32f4xx_hal_tim.o
    0x08003d5c   0x08003d5c   0x00000022   Code   RO         2137    i.TIM_TI1_ConfigInputStage  stm32f4xx_hal_tim.o
    0x08003d7e   0x08003d7e   0x00000024   Code   RO         2139    i.TIM_TI2_ConfigInputStage  stm32f4xx_hal_tim.o
    0x08003da2   0x08003da2   0x00000010   Code   RO         3040    i.UART_DMAAbortOnError  stm32f4xx_hal_uart.o
    0x08003db2   0x08003db2   0x0000004e   Code   RO         3050    i.UART_EndRxTransfer  stm32f4xx_hal_uart.o
    0x08003e00   0x08003e00   0x000000c2   Code   RO         3052    i.UART_Receive_IT   stm32f4xx_hal_uart.o
    0x08003ec2   0x08003ec2   0x00000002   PAD
    0x08003ec4   0x08003ec4   0x0000010c   Code   RO         3053    i.UART_SetConfig    stm32f4xx_hal_uart.o
    0x08003fd0   0x08003fd0   0x0000000c   Code   RO          516    i.USART1_IRQHandler  stm32f4xx_it.o
    0x08003fdc   0x08003fdc   0x0000000c   Code   RO          517    i.USART6_IRQHandler  stm32f4xx_it.o
    0x08003fe8   0x08003fe8   0x00000002   Code   RO          518    i.UsageFault_Handler  stm32f4xx_it.o
    0x08003fea   0x08003fea   0x00000020   Code   RO         1634    i.__NVIC_SetPriority  stm32f4xx_hal_cortex.o
    0x0800400a   0x0800400a   0x00000002   PAD
    0x0800400c   0x0800400c   0x00000150   Code   RO         6167    i.__hardfp_cosf     m_wm.l(cosf.o)
    0x0800415c   0x0800415c   0x0000007a   Code   RO         6203    i.__hardfp_sqrt     m_wm.l(sqrt_full.o)
    0x080041d6   0x080041d6   0x00000006   Code   RO         6359    i.__mathlib_flt_infnan  m_wm.l(funder.o)
    0x080041dc   0x080041dc   0x00000010   Code   RO         6361    i.__mathlib_flt_invalid  m_wm.l(funder.o)
    0x080041ec   0x080041ec   0x00000154   Code   RO         6377    i.__mathlib_rredf2  m_wm.l(rredf.o)
    0x08004340   0x08004340   0x000002d4   Code   RO         4202    i.arm_control_init  arm_control_task.o
    0x08004614   0x08004614   0x000001cc   Code   RO         4203    i.arm_control_loop  arm_control_task.o
    0x080047e0   0x080047e0   0x0000017c   Code   RO         4204    i.arm_feedback_update  arm_control_task.o
    0x0800495c   0x0800495c   0x00000148   Code   RO         4205    i.arm_set_control   arm_control_task.o
    0x08004aa4   0x08004aa4   0x00000134   Code   RO         4206    i.arm_set_mode      arm_control_task.o
    0x08004bd8   0x08004bd8   0x00000368   Code   RO         4207    i.arm_task          arm_control_task.o
    0x08004f40   0x08004f40   0x00000058   Code   RO         3398    i.can_filter_init   bsp_can.o
    0x08004f98   0x08004f98   0x000000b2   Code   RO         3987    i.f_Changing_Integration_Rate  controller.o
    0x0800504a   0x0800504a   0x0000004e   Code   RO         3988    i.f_Derivative_Filter  controller.o
    0x08005098   0x08005098   0x000000ba   Code   RO         3989    i.f_Derivative_On_Measurement  controller.o
    0x08005152   0x08005152   0x0000009a   Code   RO         3990    i.f_Integral_Limit  controller.o
    0x080051ec   0x080051ec   0x0000004e   Code   RO         3991    i.f_Output_Filter   controller.o
    0x0800523a   0x0800523a   0x00000040   Code   RO         3992    i.f_Output_Limit    controller.o
    0x0800527a   0x0800527a   0x00000002   PAD
    0x0800527c   0x0800527c   0x000000a4   Code   RO         3993    i.f_PID_ErrorHandle  controller.o
    0x08005320   0x08005320   0x00000040   Code   RO         3994    i.f_Proportion_Limit  controller.o
    0x08005360   0x08005360   0x00000062   Code   RO         3995    i.f_Trapezoid_Intergral  controller.o
    0x080053c2   0x080053c2   0x00000028   Code   RO         4430    i.float_to_uint     can_communicate.o
    0x080053ea   0x080053ea   0x00000028   Code   RO         4142    i.fsg               td.o
    0x08005412   0x08005412   0x00000002   PAD
    0x08005414   0x08005414   0x00000010   Code   RO         4431    i.get_chassis_motor_point  can_communicate.o
    0x08005424   0x08005424   0x0000000c   Code   RO         5363    i.inHandlerMode     cmsis_os.o
    0x08005430   0x08005430   0x00000010   Code   RO         3814    i.int16_constrain   user_lib.o
    0x08005440   0x08005440   0x00000048   Code   RO         3817    i.loop_fp32_constrain  user_lib.o
    0x08005488   0x08005488   0x0000004c   Code   RO           15    i.main              main.o
    0x080054d4   0x080054d4   0x0000000c   Code   RO         5365    i.makeFreeRtosPriority  cmsis_os.o
    0x080054e0   0x080054e0   0x0000000e   Code   RO         5367    i.osDelay           cmsis_os.o
    0x080054ee   0x080054ee   0x0000000a   Code   RO         5370    i.osKernelStart     cmsis_os.o
    0x080054f8   0x080054f8   0x00000018   Code   RO         5371    i.osKernelSysTick   cmsis_os.o
    0x08005510   0x08005510   0x00000054   Code   RO         5404    i.osThreadCreate    cmsis_os.o
    0x08005564   0x08005564   0x00000070   Code   RO         5047    i.prvAddCurrentTaskToDelayedList  tasks.o
    0x080055d4   0x080055d4   0x000000d0   Code   RO         5048    i.prvAddNewTaskToReadyList  tasks.o
    0x080056a4   0x080056a4   0x00000034   Code   RO         5049    i.prvDeleteTCB      tasks.o
    0x080056d8   0x080056d8   0x0000004c   Code   RO         5732    i.prvHeapInit       heap_4.o
    0x08005724   0x08005724   0x00000060   Code   RO         5050    i.prvIdleTask       tasks.o
    0x08005784   0x08005784   0x00000098   Code   RO         5051    i.prvInitialiseNewTask  tasks.o
    0x0800581c   0x0800581c   0x0000004c   Code   RO         5733    i.prvInsertBlockIntoFreeList  heap_4.o
    0x08005868   0x08005868   0x00000020   Code   RO         5052    i.prvResetNextTaskUnblockTime  tasks.o
    0x08005888   0x08005888   0x00000028   Code   RO         5800    i.prvTaskExitError  port.o
    0x080058b0   0x080058b0   0x000000dc   Code   RO         5734    i.pvPortMalloc      heap_4.o
    0x0800598c   0x0800598c   0x0000002c   Code   RO         5801    i.pxPortInitialiseStack  port.o
    0x080059b8   0x080059b8   0x0000000c   Code   RO         4432    i.return_4310_measure  can_communicate.o
    0x080059c4   0x080059c4   0x00000028   Code   RO         4433    i.uint_to_float     can_communicate.o
    0x080059ec   0x080059ec   0x00000026   Code   RO         4689    i.uxListRemove      list.o
    0x08005a12   0x08005a12   0x00000002   PAD
    0x08005a14   0x08005a14   0x00000014   Code   RO          242    i.vApplicationGetIdleTaskMemory  freertos.o
    0x08005a28   0x08005a28   0x00000016   Code   RO         4690    i.vListInitialise   list.o
    0x08005a3e   0x08005a3e   0x00000006   Code   RO         4691    i.vListInitialiseItem  list.o
    0x08005a44   0x08005a44   0x00000030   Code   RO         4692    i.vListInsert       list.o
    0x08005a74   0x08005a74   0x00000018   Code   RO         4693    i.vListInsertEnd    list.o
    0x08005a8c   0x08005a8c   0x00000040   Code   RO         5803    i.vPortEnterCritical  port.o
    0x08005acc   0x08005acc   0x00000028   Code   RO         5804    i.vPortExitCritical  port.o
    0x08005af4   0x08005af4   0x00000064   Code   RO         5735    i.vPortFree         heap_4.o
    0x08005b58   0x08005b58   0x00000024   Code   RO         5805    i.vPortSetupTimerInterrupt  port.o
    0x08005b7c   0x08005b7c   0x00000054   Code   RO         5806    i.vPortValidateInterruptPriority  port.o
    0x08005bd0   0x08005bd0   0x0000004c   Code   RO         5061    i.vTaskDelay        tasks.o
    0x08005c1c   0x08005c1c   0x0000006c   Code   RO         5074    i.vTaskStartScheduler  tasks.o
    0x08005c88   0x08005c88   0x00000010   Code   RO         5076    i.vTaskSuspendAll   tasks.o
    0x08005c98   0x08005c98   0x0000005c   Code   RO         5077    i.vTaskSwitchContext  tasks.o
    0x08005cf4   0x08005cf4   0x000000f4   Code   RO         5807    i.xPortStartScheduler  port.o
    0x08005de8   0x08005de8   0x0000002c   Code   RO         5808    i.xPortSysTickHandler  port.o
    0x08005e14   0x08005e14   0x0000005a   Code   RO         5080    i.xTaskCreate       tasks.o
    0x08005e6e   0x08005e6e   0x00000056   Code   RO         5081    i.xTaskCreateStatic  tasks.o
    0x08005ec4   0x08005ec4   0x0000001c   Code   RO         5085    i.xTaskGetSchedulerState  tasks.o
    0x08005ee0   0x08005ee0   0x0000000c   Code   RO         5086    i.xTaskGetTickCount  tasks.o
    0x08005eec   0x08005eec   0x00000010   Code   RO         5087    i.xTaskGetTickCountFromISR  tasks.o
    0x08005efc   0x08005efc   0x000000cc   Code   RO         5088    i.xTaskIncrementTick  tasks.o
    0x08005fc8   0x08005fc8   0x000000c4   Code   RO         5094    i.xTaskResumeAll    tasks.o
    0x0800608c   0x0800608c   0x000002c4   Code   RO         6109    x$fpl$d2f           g_wm.l(d2f_clz.o)
    0x08006350   0x08006350   0x0000024c   Code   RO         6111    x$fpl$dadd          g_wm.l(daddsub_clz.o)
    0x0800659c   0x0800659c   0x0000001a   Code   RO         6123    x$fpl$dfltn         g_wm.l(dflt_clz.o)
    0x080065b6   0x080065b6   0x00000002   PAD
    0x080065b8   0x080065b8   0x000001c0   Code   RO         6127    x$fpl$dmul          g_wm.l(dmul_clz.o)
    0x08006778   0x08006778   0x00000102   Code   RO         6318    x$fpl$dnaninf       g_wm.l(dnaninf.o)
    0x0800687a   0x0800687a   0x00000070   Code   RO         6320    x$fpl$drenorm       g_wm.l(drenorm_clz.o)
    0x080068ea   0x080068ea   0x0000000c   Code   RO         6322    x$fpl$dretinf       g_wm.l(dretinf.o)
    0x080068f6   0x080068f6   0x00000002   PAD
    0x080068f8   0x080068f8   0x00000208   Code   RO         6324    x$fpl$dsqrt         g_wm.l(dsqrt_umaalclz.o)
    0x08006b00   0x08006b00   0x0000029c   Code   RO         6113    x$fpl$dsub          g_wm.l(daddsub_clz.o)
    0x08006d9c   0x08006d9c   0x0000017a   Code   RO         6326    x$fpl$dunder        g_wm.l(dunder_clz.o)
    0x08006f16   0x08006f16   0x00000002   PAD
    0x08006f18   0x08006f18   0x000001ec   Code   RO         6328    x$fpl$exception     g_wm.l(except.o)
    0x08007104   0x08007104   0x0000007a   Code   RO         6129    x$fpl$f2d           g_wm.l(f2d.o)
    0x0800717e   0x0800717e   0x000000f2   Code   RO         6330    x$fpl$fnaninf       g_wm.l(fnaninf.o)
    0x08007270   0x08007270   0x0000000a   Code   RO         6438    x$fpl$fpinit        g_wm.l(fpinit.o)
    0x0800727a   0x0800727a   0x0000000a   Code   RO         6332    x$fpl$fretinf       g_wm.l(fretinf.o)
    0x08007284   0x08007284   0x0000013c   Code   RO         6334    x$fpl$funder        g_wm.l(funder_clz.o)
    0x080073c0   0x080073c0   0x000000b2   Code   RO         6440    x$fpl$retnan        g_wm.l(retnan.o)
    0x08007472   0x08007472   0x0000007e   Code   RO         6336    x$fpl$trapveneer    g_wm.l(trapv.o)
    0x080074f0   0x080074f0   0x00000000   Code   RO         6338    x$fpl$usenofp       g_wm.l(usenofp.o)
    0x080074f0   0x080074f0   0x00000054   Data   RO          244    .constdata          freertos.o
    0x08007544   0x08007544   0x00000008   Data   RO         1348    .constdata          stm32f4xx_hal_dma.o
    0x0800754c   0x0800754c   0x00000010   Data   RO         3362    .constdata          system_stm32f4xx.o
    0x0800755c   0x0800755c   0x00000008   Data   RO         3363    .constdata          system_stm32f4xx.o
    0x08007564   0x08007564   0x00000020   Data   RO         6378    .constdata          m_wm.l(rredf.o)
    0x08007584   0x08007584   0x00000034   Data   RO          245    .conststring        freertos.o
    0x080075b8   0x080075b8   0x00000020   Data   RO         6539    Region$$Table       anon$$obj.o


    Execution Region RW_IRAM1 (Exec base: 0x20000000, Load base: 0x080075d8, Size: 0x00004df8, Max: 0x0001c000, ABSOLUTE)

    Exec Addr    Load Addr    Size         Type   Attr      Idx    E Section Name        Object

    0x20000000   0x080075d8   0x0000000c   Data   RW          246    .data               freertos.o
    0x2000000c   0x080075e4   0x00000004   Data   RW          340    .data               can.o
    0x20000010   0x080075e8   0x0000000c   Data   RW         1793    .data               stm32f4xx_hal.o
    0x2000001c   0x080075f4   0x00000004   Data   RW         3364    .data               system_stm32f4xx.o
    0x20000020   0x080075f8   0x00000040   Data   RW         3435    .data               bsp_dwt.o
    0x20000060   0x08007638   0x0000000c   Data   RW         3822    .data               user_lib.o
    0x2000006c   0x08007644   0x00000020   Data   RW         4209    .data               arm_control_task.o
    0x2000008c   0x08007664   0x00000010   Data   RW         4435    .data               can_communicate.o
    0x2000009c   0x08007674   0x00000008   Data   RW         4545    .data               error_check.o
    0x200000a4   0x0800767c   0x0000003c   Data   RW         5097    .data               tasks.o
    0x200000e0   0x080076b8   0x00000020   Data   RW         5741    .data               heap_4.o
    0x20000100   0x080076d8   0x0000000c   Data   RW         5809    .data               port.o
    0x2000010c        -       0x00000254   Zero   RW          243    .bss                freertos.o
    0x20000360        -       0x00000050   Zero   RW          339    .bss                can.o
    0x200003b0        -       0x00000048   Zero   RW          412    .bss                tim.o
    0x200003f8        -       0x00000210   Zero   RW          460    .bss                usart.o
    0x20000608        -       0x000003c4   Zero   RW         4208    .bss                arm_control_task.o
    0x200009cc        -       0x00000018   Zero   RW         4387    .bss                boards_communicate_task.o
    0x200009e4        -       0x000000c4   Zero   RW         4434    .bss                can_communicate.o
    0x20000aa8        -       0x000000f0   Zero   RW         5096    .bss                tasks.o
    0x20000b98        -       0x00003c00   Zero   RW         5740    .bss                heap_4.o
    0x20004798        -       0x00000060   Zero   RW         6389    .bss                c_w.l(libspace.o)
    0x200047f8        -       0x00000200   Zero   RW            2    HEAP                startup_stm32f407xx.o
    0x200049f8        -       0x00000400   Zero   RW            1    STACK               startup_stm32f407xx.o


    Execution Region RW_IRAM2 (Exec base: 0x2001c000, Load base: 0x080076e4, Size: 0x00000000, Max: 0x00004000, ABSOLUTE)

    **** No section assigned to this execution region ****


==============================================================================

Image component sizes


      Code (inc. data)   RO Data    RW Data    ZI Data      Debug   Object Name

         0          0          0          0          0        444   ahrs_middleware.o
      3072        170          0         32        964      27899   arm_control_task.o
        84          8          0          0         24       2027   boards_communicate_task.o
         0          0          0          0          0        604   bsp_buzzer.o
        88          8          0          0          0        606   bsp_can.o
       232         46          0         64          0       4038   bsp_dwt.o
       388         42          0          4         80       2662   can.o
      1852        168          0         16        196      13065   can_communicate.o
       156          0          0          0          0      30283   cmsis_os.o
      2418         20          0          0          0      11106   controller.o
        92          4          0          0          0        874   dma.o
         0          0          0          8          0        360   error_check.o
         0          0          0          0          0      17112   event_groups.o
       112         14        136         12        596       4585   freertos.o
        92          6          0          0          0        983   gpio.o
       472         24          0         32      15360       7699   heap_4.o
       138          0          0          0          0       3794   list.o
       228         14          0          0          0     736532   main.o
       786         82          0         12          0      12297   port.o
        64         26        392          0       1536        880   startup_stm32f407xx.o
       144         24          0         12          0       9033   stm32f4xx_hal.o
      1638          6          0          0          0      15055   stm32f4xx_hal_can.o
       198         14          0          0          0      34067   stm32f4xx_hal_cortex.o
       934         16          8          0          0       5875   stm32f4xx_hal_dma.o
       496         46          0          0          0       1604   stm32f4xx_hal_gpio.o
        56          4          0          0          0        942   stm32f4xx_hal_msp.o
      1348         76          0          0          0       5456   stm32f4xx_hal_rcc.o
      1662        140          0          0          0      14445   stm32f4xx_hal_tim.o
       144         28          0          0          0       1448   stm32f4xx_hal_tim_ex.o
      1288         16          0          0          0       8764   stm32f4xx_hal_uart.o
       132         48          0          0          0       7683   stm32f4xx_it.o
        16          4         24          4          0       1235   system_stm32f4xx.o
      1576        128          0         60        240      22094   tasks.o
       460         22          0          0          0       4587   td.o
       276         34          0          0         72       2548   tim.o
       580         64          0          0        528       3047   usart.o
       654          4          0         12          0       6666   user_lib.o

    ----------------------------------------------------------------------
     21908       1306        592        268      19596    1022399   Object Totals
         0          0         32          0          0          0   (incl. Generated)
        32          0          0          0          0          0   (incl. Padding)

    ----------------------------------------------------------------------

      Code (inc. data)   RO Data    RW Data    ZI Data      Debug   Library Member Name

         8          0          0          0          0         68   __main.o
         0          0          0          0          0          0   __rtentry.o
        12          0          0          0          0          0   __rtentry2.o
         6          0          0          0          0          0   __rtentry4.o
        52          8          0          0          0          0   __scatter.o
        26          0          0          0          0          0   __scatter_copy.o
        28          0          0          0          0          0   __scatter_zi.o
        48          4          0          0          0         84   _fptrap.o
        22          0          0          0          0        100   _rserrno.o
        10          0          0          0          0         68   defsig_exit.o
       172        110          0          0          0         76   defsig_fpe_inner.o
        14          0          0          0          0         80   defsig_fpe_outer.o
        50          0          0          0          0         88   defsig_general.o
        80         58          0          0          0         76   defsig_rtmem_inner.o
        14          0          0          0          0         80   defsig_rtmem_outer.o
        18          0          0          0          0         80   exit.o
        94          0          0          0          0         80   h1_alloc.o
        52          0          0          0          0         68   h1_extend.o
        78          0          0          0          0         80   h1_free.o
        14          0          0          0          0         84   h1_init.o
         6          0          0          0          0        152   heapauxi.o
         4          0          0          0          0        136   hguard.o
         0          0          0          0          0          0   indicate_semi.o
       138          0          0          0          0        168   init_alloc.o
         2          0          0          0          0          0   libinit.o
        14          0          0          0          0          0   libinit2.o
         2          0          0          0          0          0   libshutdown.o
         2          0          0          0          0          0   libshutdown2.o
         8          4          0          0         96         68   libspace.o
       238          0          0          0          0        100   lludivv7m.o
         0          0          0          0          0          0   maybetermalloc1.o
         8          4          0          0          0         68   rt_errno_addr_intlibspace.o
         8          4          0          0          0         68   rt_heap_descriptor_intlibspace.o
        68          0          0          0          0         68   rt_memclr.o
        78          0          0          0          0         80   rt_memclr_w.o
       100          0          0          0          0         80   rt_memcpy_w.o
         2          0          0          0          0          0   rtexit.o
        10          0          0          0          0          0   rtexit2.o
        12          4          0          0          0         68   sys_exit.o
        74          0          0          0          0         80   sys_stackheap_outer.o
        14          0          0          0          0         76   sys_wrch.o
         2          0          0          0          0         68   use_no_semi.o
       708         16          0          0          0        140   d2f_clz.o
      1256         28          0          0          0        408   daddsub_clz.o
        26          0          0          0          0        116   dflt_clz.o
       448         16          0          0          0        164   dmul_clz.o
       258          4          0          0          0        156   dnaninf.o
       112          0          0          0          0        160   drenorm_clz.o
        12          0          0          0          0        116   dretinf.o
       520         56          0          0          0        180   dsqrt_umaalclz.o
       378          0          0          0          0        168   dunder_clz.o
       492         36          0          0          0        148   except.o
       122          8          0          0          0        132   f2d.o
       242          4          0          0          0        144   fnaninf.o
        10          0          0          0          0        116   fpinit.o
        10          0          0          0          0        116   fretinf.o
       316          0          0          0          0        132   funder_clz.o
       178          0          0          0          0        116   retnan.o
       126          0          0          0          0        148   trapv.o
         0          0          0          0          0          0   usenofp.o
       336         56          0          0          0        136   cosf.o
        22          6          0          0          0        232   funder.o
       340         24         32          0          0        160   rredf.o
       122          0          0          0          0        148   sqrt_full.o

    ----------------------------------------------------------------------
      7636        450         32          0         96       5728   Library Totals
        14          0          0          0          0          0   (incl. Padding)

    ----------------------------------------------------------------------

      Code (inc. data)   RO Data    RW Data    ZI Data      Debug   Library Name

      1588        196          0          0         96       2392   c_w.l
      5214        168          0          0          0       2660   g_wm.l
       820         86         32          0          0        676   m_wm.l

    ----------------------------------------------------------------------
      7636        450         32          0         96       5728   Library Totals

    ----------------------------------------------------------------------

==============================================================================


      Code (inc. data)   RO Data    RW Data    ZI Data      Debug   

     29544       1756        624        268      19692    1007327   Grand Totals
     29544       1756        624        268      19692    1007327   ELF Image Totals
     29544       1756        624        268          0          0   ROM Totals

==============================================================================

    Total RO  Size (Code + RO Data)                30168 (  29.46kB)
    Total RW  Size (RW Data + ZI Data)             19960 (  19.49kB)
    Total ROM Size (Code + RO Data + RW Data)      30436 (  29.72kB)

==============================================================================

