Component: ARM Compiler 5.06 update 6 (build 750) Tool: armlink [4d35ed]

==============================================================================

Section Cross References

    startup_stm32f407xx.o(STACK) refers (Special) to heapauxi.o(.text) for __use_two_region_memory
    startup_stm32f407xx.o(HEAP) refers (Special) to heapauxi.o(.text) for __use_two_region_memory
    startup_stm32f407xx.o(RESET) refers (Special) to heapauxi.o(.text) for __use_two_region_memory
    startup_stm32f407xx.o(RESET) refers to startup_stm32f407xx.o(STACK) for __initial_sp
    startup_stm32f407xx.o(RESET) refers to startup_stm32f407xx.o(.text) for Reset_Handler
    startup_stm32f407xx.o(RESET) refers to stm32f4xx_it.o(i.NMI_Handler) for NMI_Handler
    startup_stm32f407xx.o(RESET) refers to stm32f4xx_it.o(i.HardFault_Handler) for HardFault_Handler
    startup_stm32f407xx.o(RESET) refers to stm32f4xx_it.o(i.MemManage_Handler) for MemManage_Handler
    startup_stm32f407xx.o(RESET) refers to stm32f4xx_it.o(i.BusFault_Handler) for BusFault_Handler
    startup_stm32f407xx.o(RESET) refers to stm32f4xx_it.o(i.UsageFault_Handler) for UsageFault_Handler
    startup_stm32f407xx.o(RESET) refers to port.o(.emb_text) for SVC_Handler
    startup_stm32f407xx.o(RESET) refers to stm32f4xx_it.o(i.DebugMon_Handler) for DebugMon_Handler
    startup_stm32f407xx.o(RESET) refers to stm32f4xx_it.o(i.SysTick_Handler) for SysTick_Handler
    startup_stm32f407xx.o(RESET) refers to stm32f4xx_it.o(i.CAN1_RX0_IRQHandler) for CAN1_RX0_IRQHandler
    startup_stm32f407xx.o(RESET) refers to stm32f4xx_it.o(i.USART1_IRQHandler) for USART1_IRQHandler
    startup_stm32f407xx.o(RESET) refers to stm32f4xx_it.o(i.DMA2_Stream1_IRQHandler) for DMA2_Stream1_IRQHandler
    startup_stm32f407xx.o(RESET) refers to stm32f4xx_it.o(i.DMA2_Stream2_IRQHandler) for DMA2_Stream2_IRQHandler
    startup_stm32f407xx.o(RESET) refers to stm32f4xx_it.o(i.CAN2_RX0_IRQHandler) for CAN2_RX0_IRQHandler
    startup_stm32f407xx.o(RESET) refers to stm32f4xx_it.o(i.DMA2_Stream6_IRQHandler) for DMA2_Stream6_IRQHandler
    startup_stm32f407xx.o(RESET) refers to stm32f4xx_it.o(i.DMA2_Stream7_IRQHandler) for DMA2_Stream7_IRQHandler
    startup_stm32f407xx.o(RESET) refers to stm32f4xx_it.o(i.USART6_IRQHandler) for USART6_IRQHandler
    startup_stm32f407xx.o(.text) refers (Special) to heapauxi.o(.text) for __use_two_region_memory
    startup_stm32f407xx.o(.text) refers to system_stm32f4xx.o(i.SystemInit) for SystemInit
    startup_stm32f407xx.o(.text) refers to __main.o(!!!main) for __main
    startup_stm32f407xx.o(.text) refers to startup_stm32f407xx.o(HEAP) for Heap_Mem
    startup_stm32f407xx.o(.text) refers to startup_stm32f407xx.o(STACK) for Stack_Mem
    main.o(i.SystemClock_Config) refers to rt_memclr_w.o(.text) for __aeabi_memclr4
    main.o(i.SystemClock_Config) refers to stm32f4xx_hal_rcc.o(i.HAL_RCC_OscConfig) for HAL_RCC_OscConfig
    main.o(i.SystemClock_Config) refers to main.o(i.Error_Handler) for Error_Handler
    main.o(i.SystemClock_Config) refers to stm32f4xx_hal_rcc.o(i.HAL_RCC_ClockConfig) for HAL_RCC_ClockConfig
    main.o(i.main) refers to stm32f4xx_hal.o(i.HAL_Init) for HAL_Init
    main.o(i.main) refers to main.o(i.SystemClock_Config) for SystemClock_Config
    main.o(i.main) refers to gpio.o(i.MX_GPIO_Init) for MX_GPIO_Init
    main.o(i.main) refers to dma.o(i.MX_DMA_Init) for MX_DMA_Init
    main.o(i.main) refers to can.o(i.MX_CAN1_Init) for MX_CAN1_Init
    main.o(i.main) refers to can.o(i.MX_CAN2_Init) for MX_CAN2_Init
    main.o(i.main) refers to usart.o(i.MX_USART1_UART_Init) for MX_USART1_UART_Init
    main.o(i.main) refers to usart.o(i.MX_USART6_UART_Init) for MX_USART6_UART_Init
    main.o(i.main) refers to tim.o(i.MX_TIM4_Init) for MX_TIM4_Init
    main.o(i.main) refers to tim.o(i.MX_TIM1_Init) for MX_TIM1_Init
    main.o(i.main) refers to stm32f4xx_hal_tim.o(i.HAL_TIM_Base_Start) for HAL_TIM_Base_Start
    main.o(i.main) refers to stm32f4xx_hal_tim.o(i.HAL_TIM_PWM_Start_IT) for HAL_TIM_PWM_Start_IT
    main.o(i.main) refers to stm32f4xx_hal_tim.o(i.HAL_TIM_PWM_Start) for HAL_TIM_PWM_Start
    main.o(i.main) refers to bsp_can.o(i.can_filter_init) for can_filter_init
    main.o(i.main) refers to bsp_dwt.o(i.DWT_Init) for DWT_Init
    main.o(i.main) refers to freertos.o(i.MX_FREERTOS_Init) for MX_FREERTOS_Init
    main.o(i.main) refers to cmsis_os.o(i.osKernelStart) for osKernelStart
    main.o(i.main) refers to tim.o(.bss) for htim1
    freertos.o(i.MX_FREERTOS_Init) refers to rt_memcpy_w.o(.text) for __aeabi_memcpy4
    freertos.o(i.MX_FREERTOS_Init) refers to cmsis_os.o(i.osThreadCreate) for osThreadCreate
    freertos.o(i.MX_FREERTOS_Init) refers to freertos.o(.constdata) for .constdata
    freertos.o(i.MX_FREERTOS_Init) refers to freertos.o(.data) for defaultTaskHandle
    freertos.o(i.StartDefaultTask) refers to cmsis_os.o(i.osDelay) for osDelay
    freertos.o(i.vApplicationGetIdleTaskMemory) refers to freertos.o(.bss) for xIdleTaskTCBBuffer
[...]
    __Vectors_Size                           0x00000188   Number         0  startup_stm32f407xx.o ABSOLUTE
    __Vectors                                0x08000000   Data           4  startup_stm32f407xx.o(RESET)
    __Vectors_End                            0x08000188   Data           0  startup_stm32f407xx.o(RESET)
    __main                                   0x08000189   Thumb Code     8  __main.o(!!!main)
    __scatterload                            0x08000191   Thumb Code     0  __scatter.o(!!!scatter)
    __scatterload_rt2                        0x08000191   Thumb Code    44  __scatter.o(!!!scatter)
    __scatterload_rt2_thumb_only             0x08000191   Thumb Code     0  __scatter.o(!!!scatter)
    __scatterload_null                       0x0800019f   Thumb Code     0  __scatter.o(!!!scatter)
    __decompress                             0x080001c5   Thumb Code    90  __dczerorl2.o(!!dczerorl2)
    __decompress1                            0x080001c5   Thumb Code     0  __dczerorl2.o(!!dczerorl2)
    __scatterload_zeroinit                   0x08000221   Thumb Code    28  __scatter_zi.o(!!handler_zi)
    __rt_lib_init                            0x0800023d   Thumb Code     0  libinit.o(.ARM.Collect$$libinit$$00000000)
    __rt_lib_init_fp_1                       0x0800023f   Thumb Code     0  libinit2.o(.ARM.Collect$$libinit$$00000001)
    __rt_lib_init_heap_2                     0x08000243   Thumb Code     0  libinit2.o(.ARM.Collect$$libinit$$00000005)
    __rt_lib_init_preinit_1                  0x08000243   Thumb Code     0  libinit2.o(.ARM.Collect$$libinit$$00000004)
    __rt_lib_init_alloca_1                   0x0800024b   Thumb Code     0  libinit2.o(.ARM.Collect$$libinit$$0000002E)
    __rt_lib_init_argv_1                     0x0800024b   Thumb Code     0  libinit2.o(.ARM.Collect$$libinit$$0000002C)
    __rt_lib_init_atexit_1                   0x0800024b   Thumb Code     0  libinit2.o(.ARM.Collect$$libinit$$0000001B)
    __rt_lib_init_clock_1                    0x0800024b   Thumb Code     0  libinit2.o(.ARM.Collect$$libinit$$00000021)
    __rt_lib_init_cpp_1                      0x0800024b   Thumb Code     0  libinit2.o(.ARM.Collect$$libinit$$00000032)
    __rt_lib_init_exceptions_1               0x0800024b   Thumb Code     0  libinit2.o(.ARM.Collect$$libinit$$00000030)
    __rt_lib_init_fp_trap_1                  0x0800024b   Thumb Code     0  libinit2.o(.ARM.Collect$$libinit$$0000001F)
    __rt_lib_init_getenv_1                   0x0800024b   Thumb Code     0  libinit2.o(.ARM.Collect$$libinit$$00000023)
    __rt_lib_init_heap_1                     0x0800024b   Thumb Code     0  libinit2.o(.ARM.Collect$$libinit$$0000000A)
    __rt_lib_init_lc_collate_1               0x0800024b   Thumb Code     0  libinit2.o(.ARM.Collect$$libinit$$00000011)
    __rt_lib_init_lc_ctype_1                 0x0800024b   Thumb Code     0  libinit2.o(.ARM.Collect$$libinit$$00000013)
    __rt_lib_init_lc_monetary_1              0x0800024b   Thumb Code     0  libinit2.o(.ARM.Collect$$libinit$$00000015)
    __rt_lib_init_lc_numeric_1               0x0800024b   Thumb Code     0  libinit2.o(.ARM.Collect$$libinit$$00000017)
    __rt_lib_init_lc_time_1                  0x0800024b   Thumb Code     0  libinit2.o(.ARM.Collect$$libinit$$00000019)
    __rt_lib_init_rand_1                     0x0800024b   Thumb Code     0  libinit2.o(.ARM.Collect$$libinit$$0000000E)
    __rt_lib_init_return                     0x0800024b   Thumb Code     0  libinit2.o(.ARM.Collect$$libinit$$00000033)
    __rt_lib_init_signal_1                   0x0800024b   Thumb Code     0  libinit2.o(.ARM.Collect$$libinit$$0000001D)
    __rt_lib_init_stdio_1                    0x0800024b   Thumb Code     0  libinit2.o(.ARM.Collect$$libinit$$00000025)
    __rt_lib_init_user_alloc_1               0x0800024b   Thumb Code     0  libinit2.o(.ARM.Collect$$libinit$$0000000C)
    __rt_lib_shutdown                        0x0800024d   Thumb Code     0  libshutdown.o(.ARM.Collect$$libshutdown$$00000000)
    __rt_lib_shutdown_cpp_1                  0x0800024f   Thumb Code     0  libshutdown2.o(.ARM.Collect$$libshutdown$$00000002)
    __rt_lib_shutdown_fp_trap_1              0x0800024f   Thumb Code     0  libshutdown2.o(.ARM.Collect$$libshutdown$$00000007)
    __rt_lib_shutdown_heap_1                 0x0800024f   Thumb Code     0  libshutdown2.o(.ARM.Collect$$libshutdown$$0000000F)
    __rt_lib_shutdown_return                 0x0800024f   Thumb Code     0  libshutdown2.o(.ARM.Collect$$libshutdown$$00000010)
    __rt_lib_shutdown_signal_1               0x0800024f   Thumb Code     0  libshutdown2.o(.ARM.Collect$$libshutdown$$0000000A)
    __rt_lib_shutdown_stdio_1                0x0800024f   Thumb Code     0  libshutdown2.o(.ARM.Collect$$libshutdown$$00000004)
    __rt_lib_shutdown_user_alloc_1           0x0800024f   Thumb Code     0  libshutdown2.o(.ARM.Collect$$libshutdown$$0000000C)
    __rt_entry                               0x08000251   Thumb Code     0  __rtentry.o(.ARM.Collect$$rtentry$$00000000)
    __rt_entry_presh_1                       0x08000251   Thumb Code     0  __rtentry2.o(.ARM.Collect$$rtentry$$00000002)
    __rt_entry_sh                            0x08000251   Thumb Code     0  __rtentry4.o(.ARM.Collect$$rtentry$$00000004)
    __rt_entry_li                            0x08000257   Thumb Code     0  __rtentry2.o(.ARM.Collect$$rtentry$$0000000A)
    __rt_entry_postsh_1                      0x08000257   Thumb Code     0  __rtentry2.o(.ARM.Collect$$rtentry$$00000009)
    __rt_entry_main                          0x0800025b   Thumb Code     0  __rtentry2.o(.ARM.Collect$$rtentry$$0000000D)
    __rt_entry_postli_1                      0x0800025b   Thumb Code     0  __rtentry2.o(.ARM.Collect$$rtentry$$0000000C)
    __rt_exit                                0x08000263   Thumb Code     0  rtexit.o(.ARM.Collect$$rtexit$$00000000)
    __rt_exit_ls                             0x08000265   Thumb Code     0  rtexit2.o(.ARM.Collect$$rtexit$$00000003)
    __rt_exit_prels_1                        0x08000265   Thumb Code     0  rtexit2.o(.ARM.Collect$$rtexit$$00000002)
    __rt_exit_exit                           0x08000269   Thumb Code     0  rtexit2.o(.ARM.Collect$$rtexit$$00000004)
    SVC_Handler                              0x08000271   Thumb Code    28  port.o(.emb_text)
    __asm___6_port_c_39a90d8d__prvStartFirstTask 0x08000291   Thumb Code    36  port.o(.emb_text)
    __asm___6_port_c_39a90d8d__prvEnableVFP  0x080002b9   Thumb Code    16  port.o(.emb_text)
    PendSV_Handler                           0x080002cd   Thumb Code    88  port.o(.emb_text)
    vPortGetIPSR                             0x08000329   Thumb Code     6  port.o(.emb_text)
    Reset_Handler                            0x08000331   Thumb Code     8  startup_stm32f407xx.o(.text)
    _maybe_terminate_alloc                   0x08000331   Thumb Code     0  maybetermalloc1.o(.emb_text)
    ADC_IRQHandler                           0x0800034b   Thumb Code     0  startup_stm32f407xx.o(.text)
    CAN1_RX1_IRQHandler                      0x0800034b   Thumb Code     0  startup_stm32f407xx.o(.text)
    CAN1_SCE_IRQHandler                      0x0800034b   Thumb Code     0  startup_stm32f407xx.o(.text)
    CAN1_TX_IRQHandler                       0x0800034b   Thumb Code     0  startup_stm32f407xx.o(.text)
    CAN2_RX1_IRQHandler                      0x0800034b   Thumb Code     0  startup_stm32f407xx.o(.text)
    CAN2_SCE_IRQHandler                      0x0800034b   Thumb Code     0  startup_stm32f407xx.o(.text)
    CAN2_TX_IRQHandler                       0x0800034b   Thumb Code     0  startup_stm32f407xx.o(.text)
    DCMI_IRQHandler                          0x0800034b   Thumb Code     0  startup_stm32f407xx.o(.text)
    DMA1_Stream0_IRQHandler                  0x0800034b   Thumb Code     0  startup_stm32f407xx.o(.text)
    DMA1_Stream1_IRQHandler                  0x0800034b   Thumb Code     0  startup_stm32f407xx.o(.text)
    DMA1_Stream2_IRQHandler                  0x0800034b   Thumb Code     0  startup_stm32f407xx.o(.text)
    DMA1_Stream3_IRQHandler                  0x0800034b   Thumb Code     0  startup_stm32f407xx.o(.text)
    DMA1_Stream4_IRQHandler                  0x0800034b   Thumb Code     0  startup_stm32f407xx.o(.text)
    DMA1_Stream5_IRQHandler                  0x0800034b   Thumb Code     0  startup_stm32f407xx.o(.text)
    DMA1_Stream6_IRQHandler                  0x0800034b   Thumb Code     0  startup_stm32f407xx.o(.text)
    DMA1_Stream7_IRQHandler                  0x0800034b   Thumb Code     0  startup_stm32f407xx.o(.text)
    DMA2_Stream0_IRQHandler                  0x0800034b   Thumb Code     0  startup_stm32f407xx.o(.text)
    DMA2_Stream3_IRQHandler                  0x0800034b   Thumb Code     0  startup_stm32f407xx.o(.text)
    DMA2_Stream4_IRQHandler                  0x0800034b   Thumb Code     0  startup_stm32f407xx.o(.text)
    DMA2_Stream5_IRQHandler                  0x0800034b   Thumb Code     0  startup_stm32f407xx.o(.text)
    ETH_IRQHandler                           0x0800034b   Thumb Code     0  startup_stm32f407xx.o(.text)
    ETH_WKUP_IRQHandler                      0x0800034b   Thumb Code     0  startup_stm32f407xx.o(.text)
    EXTI0_IRQHandler                         0x0800034b   Thumb Code     0  startup_stm32f407xx.o(.text)
    EXTI15_10_IRQHandler                     0x0800034b   Thumb Code     0  startup_stm32f407xx.o(.text)
    EXTI1_IRQHandler                         0x0800034b   Thumb Code     0  startup_stm32f407xx.o(.text)
    EXTI2_IRQHandler                         0x0800034b   Thumb Code     0  startup_stm32f407xx.o(.text)
    EXTI3_IRQHandler                         0x0800034b   Thumb Code     0  startup_stm32f407xx.o(.text)
    EXTI4_IRQHandler                         0x0800034b   Thumb Code     0  startup_stm32f407xx.o(.text)
    EXTI9_5_IRQHandler                       0x0800034b   Thumb Code     0  startup_stm32f407xx.o(.text)
    FLASH_IRQHandler                         0x0800034b   Thumb Code     0  startup_stm32f407xx.o(.text)
    FMC_IRQHandler                           0x0800034b   Thumb Code     0  startup_stm32f407xx.o(.text)
    FPU_IRQHandler                           0x0800034b   Thumb Code     0  startup_stm32f407xx.o(.text)
    HASH_RNG_IRQHandler                      0x0800034b   Thumb Code     0  startup_stm32f407xx.o(.text)
    I2C1_ER_IRQHandler                       0x0800034b   Thumb Code     0  startup_stm32f407xx.o(.text)
    I2C1_EV_IRQHandler                       0x0800034b   Thumb Code     0  startup_stm32f407xx.o(.text)
    I2C2_ER_IRQHandler                       0x0800034b   Thumb Code     0  startup_stm32f407xx.o(.text)
    I2C2_EV_IRQHandler                       0x0800034b   Thumb Code     0  startup_stm32f407xx.o(.text)
    I2C3_ER_IRQHandler                       0x0800034b   Thumb Code     0  startup_stm32f407xx.o(.text)
    I2C3_EV_IRQHandler                       0x0800034b   Thumb Code     0  startup_stm32f407xx.o(.text)
    OTG_FS_IRQHandler                        0x0800034b   Thumb Code     0  startup_stm32f407xx.o(.text)
    OTG_FS_WKUP_IRQHandler                   0x0800034b   Thumb Code     0  startup_stm32f407xx.o(.text)
    OTG_HS_EP1_IN_IRQHandler                 0x0800034b   Thumb Code     0  startup_stm32f407xx.o(.text)
    OTG_HS_EP1_OUT_IRQHandler                0x0800034b   Thumb Code     0  startup_stm32f407xx.o(.text)
    OTG_HS_IRQHandler                        0x0800034b   Thumb Code     0  startup_stm32f407xx.o(.text)
    OTG_HS_WKUP_IRQHandler                   0x0800034b   Thumb Code     0  startup_stm32f407xx.o(.text)
    PVD_IRQHandler                           0x0800034b   Thumb Code     0  startup_stm32f407xx.o(.text)
    RCC_IRQHandler                           0x0800034b   Thumb Code     0  startup_stm32f407xx.o(.text)
    RTC_Alarm_IRQHandler                     0x0800034b   Thumb Code     0  startup_stm32f407xx.o(.text)
    RTC_WKUP_IRQHandler                      0x0800034b   Thumb Code     0  startup_stm32f407xx.o(.text)
    SDIO_IRQHandler                          0x0800034b   Thumb Code     0  startup_stm32f407xx.o(.text)
    SPI1_IRQHandler                          0x0800034b   Thumb Code     0  startup_stm32f407xx.o(.text)
    SPI2_IRQHandler                          0x0800034b   Thumb Code     0  startup_stm32f407xx.o(.text)
    SPI3_IRQHandler                          0x0800034b   Thumb Code     0  startup_stm32f407xx.o(.text)
    TAMP_STAMP_IRQHandler                    0x0800034b   Thumb Code     0  startup_stm32f407xx.o(.text)
    TIM1_BRK_TIM9_IRQHandler                 0x0800034b   Thumb Code     0  startup_stm32f407xx.o(.text)
    TIM1_CC_IRQHandler                       0x0800034b   Thumb Code     0  startup_stm32f407xx.o(.text)
    TIM1_TRG_COM_TIM11_IRQHandler            0x0800034b   Thumb Code     0  startup_stm32f407xx.o(.text)
    TIM1_UP_TIM10_IRQHandler                 0x0800034b   Thumb Code     0  startup_stm32f407xx.o(.text)
    TIM2_IRQHandler                          0x0800034b   Thumb Code     0  startup_stm32f407xx.o(.text)
    TIM3_IRQHandler                          0x0800034b   Thumb Code     0  startup_stm32f407xx.o(.text)
    TIM4_IRQHandler                          0x0800034b   Thumb Code     0  startup_stm32f407xx.o(.text)
    TIM5_IRQHandler                          0x0800034b   Thumb Code     0  startup_stm32f407xx.o(.text)
    TIM6_DAC_IRQHandler                      0x0800034b   Thumb Code     0  startup_stm32f407xx.o(.text)
    TIM7_IRQHandler                          0x0800034b   Thumb Code     0  startup_stm32f407xx.o(.text)
    TIM8_BRK_TIM12_IRQHandler                0x0800034b   Thumb Code     0  startup_stm32f407xx.o(.text)
    TIM8_CC_IRQHandler                       0x0800034b   Thumb Code     0  startup_stm32f407xx.o(.text)
    TIM8_TRG_COM_TIM14_IRQHandler            0x0800034b   Thumb Code     0  startup_stm32f407xx.o(.text)
    TIM8_UP_TIM13_IRQHandler                 0x0800034b   Thumb Code     0  startup_stm32f407xx.o(.text)
    UART4_IRQHandler                         0x0800034b   Thumb Code     0  startup_stm32f407xx.o(.text)
    UART5_IRQHandler                         0x0800034b   Thumb Code     0  startup_stm32f407xx.o(.text)
    USART2_IRQHandler                        0x0800034b   Thumb Code     0  startup_stm32f407xx.o(.text)
    USART3_IRQHandler                        0x0800034b   Thumb Code     0  startup_stm32f407xx.o(.text)
    WWDG_IRQHandler                          0x0800034b   Thumb Code     0  startup_stm32f407xx.o(.text)
    __user_initial_stackheap                 0x0800034d   Thumb Code     0  startup_stm32f407xx.o(.text)
    malloc                                   0x08000371   Thumb Code    94  h1_alloc.o(.text)
    __aeabi_uldivmod                         0x080003cf   Thumb Code     0  lludivv7m.o(.text)
    _ll_udiv                                 0x080003cf   Thumb Code   238  lludivv7m.o(.text)
    __aeabi_memcpy4                          0x080004bd   Thumb Code     0  rt_memcpy_w.o(.text)
    __aeabi_memcpy8                          0x080004bd   Thumb Code     0  rt_memcpy_w.o(.text)
    __rt_memcpy_w                            0x080004bd   Thumb Code   100  rt_memcpy_w.o(.text)
    _memcpy_lastbytes_aligned                0x08000505   Thumb Code     0  rt_memcpy_w.o(.text)
    __aeabi_memclr                           0x08000521   Thumb Code     0  rt_memclr.o(.text)
    __rt_memclr                              0x08000521   Thumb Code    68  rt_memclr.o(.text)
    _memset                                  0x08000525   Thumb Code     0  rt_memclr.o(.text)
    __aeabi_memclr4                          0x08000565   Thumb Code     0  rt_memclr_w.o(.text)
    __aeabi_memclr8                          0x08000565   Thumb Code     0  rt_memclr_w.o(.text)
    __rt_memclr_w                            0x08000565   Thumb Code    78  rt_memclr_w.o(.text)
    _memset_w                                0x08000569   Thumb Code     0  rt_memclr_w.o(.text)
    __use_two_region_memory                  0x080005b3   Thumb Code     2  heapauxi.o(.text)
    __rt_heap_escrow                         0x080005b5   Thumb Code     2  heapauxi.o(.text)
    __rt_heap_expand                         0x080005b7   Thumb Code     2  heapauxi.o(.text)
    __rt_heap_descriptor                     0x080005b9   Thumb Code     8  rt_heap_descriptor_intlibspace.o(.text)
    __use_no_heap                            0x080005c1   Thumb Code     2  hguard.o(.text)
    __heap$guard                             0x080005c3   Thumb Code     2  hguard.o(.text)
    _terminate_user_alloc                    0x080005c5   Thumb Code     2  init_alloc.o(.text)
    _init_user_alloc                         0x080005c7   Thumb Code     2  init_alloc.o(.text)
    __Heap_Full                              0x080005c9   Thumb Code    34  init_alloc.o(.text)
    __Heap_Broken                            0x080005eb   Thumb Code     6  init_alloc.o(.text)
    _init_alloc                              0x080005f1   Thumb Code    94  init_alloc.o(.text)
    __Heap_Initialize                        0x0800064f   Thumb Code    10  h1_init.o(.text)
    __Heap_DescSize                          0x08000659   Thumb Code     4  h1_init.o(.text)
    free                                     0x0800065d   Thumb Code    78  h1_free.o(.text)
    __read_errno                             0x080006ab   Thumb Code    10  _rserrno.o(.text)
    __set_errno                              0x080006b5   Thumb Code    12  _rserrno.o(.text)
    __user_libspace                          0x080006c1   Thumb Code     8  libspace.o(.text)
    __user_perproc_libspace                  0x080006c1   Thumb Code     0  libspace.o(.text)
    __user_perthread_libspace                0x080006c1   Thumb Code     0  libspace.o(.text)
    __aeabi_errno_addr                       0x080006c9   Thumb Code     8  rt_errno_addr_intlibspace.o(.text)
    __errno$intlibspace                      0x080006c9   Thumb Code     0  rt_errno_addr_intlibspace.o(.text)
    __rt_errno_addr$intlibspace              0x080006c9   Thumb Code     0  rt_errno_addr_intlibspace.o(.text)
    __Heap_ProvideMemory                     0x080006d1   Thumb Code    52  h1_extend.o(.text)
    _fp_trap                                 0x08000705   Thumb Code    44  _fptrap.o(.text)
    __rt_SIGRTMEM                            0x08000735   Thumb Code    14  defsig_rtmem_outer.o(.text)
    __I$use$semihosting                      0x08000743   Thumb Code     0  use_no_semi.o(.text)
    __use_no_semihosting_swi                 0x08000743   Thumb Code     2  use_no_semi.o(.text)
    __semihosting_library_function           0x08000745   Thumb Code     0  indicate_semi.o(.text)
    __user_setup_stackheap                   0x08000745   Thumb Code    74  sys_stackheap_outer.o(.text)
    exit                                     0x0800078f   Thumb Code    18  exit.o(.text)
    __sig_exit                               0x080007a1   Thumb Code    10  defsig_exit.o(.text)
    __rt_SIGFPE                              0x080007ab   Thumb Code    14  defsig_fpe_outer.o(.text)
    __rt_SIGRTMEM_inner                      0x080007b9   Thumb Code    22  defsig_rtmem_inner.o(.text)
    _sys_exit                                0x08000809   Thumb Code     8  sys_exit.o(.text)
    __default_signal_display                 0x08000815   Thumb Code    50  defsig_general.o(.text)
    __rt_SIGFPE_inner                        0x08000849   Thumb Code    62  defsig_fpe_inner.o(.text)
    _ttywrch                                 0x080008f5   Thumb Code    14  sys_wrch.o(.text)
    A_communicate_task                       0x08000905   Thumb Code    32  boards_communicate_task.o(i.A_communicate_task)
    BusFault_Handler                         0x08000929   Thumb Code     4  stm32f4xx_it.o(i.BusFault_Handler)
    CAN1_RX0_IRQHandler                      0x0800092d   Thumb Code    10  stm32f4xx_it.o(i.CAN1_RX0_IRQHandler)
    CAN2_RX0_IRQHandler                      0x0800093d   Thumb Code    10  stm32f4xx_it.o(i.CAN2_RX0_IRQHandler)
    CAN_board_communicate_can2_0             0x0800094d   Thumb Code   206  can_communicate.o(i.CAN_board_communicate_can2_0)
    CAN_board_communicate_can2_1             0x08000a39   Thumb Code   170  can_communicate.o(i.CAN_board_communicate_can2_1)
    CAN_cmd_2006                             0x08000b05   Thumb Code    62  can_communicate.o(i.CAN_cmd_2006)
    CAN_cmd_4310_disable                     0x08000b51   Thumb Code    62  can_communicate.o(i.CAN_cmd_4310_disable)
    CAN_cmd_4310_enable                      0x08000b99   Thumb Code    62  can_communicate.o(i.CAN_cmd_4310_enable)
    CAN_cmd_4310_mit                         0x08000be1   Thumb Code   232  can_communicate.o(i.CAN_cmd_4310_mit)
    DMA2_Stream1_IRQHandler                  0x08000ce1   Thumb Code    10  stm32f4xx_it.o(i.DMA2_Stream1_IRQHandler)
    DMA2_Stream2_IRQHandler                  0x08000cf1   Thumb Code    10  stm32f4xx_it.o(i.DMA2_Stream2_IRQHandler)
    DMA2_Stream6_IRQHandler                  0x08000d01   Thumb Code    10  stm32f4xx_it.o(i.DMA2_Stream6_IRQHandler)
    DMA2_Stream7_IRQHandler                  0x08000d11   Thumb Code    10  stm32f4xx_it.o(i.DMA2_Stream7_IRQHandler)
    DWT_Delay                                0x08000e31   Thumb Code    50  bsp_dwt.o(i.DWT_Delay)
    DWT_GetDeltaT                            0x08000e6d   Thumb Code    68  bsp_dwt.o(i.DWT_GetDeltaT)
    DWT_Init                                 0x08000eb9   Thumb Code    74  bsp_dwt.o(i.DWT_Init)
    DebugMon_Handler                         0x08000f21   Thumb Code     2  stm32f4xx_it.o(i.DebugMon_Handler)
    Error_Handler                            0x08000f23   Thumb Code     6  main.o(i.Error_Handler)
    HAL_CAN_ActivateNotification             0x08000f29   Thumb Code    42  stm32f4xx_hal_can.o(i.HAL_CAN_ActivateNotification)
    HAL_CAN_AddTxMessage                     0x08000f53   Thumb Code   330  stm32f4xx_hal_can.o(i.HAL_CAN_AddTxMessage)
    HAL_CAN_ConfigFilter                     0x0800109d   Thumb Code   286  stm32f4xx_hal_can.o(i.HAL_CAN_ConfigFilter)
    HAL_CAN_ErrorCallback                    0x080011c1   Thumb Code     2  stm32f4xx_hal_can.o(i.HAL_CAN_ErrorCallback)
    HAL_CAN_GetRxMessage                     0x080011c3   Thumb Code   404  stm32f4xx_hal_can.o(i.HAL_CAN_GetRxMessage)
    HAL_CAN_IRQHandler                       0x08001357   Thumb Code   590  stm32f4xx_hal_can.o(i.HAL_CAN_IRQHandler)
    HAL_CAN_Init                             0x080015a5   Thumb Code   372  stm32f4xx_hal_can.o(i.HAL_CAN_Init)
    HAL_CAN_MspInit                          0x08001719   Thumb Code   328  can.o(i.HAL_CAN_MspInit)
    HAL_CAN_RxFifo0FullCallback              0x08001879   Thumb Code     2  stm32f4xx_hal_can.o(i.HAL_CAN_RxFifo0FullCallback)
    HAL_CAN_RxFifo0MsgPendingCallback        0x0800187d   Thumb Code  1448  can_communicate.o(i.HAL_CAN_RxFifo0MsgPendingCallback)
    HAL_CAN_RxFifo1FullCallback              0x08001e3d   Thumb Code     2  stm32f4xx_hal_can.o(i.HAL_CAN_RxFifo1FullCallback)
    HAL_CAN_RxFifo1MsgPendingCallback        0x08001e3f   Thumb Code     2  stm32f4xx_hal_can.o(i.HAL_CAN_RxFifo1MsgPendingCallback)
    HAL_CAN_SleepCallback                    0x08001e41   Thumb Code     2  stm32f4xx_hal_can.o(i.HAL_CAN_SleepCallback)
    HAL_CAN_Start                            0x08001e43   Thumb Code    94  stm32f4xx_hal_can.o(i.HAL_CAN_Start)
    HAL_CAN_TxMailbox0AbortCallback          0x08001ea1   Thumb Code     2  stm32f4xx_hal_can.o(i.HAL_CAN_TxMailbox0AbortCallback)
    HAL_CAN_TxMailbox0CompleteCallback       0x08001ea3   Thumb Code     2  stm32f4xx_hal_can.o(i.HAL_CAN_TxMailbox0CompleteCallback)
    HAL_CAN_TxMailbox1AbortCallback          0x08001ea5   Thumb Code     2  stm32f4xx_hal_can.o(i.HAL_CAN_TxMailbox1AbortCallback)
    HAL_CAN_TxMailbox1CompleteCallback       0x08001ea7   Thumb Code     2  stm32f4xx_hal_can.o(i.HAL_CAN_TxMailbox1CompleteCallback)
    HAL_CAN_TxMailbox2AbortCallback          0x08001ea9   Thumb Code     2  stm32f4xx_hal_can.o(i.HAL_CAN_TxMailbox2AbortCallback)
    HAL_CAN_TxMailbox2CompleteCallback       0x08001eab   Thumb Code     2  stm32f4xx_hal_can.o(i.HAL_CAN_TxMailbox2CompleteCallback)
    HAL_CAN_WakeUpFromRxMsgCallback          0x08001ead   Thumb Code     2  stm32f4xx_hal_can.o(i.HAL_CAN_WakeUpFromRxMsgCallback)
    HAL_DMA_Abort                            0x08001eaf   Thumb Code   172  stm32f4xx_hal_dma.o(i.HAL_DMA_Abort)
    HAL_DMA_Abort_IT                         0x08001f5b   Thumb Code    40  stm32f4xx_hal_dma.o(i.HAL_DMA_Abort_IT)
    HAL_DMA_IRQHandler                       0x08001f85   Thumb Code   570  stm32f4xx_hal_dma.o(i.HAL_DMA_IRQHandler)
    HAL_DMA_Init                             0x080021c5   Thumb Code   232  stm32f4xx_hal_dma.o(i.HAL_DMA_Init)
    HAL_GPIO_Init                            0x080022b1   Thumb Code   454  stm32f4xx_hal_gpio.o(i.HAL_GPIO_Init)
    HAL_GetTick                              0x080024a5   Thumb Code     6  stm32f4xx_hal.o(i.HAL_GetTick)
    HAL_IncTick                              0x080024b1   Thumb Code    16  stm32f4xx_hal.o(i.HAL_IncTick)
    HAL_Init                                 0x080024c9   Thumb Code    54  stm32f4xx_hal.o(i.HAL_Init)
    HAL_InitTick                             0x08002505   Thumb Code    64  stm32f4xx_hal.o(i.HAL_InitTick)
    HAL_MspInit                              0x08002551   Thumb Code    78  stm32f4xx_hal_msp.o(i.HAL_MspInit)
    HAL_NVIC_EnableIRQ                       0x080025a5   Thumb Code    40  stm32f4xx_hal_cortex.o(i.HAL_NVIC_EnableIRQ)
    HAL_NVIC_SetPriority                     0x080025cd   Thumb Code   124  stm32f4xx_hal_cortex.o(i.HAL_NVIC_SetPriority)
    HAL_NVIC_SetPriorityGrouping             0x08002649   Thumb Code    32  stm32f4xx_hal_cortex.o(i.HAL_NVIC_SetPriorityGrouping)
    HAL_RCC_ClockConfig                      0x08002671   Thumb Code   368  stm32f4xx_hal_rcc.o(i.HAL_RCC_ClockConfig)
    HAL_RCC_GetHCLKFreq                      0x080027f5   Thumb Code     6  stm32f4xx_hal_rcc.o(i.HAL_RCC_GetHCLKFreq)
    HAL_RCC_GetPCLK1Freq                     0x08002801   Thumb Code    22  stm32f4xx_hal_rcc.o(i.HAL_RCC_GetPCLK1Freq)
    HAL_RCC_GetPCLK2Freq                     0x08002821   Thumb Code    22  stm32f4xx_hal_rcc.o(i.HAL_RCC_GetPCLK2Freq)
    HAL_RCC_GetSysClockFreq                  0x08002841   Thumb Code   162  stm32f4xx_hal_rcc.o(i.HAL_RCC_GetSysClockFreq)
    HAL_RCC_OscConfig                        0x080028f1   Thumb Code  1172  stm32f4xx_hal_rcc.o(i.HAL_RCC_OscConfig)
    HAL_SYSTICK_Config                       0x08002d8d   Thumb Code    52  stm32f4xx_hal_cortex.o(i.HAL_SYSTICK_Config)
    HAL_TIMEx_ConfigBreakDeadTime            0x08002dc1   Thumb Code   116  stm32f4xx_hal_tim_ex.o(i.HAL_TIMEx_ConfigBreakDeadTime)
    HAL_TIMEx_MasterConfigSynchronization    0x08002e35   Thumb Code   150  stm32f4xx_hal_tim_ex.o(i.HAL_TIMEx_MasterConfigSynchronization)
    HAL_TIM_Base_Init                        0x08002ee9   Thumb Code   102  stm32f4xx_hal_tim.o(i.HAL_TIM_Base_Init)
    HAL_TIM_Base_MspInit                     0x08002f51   Thumb Code    88  tim.o(i.HAL_TIM_Base_MspInit)
    HAL_TIM_Base_Start                       0x08002fb5   Thumb Code   126  stm32f4xx_hal_tim.o(i.HAL_TIM_Base_Start)
    HAL_TIM_ConfigClockSource                0x08003051   Thumb Code   268  stm32f4xx_hal_tim.o(i.HAL_TIM_ConfigClockSource)
    HAL_TIM_MspPostInit                      0x0800315d   Thumb Code    86  tim.o(i.HAL_TIM_MspPostInit)
    HAL_TIM_PWM_ConfigChannel                0x080031c1   Thumb Code   260  stm32f4xx_hal_tim.o(i.HAL_TIM_PWM_ConfigChannel)
    HAL_TIM_PWM_Init                         0x080032c5   Thumb Code   102  stm32f4xx_hal_tim.o(i.HAL_TIM_PWM_Init)
    HAL_TIM_PWM_MspInit                      0x0800332b   Thumb Code     2  stm32f4xx_hal_tim.o(i.HAL_TIM_PWM_MspInit)
    HAL_TIM_PWM_Start                        0x0800332d   Thumb Code   238  stm32f4xx_hal_tim.o(i.HAL_TIM_PWM_Start)
    HAL_TIM_PWM_Start_IT                     0x08003439   Thumb Code   324  stm32f4xx_hal_tim.o(i.HAL_TIM_PWM_Start_IT)
    HAL_UARTEx_RxEventCallback               0x08003599   Thumb Code     2  stm32f4xx_hal_uart.o(i.HAL_UARTEx_RxEventCallback)
    HAL_UART_ErrorCallback                   0x0800359b   Thumb Code     2  stm32f4xx_hal_uart.o(i.HAL_UART_ErrorCallback)
    HAL_UART_IRQHandler                      0x0800359d   Thumb Code   740  stm32f4xx_hal_uart.o(i.HAL_UART_IRQHandler)
    HAL_UART_Init                            0x08003885   Thumb Code   118  stm32f4xx_hal_uart.o(i.HAL_UART_Init)
    HAL_UART_MspInit                         0x080038fd   Thumb Code   590  usart.o(i.HAL_UART_MspInit)
    HAL_UART_RxCpltCallback                  0x08003b79   Thumb Code     2  stm32f4xx_hal_uart.o(i.HAL_UART_RxCpltCallback)
    HAL_UART_TxCpltCallback                  0x08003b7b   Thumb Code     2  stm32f4xx_hal_uart.o(i.HAL_UART_TxCpltCallback)
    HardFault_Handler                        0x08003b7d   Thumb Code     4  stm32f4xx_it.o(i.HardFault_Handler)
    MX_CAN1_Init                             0x08003b81   Thumb Code    58  can.o(i.MX_CAN1_Init)
    MX_CAN2_Init                             0x08003bc5   Thumb Code    58  can.o(i.MX_CAN2_Init)
    MX_DMA_Init                              0x08003c09   Thumb Code   100  dma.o(i.MX_DMA_Init)
    MX_FREERTOS_Init                         0x08003c71   Thumb Code    78  freertos.o(i.MX_FREERTOS_Init)
    MX_GPIO_Init                             0x08003cd1   Thumb Code   186  gpio.o(i.MX_GPIO_Init)
    MX_TIM1_Init                             0x08003d91   Thumb Code   268  tim.o(i.MX_TIM1_Init)
    MX_TIM4_Init                             0x08003ea5   Thumb Code   100  tim.o(i.MX_TIM4_Init)
    MX_USART1_UART_Init                      0x08003f11   Thumb Code    44  usart.o(i.MX_USART1_UART_Init)
    MX_USART6_UART_Init                      0x08003f49   Thumb Code    44  usart.o(i.MX_USART6_UART_Init)
    MemManage_Handler                        0x08003f81   Thumb Code     4  stm32f4xx_it.o(i.MemManage_Handler)
    NMI_Handler                              0x08003f85   Thumb Code     4  stm32f4xx_it.o(i.NMI_Handler)
    OLS_Derivative                           0x08003f89   Thumb Code   578  user_lib.o(i.OLS_Derivative)
    OLS_Init                                 0x080041d5   Thumb Code    82  user_lib.o(i.OLS_Init)
    PID_Calculate                            0x0800422d   Thumb Code   720  controller.o(i.PID_Calculate)
    PID_Calculate_Angle                      0x080044fd   Thumb Code   736  controller.o(i.PID_Calculate_Angle)
    PID_Init                                 0x080047e5   Thumb Code   184  controller.o(i.PID_Init)
    Set_KP                                   0x080048a1   Thumb Code     8  controller.o(i.Set_KP)
    Sign                                     0x080048a9   Thumb Code    42  td.o(i.Sign)
    StartDefaultTask                         0x080048d9   Thumb Code    10  freertos.o(i.StartDefaultTask)
    SysTick_Handler                          0x080048e3   Thumb Code    20  stm32f4xx_it.o(i.SysTick_Handler)
    SystemClock_Config                       0x080048f9   Thumb Code   174  main.o(i.SystemClock_Config)
    SystemInit                               0x080049b1   Thumb Code    14  system_stm32f4xx.o(i.SystemInit)
    TD_calc                                  0x080049c5   Thumb Code   506  td.o(i.TD_calc)
    TD_init                                  0x08004bcd   Thumb Code    34  td.o(i.TD_init)
    TD_set_r                                 0x08004bf5   Thumb Code     6  td.o(i.TD_set_r)
    TD_set_x                                 0x08004bfb   Thumb Code     6  td.o(i.TD_set_x)
    TIM_Base_SetConfig                       0x08004c01   Thumb Code   186  stm32f4xx_hal_tim.o(i.TIM_Base_SetConfig)
    TIM_CCxChannelCmd                        0x08004ce9   Thumb Code    34  stm32f4xx_hal_tim.o(i.TIM_CCxChannelCmd)
    TIM_ETR_SetConfig                        0x08004d0b   Thumb Code    22  stm32f4xx_hal_tim.o(i.TIM_ETR_SetConfig)
    TIM_OC2_SetConfig                        0x08004da5   Thumb Code   114  stm32f4xx_hal_tim.o(i.TIM_OC2_SetConfig)
    USART1_IRQHandler                        0x080053b1   Thumb Code    10  stm32f4xx_it.o(i.USART1_IRQHandler)
    USART6_IRQHandler                        0x080053c1   Thumb Code    10  stm32f4xx_it.o(i.USART6_IRQHandler)
    UsageFault_Handler                       0x080053d1   Thumb Code     4  stm32f4xx_it.o(i.UsageFault_Handler)
    __hardfp_cosf                            0x0800540d   Thumb Code   280  cosf.o(i.__hardfp_cosf)
    __hardfp_fabs                            0x0800555d   Thumb Code    20  fabs.o(i.__hardfp_fabs)
    __hardfp_sqrt                            0x08005571   Thumb Code   122  sqrt_full.o(i.__hardfp_sqrt)
    __mathlib_flt_infnan                     0x080055eb   Thumb Code     6  funder.o(i.__mathlib_flt_infnan)
    __mathlib_flt_invalid                    0x080055f1   Thumb Code    10  funder.o(i.__mathlib_flt_invalid)
    __mathlib_rredf2                         0x08005601   Thumb Code   316  rredf.o(i.__mathlib_rredf2)
    arm_task                                 0x0800634d   Thumb Code   894  arm_control_task.o(i.arm_task)
    can_filter_init                          0x080066f9   Thumb Code    84  bsp_can.o(i.can_filter_init)
    float_to_uint                            0x08006c97   Thumb Code    50  can_communicate.o(i.float_to_uint)
    fsg                                      0x08006cc9   Thumb Code    52  td.o(i.fsg)
    get_chassis_motor_point                  0x08006cfd   Thumb Code    14  can_communicate.o(i.get_chassis_motor_point)
    int16_constrain                          0x08006d21   Thumb Code    22  user_lib.o(i.int16_constrain)
    loop_fp32_constrain                      0x08006d37   Thumb Code    96  user_lib.o(i.loop_fp32_constrain)
    main                                     0x08006d99   Thumb Code   114  main.o(i.main)
    osDelay                                  0x08006e23   Thumb Code    24  cmsis_os.o(i.osDelay)
    osKernelStart                            0x08006e3b   Thumb Code    10  cmsis_os.o(i.osKernelStart)
    osKernelSysTick                          0x08006e45   Thumb Code    20  cmsis_os.o(i.osKernelSysTick)
    osThreadCreate                           0x08006e59   Thumb Code    94  cmsis_os.o(i.osThreadCreate)
    pvPortMalloc                             0x08007339   Thumb Code   306  heap_4.o(i.pvPortMalloc)
    pxPortInitialiseStack                    0x08007485   Thumb Code    38  port.o(i.pxPortInitialiseStack)
    return_4310_measure                      0x080074b1   Thumb Code    10  can_communicate.o(i.return_4310_measure)
    uint_to_float                            0x080074c1   Thumb Code    52  can_communicate.o(i.uint_to_float)
    uxListRemove                             0x080074f5   Thumb Code    40  list.o(i.uxListRemove)
    vApplicationGetIdleTaskMemory            0x0800751d   Thumb Code    14  freertos.o(i.vApplicationGetIdleTaskMemory)
    vListInitialise                          0x08007535   Thumb Code    26  list.o(i.vListInitialise)
    vListInitialiseItem                      0x0800754f   Thumb Code     6  list.o(i.vListInitialiseItem)
    vListInsert                              0x08007555   Thumb Code    52  list.o(i.vListInsert)
    vListInsertEnd                           0x08007589   Thumb Code    24  list.o(i.vListInsertEnd)
    vPortEnterCritical                       0x080075a1   Thumb Code    76  port.o(i.vPortEnterCritical)
    vPortExitCritical                        0x080075f5   Thumb Code    56  port.o(i.vPortExitCritical)
    vPortFree                                0x08007631   Thumb Code   150  heap_4.o(i.vPortFree)
    vPortSetupTimerInterrupt                 0x080076d5   Thumb Code    36  port.o(i.vPortSetupTimerInterrupt)
    vPortValidateInterruptPriority           0x080076fd   Thumb Code   106  port.o(i.vPortValidateInterruptPriority)
    vTaskDelay                               0x08007775   Thumb Code    82  tasks.o(i.vTaskDelay)
    vTaskStartScheduler                      0x080077d1   Thumb Code   146  tasks.o(i.vTaskStartScheduler)
    vTaskSuspendAll                          0x08007881   Thumb Code    12  tasks.o(i.vTaskSuspendAll)
    vTaskSwitchContext                       0x08007891   Thumb Code   118  tasks.o(i.vTaskSwitchContext)
    xPortStartScheduler                      0x0800791d   Thumb Code   330  port.o(i.xPortStartScheduler)
    xPortSysTickHandler                      0x08007a85   Thumb Code    46  port.o(i.xPortSysTickHandler)
    xTaskCreate                              0x08007ab9   Thumb Code   100  tasks.o(i.xTaskCreate)
    xTaskCreateStatic                        0x08007b1d   Thumb Code   186  tasks.o(i.xTaskCreateStatic)
    xTaskGetSchedulerState                   0x08007bd9   Thumb Code    24  tasks.o(i.xTaskGetSchedulerState)
    xTaskGetTickCount                        0x08007bf9   Thumb Code     6  tasks.o(i.xTaskGetTickCount)
    xTaskGetTickCountFromISR                 0x08007c05   Thumb Code    16  tasks.o(i.xTaskGetTickCountFromISR)
    xTaskIncrementTick                       0x08007c19   Thumb Code   282  tasks.o(i.xTaskIncrementTick)
    xTaskResumeAll                           0x08007d61   Thumb Code   224  tasks.o(i.xTaskResumeAll)
    __aeabi_d2f                              0x08007e65   Thumb Code     0  d2f_clz.o(x$fpl$d2f)
    _d2f                                     0x08007e65   Thumb Code   700  d2f_clz.o(x$fpl$d2f)
    __aeabi_dadd                             0x08008129   Thumb Code     0  daddsub_clz.o(x$fpl$dadd)
    _dadd                                    0x08008129   Thumb Code   580  daddsub_clz.o(x$fpl$dadd)
    __fpl_dcmp_Inf                           0x08008375   Thumb Code    24  dcmpi.o(x$fpl$dcmpinf)
    __dflt_normalise                         0x0800838d   Thumb Code    26  dflt_clz.o(x$fpl$dfltn)
    __aeabi_cdcmple                          0x080083a9   Thumb Code     0  dleqf.o(x$fpl$dleqf)
    _dcmple                                  0x080083a9   Thumb Code   120  dleqf.o(x$fpl$dleqf)
    __fpl_dcmple_InfNaN                      0x08008401   Thumb Code     0  dleqf.o(x$fpl$dleqf)
    __aeabi_dmul                             0x08008421   Thumb Code     0  dmul_clz.o(x$fpl$dmul)
    _dmul                                    0x08008421   Thumb Code   440  dmul_clz.o(x$fpl$dmul)
    __fpl_dnaninf                            0x080085e1   Thumb Code   258  dnaninf.o(x$fpl$dnaninf)
    __fpl_drenorm2                           0x080086e3   Thumb Code   106  drenorm_clz.o(x$fpl$drenorm)
    __fpl_drenorm1                           0x0800874d   Thumb Code     6  drenorm_clz.o(x$fpl$drenorm)
    __fpl_dretinf                            0x08008753   Thumb Code    12  dretinf.o(x$fpl$dretinf)
    _dsqrt                                   0x08008761   Thumb Code   520  dsqrt_umaalclz.o(x$fpl$dsqrt)
    __aeabi_dsub                             0x08008969   Thumb Code     0  daddsub_clz.o(x$fpl$dsub)
    _dsub                                    0x08008969   Thumb Code   664  daddsub_clz.o(x$fpl$dsub)
    __dunder                                 0x08008c05   Thumb Code   314  dunder_clz.o(x$fpl$dunder)
    __dunder_d                               0x08008d3f   Thumb Code    64  dunder_clz.o(x$fpl$dunder)
    __fpl_exception                          0x08008d81   Thumb Code   454  except.o(x$fpl$exception)
    __aeabi_f2d                              0x08008f6d   Thumb Code     0  f2d.o(x$fpl$f2d)
    _f2d                                     0x08008f6d   Thumb Code   122  f2d.o(x$fpl$f2d)
    __fpl_fnaninf                            0x08008fe7   Thumb Code   242  fnaninf.o(x$fpl$fnaninf)
    _fp_init                                 0x080090d9   Thumb Code    10  fpinit.o(x$fpl$fpinit)
    __fplib_config_fpu_vfp                   0x080090e1   Thumb Code     0  fpinit.o(x$fpl$fpinit)
    __fplib_config_pureend_doubles           0x080090e1   Thumb Code     0  fpinit.o(x$fpl$fpinit)
    __fpl_fretinf                            0x080090e3   Thumb Code    10  fretinf.o(x$fpl$fretinf)
    __funder                                 0x080090ed   Thumb Code   254  funder_clz.o(x$fpl$funder)
    __funder_d                               0x080091eb   Thumb Code    62  funder_clz.o(x$fpl$funder)
    __fpl_return_NaN                         0x08009229   Thumb Code   178  retnan.o(x$fpl$retnan)
    _fp_trapveneer                           0x080092db   Thumb Code    36  trapv.o(x$fpl$trapveneer)
    __fpl_cmpreturn                          0x080092ff   Thumb Code    90  trapv.o(x$fpl$trapveneer)
    __I$use$fp                               0x08009358   Number         0  usenofp.o(x$fpl$usenofp)
    AHBPrescTable                            0x080093b4   Data          16  system_stm32f4xx.o(.constdata)
    APBPrescTable                            0x080093c4   Data           8  system_stm32f4xx.o(.constdata)
    Region$$Table$$Base                      0x08009420   Number         0  anon$$obj.o(Region$$Table)
    Region$$Table$$Limit                     0x08009440   Number         0  anon$$obj.o(Region$$Table)
    defaultTaskHandle                        0x20000000   Data           4  freertos.o(.data)
    ArmTaskHandle                            0x20000004   Data           4  freertos.o(.data)
    BoardscommunicateTaskHandle              0x20000008   Data           4  freertos.o(.data)
    ErrorCheckTaskHandle                     0x2000000c   Data           4  freertos.o(.data)
    uwTick                                   0x20000014   Data           4  stm32f4xx_hal.o(.data)
    uwTickPrio                               0x20000018   Data           4  stm32f4xx_hal.o(.data)
    uwTickFreq                               0x2000001c   Data           1  stm32f4xx_hal.o(.data)
    SystemCoreClock                          0x20000020   Data           4  system_stm32f4xx.o(.data)
    SysTime                                  0x20000028   Data           8  bsp_dwt.o(.data)
    CYCCNT64                                 0x20000048   Data           8  bsp_dwt.o(.data)
    reset_3508_switch                        0x200002c8   Data           1  arm_control_task.o(.data)
    reset_3508_count                         0x200002cc   Data           8  arm_control_task.o(.data)
    reset_2006_count                         0x200002d4   Data           8  arm_control_task.o(.data)
    reposition_count                         0x200002dc   Data           4  arm_control_task.o(.data)
    reposition_flag                          0x200002e0   Data           1  arm_control_task.o(.data)
    g_2006                                   0x200002e4   Data           4  arm_control_task.o(.data)
    mode2_cnt                                0x200002e8   Data           4  arm_control_task.o(.data)
    joint6_round                             0x200002ec   Data           4  arm_control_task.o(.data)
    roll_angle_set                           0x200002f0   Data           4  arm_control_task.o(.data)
    last_roll_angle_set                      0x200002f4   Data           4  arm_control_task.o(.data)
    joint6_position                          0x200002f8   Data           4  arm_control_task.o(.data)
    Motor_3508_Timeout_Count                 0x2000030c   Data           4  can_communicate.o(.data)
    Motor_3508_Timeout_Flag                  0x20000310   Data           1  can_communicate.o(.data)
    error_info                               0x20000312   Data           2  error_check.o(.data)
    tick                                     0x20000314   Data           2  error_check.o(.data)
    buzzer_psc                               0x20000316   Data           2  error_check.o(.data)
    buzzer_pwm                               0x20000318   Data           2  error_check.o(.data)
    pxCurrentTCB                             0x2000031c   Data           4  tasks.o(.data)
    hcan1                                    0x200005d8   Data          40  can.o(.bss)
    hcan2                                    0x20000600   Data          40  can.o(.bss)
    htim1                                    0x20000628   Data          72  tim.o(.bss)
    htim4                                    0x20000670   Data          72  tim.o(.bss)
    huart1                                   0x200006b8   Data          72  usart.o(.bss)
    huart6                                   0x20000700   Data          72  usart.o(.bss)
    hdma_usart1_rx                           0x20000748   Data          96  usart.o(.bss)
    hdma_usart1_tx                           0x200007a8   Data          96  usart.o(.bss)
    hdma_usart6_rx                           0x20000808   Data          96  usart.o(.bss)
    hdma_usart6_tx                           0x20000868   Data          96  usart.o(.bss)
    arm                                      0x200008c8   Data         968  arm_control_task.o(.bss)
    tx_message_mp                            0x20000c90   Data          24  boards_communicate_task.o(.bss)
    rx_message_mp                            0x20000ca8   Data          28  boards_communicate_task.o(.bss)
    motor_2006                               0x20000cc4   Data          20  can_communicate.o(.bss)
    DM_motor                                 0x20000cd8   Data          64  can_communicate.o(.bss)
    board_message_temp                       0x20000d18   Data          36  can_communicate.o(.bss)
    board_message                            0x20000d3c   Data          36  can_communicate.o(.bss)
    __libspace_start                         0x20004a80   Data          96  libspace.o(.bss)
    __temporary_stack_top$libspace           0x20004ae0   Data           0  libspace.o(.bss)



==============================================================================

Memory Map of the image

  Image Entry point : 0x08000189

  Load Region LR_IROM1 (Base: 0x08000000, Size: 0x000097c4, Max: 0x00100000, ABSOLUTE, COMPRESSED[0x000094b4])

    Execution Region ER_IROM1 (Exec base: 0x08000000, Load base: 0x08000000, Size: 0x00009440, Max: 0x00100000, ABSOLUTE)

    Exec Addr    Load Addr    Size         Type   Attr      Idx    E Section Name        Object

    0x08000000   0x08000000   0x00000188   Data   RO            3    RESET               startup_stm32f407xx.o
    0x08000188   0x08000188   0x00000008   Code   RO         6206  * !!!main             c_w.l(__main.o)
    0x08000190   0x08000190   0x00000034   Code   RO         6644    !!!scatter          c_w.l(__scatter.o)
    0x080001c4   0x080001c4   0x0000005a   Code   RO         6642    !!dczerorl2         c_w.l(__dczerorl2.o)
    0x0800021e   0x0800021e   0x00000002   PAD
    0x08000220   0x08000220   0x0000001c   Code   RO         6646    !!handler_zi        c_w.l(__scatter_zi.o)
    0x0800023c   0x0800023c   0x00000002   Code   RO         6581    .ARM.Collect$$libinit$$00000000  c_w.l(libinit.o)
    0x0800023e   0x0800023e   0x00000004   Code   RO         6378    .ARM.Collect$$libinit$$00000001  c_w.l(libinit2.o)
    0x08000242   0x08000242   0x00000000   Code   RO         6381    .ARM.Collect$$libinit$$00000004  c_w.l(libinit2.o)
    0x08000242   0x08000242   0x00000008   Code   RO         6382    .ARM.Collect$$libinit$$00000005  c_w.l(libinit2.o)
    0x0800024a   0x0800024a   0x00000000   Code   RO         6384    .ARM.Collect$$libinit$$0000000A  c_w.l(libinit2.o)
    0x0800024a   0x0800024a   0x00000000   Code   RO         6386    .ARM.Collect$$libinit$$0000000C  c_w.l(libinit2.o)
    0x0800024a   0x0800024a   0x00000000   Code   RO         6388    .ARM.Collect$$libinit$$0000000E  c_w.l(libinit2.o)
    0x0800024a   0x0800024a   0x00000000   Code   RO         6391    .ARM.Collect$$libinit$$00000011  c_w.l(libinit2.o)
    0x0800024a   0x0800024a   0x00000000   Code   RO         6393    .ARM.Collect$$libinit$$00000013  c_w.l(libinit2.o)
    0x0800024a   0x0800024a   0x00000000   Code   RO         6395    .ARM.Collect$$libinit$$00000015  c_w.l(libinit2.o)
    0x0800024a   0x0800024a   0x00000000   Code   RO         6397    .ARM.Collect$$libinit$$00000017  c_w.l(libinit2.o)
    0x0800024a   0x0800024a   0x00000000   Code   RO         6399    .ARM.Collect$$libinit$$00000019  c_w.l(libinit2.o)
    0x0800024a   0x0800024a   0x00000000   Code   RO         6401    .ARM.Collect$$libinit$$0000001B  c_w.l(libinit2.o)
    0x0800024a   0x0800024a   0x00000000   Code   RO         6403    .ARM.Collect$$libinit$$0000001D  c_w.l(libinit2.o)
    0x0800024a   0x0800024a   0x00000000   Code   RO         6405    .ARM.Collect$$libinit$$0000001F  c_w.l(libinit2.o)
    0x0800024a   0x0800024a   0x00000000   Code   RO         6407    .ARM.Collect$$libinit$$00000021  c_w.l(libinit2.o)
    0x0800024a   0x0800024a   0x00000000   Code   RO         6409    .ARM.Collect$$libinit$$00000023  c_w.l(libinit2.o)
    0x0800024a   0x0800024a   0x00000000   Code   RO         6411    .ARM.Collect$$libinit$$00000025  c_w.l(libinit2.o)
    0x0800024a   0x0800024a   0x00000000   Code   RO         6415    .ARM.Collect$$libinit$$0000002C  c_w.l(libinit2.o)
    0x0800024a   0x0800024a   0x00000000   Code   RO         6417    .ARM.Collect$$libinit$$0000002E  c_w.l(libinit2.o)
    0x0800024a   0x0800024a   0x00000000   Code   RO         6419    .ARM.Collect$$libinit$$00000030  c_w.l(libinit2.o)
    0x0800024a   0x0800024a   0x00000000   Code   RO         6421    .ARM.Collect$$libinit$$00000032  c_w.l(libinit2.o)
    0x0800024a   0x0800024a   0x00000002   Code   RO         6422    .ARM.Collect$$libinit$$00000033  c_w.l(libinit2.o)
    0x0800024c   0x0800024c   0x00000002   Code   RO         6639    .ARM.Collect$$libshutdown$$00000000  c_w.l(libshutdown.o)
    0x0800024e   0x0800024e   0x00000000   Code   RO         6597    .ARM.Collect$$libshutdown$$00000002  c_w.l(libshutdown2.o)
    0x0800024e   0x0800024e   0x00000000   Code   RO         6599    .ARM.Collect$$libshutdown$$00000004  c_w.l(libshutdown2.o)
    0x0800024e   0x0800024e   0x00000000   Code   RO         6602    .ARM.Collect$$libshutdown$$00000007  c_w.l(libshutdown2.o)
    0x0800024e   0x0800024e   0x00000000   Code   RO         6605    .ARM.Collect$$libshutdown$$0000000A  c_w.l(libshutdown2.o)
    0x0800024e   0x0800024e   0x00000000   Code   RO         6607    .ARM.Collect$$libshutdown$$0000000C  c_w.l(libshutdown2.o)
    0x0800024e   0x0800024e   0x00000000   Code   RO         6610    .ARM.Collect$$libshutdown$$0000000F  c_w.l(libshutdown2.o)
    0x0800024e   0x0800024e   0x00000002   Code   RO         6611    .ARM.Collect$$libshutdown$$00000010  c_w.l(libshutdown2.o)
    0x08000250   0x08000250   0x00000000   Code   RO         6338    .ARM.Collect$$rtentry$$00000000  c_w.l(__rtentry.o)
    0x08000250   0x08000250   0x00000000   Code   RO         6501    .ARM.Collect$$rtentry$$00000002  c_w.l(__rtentry2.o)
    0x08000250   0x08000250   0x00000006   Code   RO         6513    .ARM.Collect$$rtentry$$00000004  c_w.l(__rtentry4.o)
    0x08000256   0x08000256   0x00000000   Code   RO         6503    .ARM.Collect$$rtentry$$00000009  c_w.l(__rtentry2.o)
    0x08000256   0x08000256   0x00000004   Code   RO         6504    .ARM.Collect$$rtentry$$0000000A  c_w.l(__rtentry2.o)
    0x0800025a   0x0800025a   0x00000000   Code   RO         6506    .ARM.Collect$$rtentry$$0000000C  c_w.l(__rtentry2.o)
    0x0800025a   0x0800025a   0x00000008   Code   RO         6507    .ARM.Collect$$rtentry$$0000000D  c_w.l(__rtentry2.o)
    0x08000262   0x08000262   0x00000002   Code   RO         6584    .ARM.Collect$$rtexit$$00000000  c_w.l(rtexit.o)
    0x08000264   0x08000264   0x00000000   Code   RO         6615    .ARM.Collect$$rtexit$$00000002  c_w.l(rtexit2.o)
    0x08000264   0x08000264   0x00000004   Code   RO         6616    .ARM.Collect$$rtexit$$00000003  c_w.l(rtexit2.o)
    0x08000268   0x08000268   0x00000006   Code   RO         6617    .ARM.Collect$$rtexit$$00000004  c_w.l(rtexit2.o)
    0x0800026e   0x0800026e   0x00000002   PAD
    0x08000270   0x08000270   0x000000be   Code   RO         5898    .emb_text           port.o
    0x0800032e   0x0800032e   0x00000002   PAD
    0x08000330   0x08000330   0x00000000   Code   RO         6524    .emb_text           c_w.l(maybetermalloc1.o)
    0x08000330   0x08000330   0x00000040   Code   RO            4    .text               startup_stm32f407xx.o
    0x08000370   0x08000370   0x0000005e   Code   RO         6138    .text               c_w.l(h1_alloc.o)
    0x080003ce   0x080003ce   0x000000ee   Code   RO         6192    .text               c_w.l(lludivv7m.o)
    0x080004bc   0x080004bc   0x00000064   Code   RO         6196    .text               c_w.l(rt_memcpy_w.o)
    0x08000520   0x08000520   0x00000044   Code   RO         6200    .text               c_w.l(rt_memclr.o)
    0x08000564   0x08000564   0x0000004e   Code   RO         6202    .text               c_w.l(rt_memclr_w.o)
    0x080005b2   0x080005b2   0x00000006   Code   RO         6204    .text               c_w.l(heapauxi.o)
    0x080005b8   0x080005b8   0x00000008   Code   RO         6346    .text               c_w.l(rt_heap_descriptor_intlibspace.o)
    0x080005c0   0x080005c0   0x00000004   Code   RO         6348    .text               c_w.l(hguard.o)
    0x080005c4   0x080005c4   0x0000008a   Code   RO         6350    .text               c_w.l(init_alloc.o)
    0x0800064e   0x0800064e   0x0000000e   Code   RO         6356    .text               c_w.l(h1_init.o)
    0x0800065c   0x0800065c   0x0000004e   Code   RO         6358    .text               c_w.l(h1_free.o)
    0x080006aa   0x080006aa   0x00000016   Code   RO         6374    .text               c_w.l(_rserrno.o)
    0x080006c0   0x080006c0   0x00000008   Code   RO         6497    .text               c_w.l(libspace.o)
    0x080006c8   0x080006c8   0x00000008   Code   RO         6520    .text               c_w.l(rt_errno_addr_intlibspace.o)
    0x080006d0   0x080006d0   0x00000034   Code   RO         6526    .text               c_w.l(h1_extend.o)
    0x08000704   0x08000704   0x00000030   Code   RO         6530    .text               c_w.l(_fptrap.o)
    0x08000734   0x08000734   0x0000000e   Code   RO         6532    .text               c_w.l(defsig_rtmem_outer.o)
    0x08000742   0x08000742   0x00000002   Code   RO         6553    .text               c_w.l(use_no_semi.o)
    0x08000744   0x08000744   0x00000000   Code   RO         6555    .text               c_w.l(indicate_semi.o)
    0x08000744   0x08000744   0x0000004a   Code   RO         6556    .text               c_w.l(sys_stackheap_outer.o)
    0x0800078e   0x0800078e   0x00000012   Code   RO         6562    .text               c_w.l(exit.o)
    0x080007a0   0x080007a0   0x0000000a   Code   RO         6564    .text               c_w.l(defsig_exit.o)
    0x080007aa   0x080007aa   0x0000000e   Code   RO         6566    .text               c_w.l(defsig_fpe_outer.o)
    0x080007b8   0x080007b8   0x00000050   Code   RO         6570    .text               c_w.l(defsig_rtmem_inner.o)
    0x08000808   0x08000808   0x0000000c   Code   RO         6582    .text               c_w.l(sys_exit.o)
    0x08000814   0x08000814   0x00000032   Code   RO         6592    .text               c_w.l(defsig_general.o)
    0x08000846   0x08000846   0x00000002   PAD
    0x08000848   0x08000848   0x000000ac   Code   RO         6594    .text               c_w.l(defsig_fpe_inner.o)
    0x080008f4   0x080008f4   0x0000000e   Code   RO         6612    .text               c_w.l(sys_wrch.o)
    0x08000902   0x08000902   0x00000002   PAD
    0x08000904   0x08000904   0x00000024   Code   RO         4462    i.A_communicate_task  boards_communicate_task.o
    0x08000928   0x08000928   0x00000004   Code   RO          509    i.BusFault_Handler  stm32f4xx_it.o
    0x0800092c   0x0800092c   0x00000010   Code   RO          510    i.CAN1_RX0_IRQHandler  stm32f4xx_it.o
    0x0800093c   0x0800093c   0x00000010   Code   RO          511    i.CAN2_RX0_IRQHandler  stm32f4xx_it.o
    0x0800094c   0x0800094c   0x000000ec   Code   RO         4502    i.CAN_board_communicate_can2_0  can_communicate.o
    0x08000a38   0x08000a38   0x000000cc   Code   RO         4503    i.CAN_board_communicate_can2_1  can_communicate.o
    0x08000b04   0x08000b04   0x0000004c   Code   RO         4504    i.CAN_cmd_2006      can_communicate.o
    0x08000b50   0x08000b50   0x00000048   Code   RO         4506    i.CAN_cmd_4310_disable  can_communicate.o
    0x08000b98   0x08000b98   0x00000048   Code   RO         4507    i.CAN_cmd_4310_enable  can_communicate.o
    0x08000be0   0x08000be0   0x00000100   Code   RO         4508    i.CAN_cmd_4310_mit  can_communicate.o
    0x08000ce0   0x08000ce0   0x00000010   Code   RO          512    i.DMA2_Stream1_IRQHandler  stm32f4xx_it.o
    0x08000cf0   0x08000cf0   0x00000010   Code   RO          513    i.DMA2_Stream2_IRQHandler  stm32f4xx_it.o
    0x08000d00   0x08000d00   0x00000010   Code   RO          514    i.DMA2_Stream6_IRQHandler  stm32f4xx_it.o
    0x08000d10   0x08000d10   0x00000010   Code   RO          515    i.DMA2_Stream7_IRQHandler  stm32f4xx_it.o
    0x08000d20   0x08000d20   0x00000034   Code   RO         1383    i.DMA_CalcBaseAndBitshift  stm32f4xx_hal_dma.o
    0x08000d54   0x08000d54   0x000000aa   Code   RO         1384    i.DMA_CheckFifoParam  stm32f4xx_hal_dma.o
    0x08000dfe   0x08000dfe   0x00000002   PAD
    0x08000e00   0x08000e00   0x00000030   Code   RO         3473    i.DWT_CNT_Update    bsp_dwt.o
    0x08000e30   0x08000e30   0x0000003c   Code   RO         3474    i.DWT_Delay         bsp_dwt.o
    0x08000e6c   0x08000e6c   0x0000004c   Code   RO         3475    i.DWT_GetDeltaT     bsp_dwt.o
    0x08000eb8   0x08000eb8   0x00000068   Code   RO         3480    i.DWT_Init          bsp_dwt.o
    0x08000f20   0x08000f20   0x00000002   Code   RO          516    i.DebugMon_Handler  stm32f4xx_it.o
    0x08000f22   0x08000f22   0x00000006   Code   RO           13    i.Error_Handler     main.o
    0x08000f28   0x08000f28   0x0000002a   Code   RO          646    i.HAL_CAN_ActivateNotification  stm32f4xx_hal_can.o
    0x08000f52   0x08000f52   0x0000014a   Code   RO          647    i.HAL_CAN_AddTxMessage  stm32f4xx_hal_can.o
    0x0800109c   0x0800109c   0x00000124   Code   RO          648    i.HAL_CAN_ConfigFilter  stm32f4xx_hal_can.o
    0x080011c0   0x080011c0   0x00000002   Code   RO          651    i.HAL_CAN_ErrorCallback  stm32f4xx_hal_can.o
    0x080011c2   0x080011c2   0x00000194   Code   RO          654    i.HAL_CAN_GetRxMessage  stm32f4xx_hal_can.o
    0x08001356   0x08001356   0x0000024e   Code   RO          658    i.HAL_CAN_IRQHandler  stm32f4xx_hal_can.o
    0x080015a4   0x080015a4   0x00000174   Code   RO          659    i.HAL_CAN_Init      stm32f4xx_hal_can.o
    0x08001718   0x08001718   0x00000160   Code   RO          335    i.HAL_CAN_MspInit   can.o
    0x08001878   0x08001878   0x00000002   Code   RO          666    i.HAL_CAN_RxFifo0FullCallback  stm32f4xx_hal_can.o
    0x0800187a   0x0800187a   0x00000002   PAD
    0x0800187c   0x0800187c   0x000005c0   Code   RO         4509    i.HAL_CAN_RxFifo0MsgPendingCallback  can_communicate.o
    0x08001e3c   0x08001e3c   0x00000002   Code   RO          668    i.HAL_CAN_RxFifo1FullCallback  stm32f4xx_hal_can.o
    0x08001e3e   0x08001e3e   0x00000002   Code   RO          669    i.HAL_CAN_RxFifo1MsgPendingCallback  stm32f4xx_hal_can.o
    0x08001e40   0x08001e40   0x00000002   Code   RO          670    i.HAL_CAN_SleepCallback  stm32f4xx_hal_can.o
    0x08001e42   0x08001e42   0x0000005e   Code   RO          671    i.HAL_CAN_Start     stm32f4xx_hal_can.o
    0x08001ea0   0x08001ea0   0x00000002   Code   RO          673    i.HAL_CAN_TxMailbox0AbortCallback  stm32f4xx_hal_can.o
    0x08001ea2   0x08001ea2   0x00000002   Code   RO          674    i.HAL_CAN_TxMailbox0CompleteCallback  stm32f4xx_hal_can.o
    0x08001ea4   0x08001ea4   0x00000002   Code   RO          675    i.HAL_CAN_TxMailbox1AbortCallback  stm32f4xx_hal_can.o
    0x08001ea6   0x08001ea6   0x00000002   Code   RO          676    i.HAL_CAN_TxMailbox1CompleteCallback  stm32f4xx_hal_can.o
    0x08001ea8   0x08001ea8   0x00000002   Code   RO          677    i.HAL_CAN_TxMailbox2AbortCallback  stm32f4xx_hal_can.o
    0x08001eaa   0x08001eaa   0x00000002   Code   RO          678    i.HAL_CAN_TxMailbox2CompleteCallback  stm32f4xx_hal_can.o
    0x08001eac   0x08001eac   0x00000002   Code   RO          680    i.HAL_CAN_WakeUpFromRxMsgCallback  stm32f4xx_hal_can.o
    0x08001eae   0x08001eae   0x000000ac   Code   RO         1386    i.HAL_DMA_Abort     stm32f4xx_hal_dma.o
    0x08001f5a   0x08001f5a   0x00000028   Code   RO         1387    i.HAL_DMA_Abort_IT  stm32f4xx_hal_dma.o
    0x08001f82   0x08001f82   0x00000002   PAD
    0x08001f84   0x08001f84   0x00000240   Code   RO         1391    i.HAL_DMA_IRQHandler  stm32f4xx_hal_dma.o
    0x080021c4   0x080021c4   0x000000ec   Code   RO         1392    i.HAL_DMA_Init      stm32f4xx_hal_dma.o
    0x080022b0   0x080022b0   0x000001f4   Code   RO         1279    i.HAL_GPIO_Init     stm32f4xx_hal_gpio.o
    0x080024a4   0x080024a4   0x0000000c   Code   RO         1834    i.HAL_GetTick       stm32f4xx_hal.o
    0x080024b0   0x080024b0   0x00000018   Code   RO         1840    i.HAL_IncTick       stm32f4xx_hal.o
    0x080024c8   0x080024c8   0x0000003c   Code   RO         1841    i.HAL_Init          stm32f4xx_hal.o
    0x08002504   0x08002504   0x0000004c   Code   RO         1842    i.HAL_InitTick      stm32f4xx_hal.o
    0x08002550   0x08002550   0x00000054   Code   RO          621    i.HAL_MspInit       stm32f4xx_hal_msp.o
    0x080025a4   0x080025a4   0x00000028   Code   RO         1671    i.HAL_NVIC_EnableIRQ  stm32f4xx_hal_cortex.o
    0x080025cc   0x080025cc   0x0000007c   Code   RO         1677    i.HAL_NVIC_SetPriority  stm32f4xx_hal_cortex.o
    0x08002648   0x08002648   0x00000028   Code   RO         1678    i.HAL_NVIC_SetPriorityGrouping  stm32f4xx_hal_cortex.o
    0x08002670   0x08002670   0x00000184   Code   RO          880    i.HAL_RCC_ClockConfig  stm32f4xx_hal_rcc.o
    0x080027f4   0x080027f4   0x0000000c   Code   RO          885    i.HAL_RCC_GetHCLKFreq  stm32f4xx_hal_rcc.o
    0x08002800   0x08002800   0x00000020   Code   RO          887    i.HAL_RCC_GetPCLK1Freq  stm32f4xx_hal_rcc.o
    0x08002820   0x08002820   0x00000020   Code   RO          888    i.HAL_RCC_GetPCLK2Freq  stm32f4xx_hal_rcc.o
    0x08002840   0x08002840   0x000000b0   Code   RO          889    i.HAL_RCC_GetSysClockFreq  stm32f4xx_hal_rcc.o
    0x080028f0   0x080028f0   0x0000049c   Code   RO          892    i.HAL_RCC_OscConfig  stm32f4xx_hal_rcc.o
    0x08002d8c   0x08002d8c   0x00000034   Code   RO         1682    i.HAL_SYSTICK_Config  stm32f4xx_hal_cortex.o
    0x08002dc0   0x08002dc0   0x00000074   Code   RO         2799    i.HAL_TIMEx_ConfigBreakDeadTime  stm32f4xx_hal_tim_ex.o
    0x08002e34   0x08002e34   0x000000b4   Code   RO         2815    i.HAL_TIMEx_MasterConfigSynchronization  stm32f4xx_hal_tim_ex.o
    0x08002ee8   0x08002ee8   0x00000066   Code   RO         2081    i.HAL_TIM_Base_Init  stm32f4xx_hal_tim.o
    0x08002f4e   0x08002f4e   0x00000002   PAD
    0x08002f50   0x08002f50   0x00000064   Code   RO          408    i.HAL_TIM_Base_MspInit  tim.o
    0x08002fb4   0x08002fb4   0x0000009c   Code   RO         2084    i.HAL_TIM_Base_Start  stm32f4xx_hal_tim.o
    0x08003050   0x08003050   0x0000010c   Code   RO         2090    i.HAL_TIM_ConfigClockSource  stm32f4xx_hal_tim.o
    0x0800315c   0x0800315c   0x00000064   Code   RO          409    i.HAL_TIM_MspPostInit  tim.o
    0x080031c0   0x080031c0   0x00000104   Code   RO         2153    i.HAL_TIM_PWM_ConfigChannel  stm32f4xx_hal_tim.o
    0x080032c4   0x080032c4   0x00000066   Code   RO         2156    i.HAL_TIM_PWM_Init  stm32f4xx_hal_tim.o
    0x0800332a   0x0800332a   0x00000002   Code   RO         2158    i.HAL_TIM_PWM_MspInit  stm32f4xx_hal_tim.o
    0x0800332c   0x0800332c   0x0000010c   Code   RO         2161    i.HAL_TIM_PWM_Start  stm32f4xx_hal_tim.o
    0x08003438   0x08003438   0x00000160   Code   RO         2163    i.HAL_TIM_PWM_Start_IT  stm32f4xx_hal_tim.o
    0x08003598   0x08003598   0x00000002   Code   RO         3075    i.HAL_UARTEx_RxEventCallback  stm32f4xx_hal_uart.o
    0x0800359a   0x0800359a   0x00000002   Code   RO         3089    i.HAL_UART_ErrorCallback  stm32f4xx_hal_uart.o
    0x0800359c   0x0800359c   0x000002e8   Code   RO         3092    i.HAL_UART_IRQHandler  stm32f4xx_hal_uart.o
    0x08003884   0x08003884   0x00000076   Code   RO         3093    i.HAL_UART_Init     stm32f4xx_hal_uart.o
    0x080038fa   0x080038fa   0x00000002   PAD
    0x080038fc   0x080038fc   0x0000027c   Code   RO          462    i.HAL_UART_MspInit  usart.o
    0x08003b78   0x08003b78   0x00000002   Code   RO         3099    i.HAL_UART_RxCpltCallback  stm32f4xx_hal_uart.o
    0x08003b7a   0x08003b7a   0x00000002   Code   RO         3104    i.HAL_UART_TxCpltCallback  stm32f4xx_hal_uart.o
    0x08003b7c   0x08003b7c   0x00000004   Code   RO          517    i.HardFault_Handler  stm32f4xx_it.o
    0x08003b80   0x08003b80   0x00000044   Code   RO          336    i.MX_CAN1_Init      can.o
    0x08003bc4   0x08003bc4   0x00000044   Code   RO          337    i.MX_CAN2_Init      can.o
    0x08003c08   0x08003c08   0x00000068   Code   RO          383    i.MX_DMA_Init       dma.o
    0x08003c70   0x08003c70   0x00000060   Code   RO          240    i.MX_FREERTOS_Init  freertos.o
    0x08003cd0   0x08003cd0   0x000000c0   Code   RO          216    i.MX_GPIO_Init      gpio.o
    0x08003d90   0x08003d90   0x00000114   Code   RO          410    i.MX_TIM1_Init      tim.o
    0x08003ea4   0x08003ea4   0x0000006c   Code   RO          411    i.MX_TIM4_Init      tim.o
    0x08003f10   0x08003f10   0x00000038   Code   RO          463    i.MX_USART1_UART_Init  usart.o
    0x08003f48   0x08003f48   0x00000038   Code   RO          464    i.MX_USART6_UART_Init  usart.o
    0x08003f80   0x08003f80   0x00000004   Code   RO          518    i.MemManage_Handler  stm32f4xx_it.o
    0x08003f84   0x08003f84   0x00000004   Code   RO          519    i.NMI_Handler       stm32f4xx_it.o
    0x08003f88   0x08003f88   0x0000024c   Code   RO         3879    i.OLS_Derivative    user_lib.o
    0x080041d4   0x080041d4   0x00000058   Code   RO         3880    i.OLS_Init          user_lib.o
    0x0800422c   0x0800422c   0x000002d0   Code   RO         4058    i.PID_Calculate     controller.o
    0x080044fc   0x080044fc   0x000002e8   Code   RO         4059    i.PID_Calculate_Angle  controller.o
    0x080047e4   0x080047e4   0x000000bc   Code   RO         4060    i.PID_Init          controller.o
    0x080048a0   0x080048a0   0x00000008   Code   RO         4061    i.Set_KP            controller.o
    0x080048a8   0x080048a8   0x00000030   Code   RO         4211    i.Sign              td.o
    0x080048d8   0x080048d8   0x0000000a   Code   RO          241    i.StartDefaultTask  freertos.o
    0x080048e2   0x080048e2   0x00000014   Code   RO          520    i.SysTick_Handler   stm32f4xx_it.o
    0x080048f6   0x080048f6   0x00000002   PAD
    0x080048f8   0x080048f8   0x000000b8   Code   RO           14    i.SystemClock_Config  main.o
    0x080049b0   0x080049b0   0x00000014   Code   RO         3437    i.SystemInit        system_stm32f4xx.o
    0x080049c4   0x080049c4   0x00000208   Code   RO         4212    i.TD_calc           td.o
    0x08004bcc   0x08004bcc   0x00000028   Code   RO         4214    i.TD_init           td.o
    0x08004bf4   0x08004bf4   0x00000006   Code   RO         4215    i.TD_set_r          td.o
    0x08004bfa   0x08004bfa   0x00000006   Code   RO         4216    i.TD_set_x          td.o
    0x08004c00   0x08004c00   0x000000e8   Code   RO         2174    i.TIM_Base_SetConfig  stm32f4xx_hal_tim.o
    0x08004ce8   0x08004ce8   0x00000022   Code   RO         2175    i.TIM_CCxChannelCmd  stm32f4xx_hal_tim.o
    0x08004d0a   0x08004d0a   0x00000016   Code   RO         2185    i.TIM_ETR_SetConfig  stm32f4xx_hal_tim.o
    0x08004d20   0x08004d20   0x00000012   Code   RO         2186    i.TIM_ITRx_SetConfig  stm32f4xx_hal_tim.o
    0x08004d32   0x08004d32   0x00000002   PAD
    0x08004d34   0x08004d34   0x00000070   Code   RO         2187    i.TIM_OC1_SetConfig  stm32f4xx_hal_tim.o
    0x08004da4   0x08004da4   0x0000007c   Code   RO         2188    i.TIM_OC2_SetConfig  stm32f4xx_hal_tim.o
    0x08004e20   0x08004e20   0x00000078   Code   RO         2189    i.TIM_OC3_SetConfig  stm32f4xx_hal_tim.o
    0x08004e98   0x08004e98   0x00000054   Code   RO         2190    i.TIM_OC4_SetConfig  stm32f4xx_hal_tim.o
    0x08004eec   0x08004eec   0x00000026   Code   RO         2192    i.TIM_TI1_ConfigInputStage  stm32f4xx_hal_tim.o
    0x08004f12   0x08004f12   0x00000028   Code   RO         2194    i.TIM_TI2_ConfigInputStage  stm32f4xx_hal_tim.o
    0x08004f3a   0x08004f3a   0x00000002   PAD
    0x08004f3c   0x08004f3c   0x0000004c   Code   RO         4463    i.TX_code           boards_communicate_task.o
    0x08004f88   0x08004f88   0x00000014   Code   RO         3106    i.UART_DMAAbortOnError  stm32f4xx_hal_uart.o
    0x08004f9c   0x08004f9c   0x0000006c   Code   RO         3116    i.UART_EndRxTransfer  stm32f4xx_hal_uart.o
    0x08005008   0x08005008   0x00000020   Code   RO         3117    i.UART_EndTransmit_IT  stm32f4xx_hal_uart.o
    0x08005028   0x08005028   0x000000fc   Code   RO         3119    i.UART_Receive_IT   stm32f4xx_hal_uart.o
    0x08005124   0x08005124   0x0000022c   Code   RO         3120    i.UART_SetConfig    stm32f4xx_hal_uart.o
    0x08005350   0x08005350   0x00000060   Code   RO         3123    i.UART_Transmit_IT  stm32f4xx_hal_uart.o
    0x080053b0   0x080053b0   0x00000010   Code   RO          521    i.USART1_IRQHandler  stm32f4xx_it.o
    0x080053c0   0x080053c0   0x00000010   Code   RO          522    i.USART6_IRQHandler  stm32f4xx_it.o
    0x080053d0   0x080053d0   0x00000004   Code   RO          523    i.UsageFault_Handler  stm32f4xx_it.o
    0x080053d4   0x080053d4   0x00000010   Code   RO         1684    i.__NVIC_GetPriorityGrouping  stm32f4xx_hal_cortex.o
    0x080053e4   0x080053e4   0x00000028   Code   RO         1685    i.__NVIC_SetPriority  stm32f4xx_hal_cortex.o
    0x0800540c   0x0800540c   0x00000150   Code   RO         6270    i.__hardfp_cosf     m_wm.l(cosf.o)
    0x0800555c   0x0800555c   0x00000014   Code   RO         6282    i.__hardfp_fabs     m_wm.l(fabs.o)
    0x08005570   0x08005570   0x0000007a   Code   RO         6312    i.__hardfp_sqrt     m_wm.l(sqrt_full.o)
    0x080055ea   0x080055ea   0x00000006   Code   RO         6468    i.__mathlib_flt_infnan  m_wm.l(funder.o)
    0x080055f0   0x080055f0   0x00000010   Code   RO         6470    i.__mathlib_flt_invalid  m_wm.l(funder.o)
    0x08005600   0x08005600   0x00000154   Code   RO         6486    i.__mathlib_rredf2  m_wm.l(rredf.o)
    0x08005754   0x08005754   0x000002e8   Code   RO         4277    i.arm_control_init  arm_control_task.o
    0x08005a3c   0x08005a3c   0x000002c4   Code   RO         4278    i.arm_control_loop  arm_control_task.o
    0x08005d00   0x08005d00   0x00000258   Code   RO         4279    i.arm_feedback_update  arm_control_task.o
    0x08005f58   0x08005f58   0x0000023c   Code   RO         4280    i.arm_set_control   arm_control_task.o
    0x08006194   0x08006194   0x000001b8   Code   RO         4281    i.arm_set_mode      arm_control_task.o
    0x0800634c   0x0800634c   0x000003ac   Code   RO         4282    i.arm_task          arm_control_task.o
    0x080066f8   0x080066f8   0x0000005c   Code   RO         3550    i.can_filter_init   bsp_can.o
    0x08006754   0x08006754   0x000000f0   Code   RO         4062    i.f_Changing_Integration_Rate  controller.o
    0x08006844   0x08006844   0x00000056   Code   RO         4063    i.f_Derivative_Filter  controller.o
    0x0800689a   0x0800689a   0x000000f4   Code   RO         4064    i.f_Derivative_On_Measurement  controller.o
    0x0800698e   0x0800698e   0x00000002   PAD
    0x08006990   0x08006990   0x000000f0   Code   RO         4065    i.f_Integral_Limit  controller.o
    0x08006a80   0x08006a80   0x00000056   Code   RO         4066    i.f_Output_Filter   controller.o
    0x08006ad6   0x08006ad6   0x00000046   Code   RO         4067    i.f_Output_Limit    controller.o
    0x08006b1c   0x08006b1c   0x000000b4   Code   RO         4068    i.f_PID_ErrorHandle  controller.o
    0x08006bd0   0x08006bd0   0x00000046   Code   RO         4069    i.f_Proportion_Limit  controller.o
    0x08006c16   0x08006c16   0x00000080   Code   RO         4070    i.f_Trapezoid_Intergral  controller.o
    0x08006c96   0x08006c96   0x00000032   Code   RO         4510    i.float_to_uint     can_communicate.o
    0x08006cc8   0x08006cc8   0x00000034   Code   RO         4217    i.fsg               td.o
    0x08006cfc   0x08006cfc   0x00000014   Code   RO         4511    i.get_chassis_motor_point  can_communicate.o
    0x08006d10   0x08006d10   0x00000010   Code   RO         5462    i.inHandlerMode     cmsis_os.o
    0x08006d20   0x08006d20   0x00000016   Code   RO         3889    i.int16_constrain   user_lib.o
    0x08006d36   0x08006d36   0x00000060   Code   RO         3892    i.loop_fp32_constrain  user_lib.o
    0x08006d96   0x08006d96   0x00000002   PAD
    0x08006d98   0x08006d98   0x0000007c   Code   RO           15    i.main              main.o
    0x08006e14   0x08006e14   0x0000000e   Code   RO         5464    i.makeFreeRtosPriority  cmsis_os.o
    0x08006e22   0x08006e22   0x00000018   Code   RO         5466    i.osDelay           cmsis_os.o
    0x08006e3a   0x08006e3a   0x0000000a   Code   RO         5469    i.osKernelStart     cmsis_os.o
    0x08006e44   0x08006e44   0x00000014   Code   RO         5470    i.osKernelSysTick   cmsis_os.o
    0x08006e58   0x08006e58   0x0000005e   Code   RO         5503    i.osThreadCreate    cmsis_os.o
    0x08006eb6   0x08006eb6   0x00000002   PAD
    0x08006eb8   0x08006eb8   0x00000098   Code   RO         5135    i.prvAddCurrentTaskToDelayedList  tasks.o
    0x08006f50   0x08006f50   0x000000b4   Code   RO         5136    i.prvAddNewTaskToReadyList  tasks.o
    0x08007004   0x08007004   0x00000048   Code   RO         5137    i.prvCheckTasksWaitingTermination  tasks.o
    0x0800704c   0x0800704c   0x00000050   Code   RO         5138    i.prvDeleteTCB      tasks.o
    0x0800709c   0x0800709c   0x0000007c   Code   RO         5831    i.prvHeapInit       heap_4.o
    0x08007118   0x08007118   0x00000028   Code   RO         5139    i.prvIdleTask       tasks.o
    0x08007140   0x08007140   0x000000b4   Code   RO         5140    i.prvInitialiseNewTask  tasks.o
    0x080071f4   0x080071f4   0x00000068   Code   RO         5141    i.prvInitialiseTaskLists  tasks.o
    0x0800725c   0x0800725c   0x00000068   Code   RO         5832    i.prvInsertBlockIntoFreeList  heap_4.o
    0x080072c4   0x080072c4   0x00000034   Code   RO         5142    i.prvResetNextTaskUnblockTime  tasks.o
    0x080072f8   0x080072f8   0x00000040   Code   RO         5899    i.prvTaskExitError  port.o
    0x08007338   0x08007338   0x0000014c   Code   RO         5833    i.pvPortMalloc      heap_4.o
    0x08007484   0x08007484   0x0000002c   Code   RO         5900    i.pxPortInitialiseStack  port.o
    0x080074b0   0x080074b0   0x00000010   Code   RO         4512    i.return_4310_measure  can_communicate.o
    0x080074c0   0x080074c0   0x00000034   Code   RO         4513    i.uint_to_float     can_communicate.o
    0x080074f4   0x080074f4   0x00000028   Code   RO         4767    i.uxListRemove      list.o
    0x0800751c   0x0800751c   0x00000018   Code   RO          242    i.vApplicationGetIdleTaskMemory  freertos.o
    0x08007534   0x08007534   0x0000001a   Code   RO         4768    i.vListInitialise   list.o
    0x0800754e   0x0800754e   0x00000006   Code   RO         4769    i.vListInitialiseItem  list.o
    0x08007554   0x08007554   0x00000034   Code   RO         4770    i.vListInsert       list.o
    0x08007588   0x08007588   0x00000018   Code   RO         4771    i.vListInsertEnd    list.o
    0x080075a0   0x080075a0   0x00000054   Code   RO         5902    i.vPortEnterCritical  port.o
    0x080075f4   0x080075f4   0x0000003c   Code   RO         5903    i.vPortExitCritical  port.o
    0x08007630   0x08007630   0x000000a4   Code   RO         5834    i.vPortFree         heap_4.o
    0x080076d4   0x080076d4   0x00000028   Code   RO         5904    i.vPortSetupTimerInterrupt  port.o
    0x080076fc   0x080076fc   0x00000078   Code   RO         5905    i.vPortValidateInterruptPriority  port.o
    0x08007774   0x08007774   0x0000005c   Code   RO         5151    i.vTaskDelay        tasks.o
    0x080077d0   0x080077d0   0x000000b0   Code   RO         5164    i.vTaskStartScheduler  tasks.o
    0x08007880   0x08007880   0x00000010   Code   RO         5166    i.vTaskSuspendAll   tasks.o
    0x08007890   0x08007890   0x0000008c   Code   RO         5167    i.vTaskSwitchContext  tasks.o
    0x0800791c   0x0800791c   0x00000168   Code   RO         5906    i.xPortStartScheduler  port.o
    0x08007a84   0x08007a84   0x00000034   Code   RO         5907    i.xPortSysTickHandler  port.o
    0x08007ab8   0x08007ab8   0x00000064   Code   RO         5170    i.xTaskCreate       tasks.o
    0x08007b1c   0x08007b1c   0x000000ba   Code   RO         5171    i.xTaskCreateStatic  tasks.o
    0x08007bd6   0x08007bd6   0x00000002   PAD
    0x08007bd8   0x08007bd8   0x00000020   Code   RO         5175    i.xTaskGetSchedulerState  tasks.o
    0x08007bf8   0x08007bf8   0x0000000c   Code   RO         5176    i.xTaskGetTickCount  tasks.o
    0x08007c04   0x08007c04   0x00000014   Code   RO         5177    i.xTaskGetTickCountFromISR  tasks.o
    0x08007c18   0x08007c18   0x00000148   Code   RO         5178    i.xTaskIncrementTick  tasks.o
    0x08007d60   0x08007d60   0x00000104   Code   RO         5184    i.xTaskResumeAll    tasks.o
    0x08007e64   0x08007e64   0x000002c4   Code   RO         6208    x$fpl$d2f           g_wm.l(d2f_clz.o)
    0x08008128   0x08008128   0x0000024c   Code   RO         6210    x$fpl$dadd          g_wm.l(daddsub_clz.o)
    0x08008374   0x08008374   0x00000018   Code   RO         6425    x$fpl$dcmpinf       g_wm.l(dcmpi.o)
    0x0800838c   0x0800838c   0x0000001a   Code   RO         6222    x$fpl$dfltn         g_wm.l(dflt_clz.o)
    0x080083a6   0x080083a6   0x00000002   PAD
    0x080083a8   0x080083a8   0x00000078   Code   RO         6226    x$fpl$dleqf         g_wm.l(dleqf.o)
    0x08008420   0x08008420   0x000001c0   Code   RO         6228    x$fpl$dmul          g_wm.l(dmul_clz.o)
    0x080085e0   0x080085e0   0x00000102   Code   RO         6427    x$fpl$dnaninf       g_wm.l(dnaninf.o)
    0x080086e2   0x080086e2   0x00000070   Code   RO         6429    x$fpl$drenorm       g_wm.l(drenorm_clz.o)
    0x08008752   0x08008752   0x0000000c   Code   RO         6431    x$fpl$dretinf       g_wm.l(dretinf.o)
    0x0800875e   0x0800875e   0x00000002   PAD
    0x08008760   0x08008760   0x00000208   Code   RO         6433    x$fpl$dsqrt         g_wm.l(dsqrt_umaalclz.o)
    0x08008968   0x08008968   0x0000029c   Code   RO         6212    x$fpl$dsub          g_wm.l(daddsub_clz.o)
    0x08008c04   0x08008c04   0x0000017a   Code   RO         6435    x$fpl$dunder        g_wm.l(dunder_clz.o)
    0x08008d7e   0x08008d7e   0x00000002   PAD
    0x08008d80   0x08008d80   0x000001ec   Code   RO         6437    x$fpl$exception     g_wm.l(except.o)
    0x08008f6c   0x08008f6c   0x0000007a   Code   RO         6232    x$fpl$f2d           g_wm.l(f2d.o)
    0x08008fe6   0x08008fe6   0x000000f2   Code   RO         6439    x$fpl$fnaninf       g_wm.l(fnaninf.o)
    0x080090d8   0x080090d8   0x0000000a   Code   RO         6545    x$fpl$fpinit        g_wm.l(fpinit.o)
    0x080090e2   0x080090e2   0x0000000a   Code   RO         6441    x$fpl$fretinf       g_wm.l(fretinf.o)
    0x080090ec   0x080090ec   0x0000013c   Code   RO         6443    x$fpl$funder        g_wm.l(funder_clz.o)
    0x08009228   0x08009228   0x000000b2   Code   RO         6547    x$fpl$retnan        g_wm.l(retnan.o)
    0x080092da   0x080092da   0x0000007e   Code   RO         6445    x$fpl$trapveneer    g_wm.l(trapv.o)
    0x08009358   0x08009358   0x00000000   Code   RO         6447    x$fpl$usenofp       g_wm.l(usenofp.o)
    0x08009358   0x08009358   0x00000054   Data   RO          244    .constdata          freertos.o
    0x080093ac   0x080093ac   0x00000008   Data   RO         1398    .constdata          stm32f4xx_hal_dma.o
    0x080093b4   0x080093b4   0x00000018   Data   RO         3438    .constdata          system_stm32f4xx.o
    0x080093cc   0x080093cc   0x00000020   Data   RO         6487    .constdata          m_wm.l(rredf.o)
    0x080093ec   0x080093ec   0x00000034   Data   RO          245    .conststring        freertos.o
    0x08009420   0x08009420   0x00000020   Data   RO         6640    Region$$Table       anon$$obj.o


    Execution Region RW_IRAM1 (Exec base: 0x20000000, Load base: 0x08009440, Size: 0x000050e0, Max: 0x0001c000, ABSOLUTE, COMPRESSED[0x00000074])

    Exec Addr    Load Addr    Size         Type   Attr      Idx    E Section Name        Object

    0x20000000   COMPRESSED   0x00000010   Data   RW          246    .data               freertos.o
    0x20000010   COMPRESSED   0x00000004   Data   RW          339    .data               can.o
    0x20000014   COMPRESSED   0x00000009   Data   RW         1848    .data               stm32f4xx_hal.o
    0x2000001d   COMPRESSED   0x00000003   PAD
    0x20000020   COMPRESSED   0x00000004   Data   RW         3439    .data               system_stm32f4xx.o
    0x20000024   COMPRESSED   0x00000004   PAD
    0x20000028   COMPRESSED   0x00000040   Data   RW         3482    .data               bsp_dwt.o
    0x20000068   COMPRESSED   0x0000000c   Data   RW         3897    .data               user_lib.o
    0x20000074   COMPRESSED   0x00000254   Data   RW         4071    .data               controller.o
    0x200002c8   COMPRESSED   0x00000034   Data   RW         4284    .data               arm_control_task.o
    0x200002fc   COMPRESSED   0x00000015   Data   RW         4515    .data               can_communicate.o
    0x20000311   COMPRESSED   0x00000001   PAD
    0x20000312   COMPRESSED   0x00000008   Data   RW         4623    .data               error_check.o
    0x2000031a   COMPRESSED   0x00000002   PAD
    0x2000031c   COMPRESSED   0x0000003c   Data   RW         5187    .data               tasks.o
    0x20000358   COMPRESSED   0x00000020   Data   RW         5840    .data               heap_4.o
    0x20000378   COMPRESSED   0x0000000c   Data   RW         5908    .data               port.o
    0x20000384        -       0x00000254   Zero   RW          243    .bss                freertos.o
    0x200005d8        -       0x00000050   Zero   RW          338    .bss                can.o
    0x20000628        -       0x00000090   Zero   RW          412    .bss                tim.o
    0x200006b8        -       0x00000210   Zero   RW          465    .bss                usart.o
    0x200008c8        -       0x000003c8   Zero   RW         4283    .bss                arm_control_task.o
    0x20000c90        -       0x00000034   Zero   RW         4464    .bss                boards_communicate_task.o
    0x20000cc4        -       0x000000cc   Zero   RW         4514    .bss                can_communicate.o
    0x20000d90        -       0x000000f0   Zero   RW         5186    .bss                tasks.o
    0x20000e80        -       0x00003c00   Zero   RW         5839    .bss                heap_4.o
    0x20004a80        -       0x00000060   Zero   RW         6498    .bss                c_w.l(libspace.o)
    0x20004ae0        -       0x00000200   Zero   RW            2    HEAP                startup_stm32f407xx.o
    0x20004ce0        -       0x00000400   Zero   RW            1    STACK               startup_stm32f407xx.o


    Execution Region RW_IRAM2 (Exec base: 0x2001c000, Load base: 0x080094b4, Size: 0x00000000, Max: 0x00004000, ABSOLUTE)

    **** No section assigned to this execution region ****


==============================================================================

Image component sizes


      Code (inc. data)   RO Data    RW Data    ZI Data      Debug   Object Name

         0          0          0          0          0        444   ahrs_middleware.o
      4004        214          0         52        968      27731   arm_control_task.o
       112         12          0          0         52       1975   boards_communicate_task.o
         0          0          0          0          0        604   bsp_buzzer.o
        92          8          0          0          0        610   bsp_can.o
       288         60          0         64          0       4018   bsp_dwt.o
       488         44          0          4         80       2618   can.o
      2526        196          0         21        204      13481   can_communicate.o
       178          0          0          0          0      30045   cmsis_os.o
      3004         46          0        596          0      11402   controller.o
       104          4          0          0          0        862   dma.o
         0          0          0          8          0        360   error_check.o
         0          0          0          0          0      17112   event_groups.o
       130         28        136         16        596       4589   freertos.o
       192          6          0          0          0       1043   gpio.o
       724         74          0         32      15360       7695   heap_4.o
       148          0          0          0          0       3810   list.o
       314         20          0          0          0     736520   main.o
      1014         92          0         12          0      12473   port.o
        64         26        392          0       1536        880   startup_stm32f407xx.o
       172         32          0          9          0       9013   stm32f4xx_hal.o
      2148          6          0          0          0      15115   stm32f4xx_hal_can.o
       312         22          0          0          0      34615   stm32f4xx_hal_cortex.o
      1246         16          8          0          0       5623   stm32f4xx_hal_dma.o
       500         46          0          0          0       1524   stm32f4xx_hal_gpio.o
        84          6          0          0          0        934   stm32f4xx_hal_msp.o
      1820         84          0          0          0       5872   stm32f4xx_hal_rcc.o
      2334        170          0          0          0      14946   stm32f4xx_hal_tim.o
       296         30          0          0          0       2300   stm32f4xx_hal_tim_ex.o
      1934         14          0          0          0      10048   stm32f4xx_hal_uart.o
       170         48          0          0          0       7895   stm32f4xx_it.o
        20          6         24          4          0       1235   system_stm32f4xx.o
      2222        288          0         60        240      23073   tasks.o
       672         26          0          0          0       4727   td.o
       584         42          0          0        144       3445   tim.o
       748         70          0          0        528       3015   usart.o
       794         16          0         12          0       6462   user_lib.o

    ----------------------------------------------------------------------
     29464       1752        592        900      19708    1028114   Object Totals
         0          0         32          0          0          0   (incl. Generated)
        26          0          0         10          0          0   (incl. Padding)

    ----------------------------------------------------------------------

      Code (inc. data)   RO Data    RW Data    ZI Data      Debug   Library Member Name

        90          0          0          0          0          0   __dczerorl2.o
         8          0          0          0          0         68   __main.o
         0          0          0          0          0          0   __rtentry.o
        12          0          0          0          0          0   __rtentry2.o
         6          0          0          0          0          0   __rtentry4.o
        52          8          0          0          0          0   __scatter.o
        28          0          0          0          0          0   __scatter_zi.o
        48          4          0          0          0         84   _fptrap.o
        22          0          0          0          0        100   _rserrno.o
        10          0          0          0          0         68   defsig_exit.o
       172        110          0          0          0         76   defsig_fpe_inner.o
        14          0          0          0          0         80   defsig_fpe_outer.o
        50          0          0          0          0         88   defsig_general.o
        80         58          0          0          0         76   defsig_rtmem_inner.o
        14          0          0          0          0         80   defsig_rtmem_outer.o
        18          0          0          0          0         80   exit.o
        94          0          0          0          0         80   h1_alloc.o
        52          0          0          0          0         68   h1_extend.o
        78          0          0          0          0         80   h1_free.o
        14          0          0          0          0         84   h1_init.o
         6          0          0          0          0        152   heapauxi.o
         4          0          0          0          0        136   hguard.o
         0          0          0          0          0          0   indicate_semi.o
       138          0          0          0          0        168   init_alloc.o
         2          0          0          0          0          0   libinit.o
        14          0          0          0          0          0   libinit2.o
         2          0          0          0          0          0   libshutdown.o
         2          0          0          0          0          0   libshutdown2.o
         8          4          0          0         96         68   libspace.o
       238          0          0          0          0        100   lludivv7m.o
         0          0          0          0          0          0   maybetermalloc1.o
         8          4          0          0          0         68   rt_errno_addr_intlibspace.o
         8          4          0          0          0         68   rt_heap_descriptor_intlibspace.o
        68          0          0          0          0         68   rt_memclr.o
        78          0          0          0          0         80   rt_memclr_w.o
       100          0          0          0          0         80   rt_memcpy_w.o
         2          0          0          0          0          0   rtexit.o
        10          0          0          0          0          0   rtexit2.o
        12          4          0          0          0         68   sys_exit.o
        74          0          0          0          0         80   sys_stackheap_outer.o
        14          0          0          0          0         76   sys_wrch.o
         2          0          0          0          0         68   use_no_semi.o
       708         16          0          0          0        140   d2f_clz.o
      1256         28          0          0          0        408   daddsub_clz.o
        24          0          0          0          0        116   dcmpi.o
        26          0          0          0          0        116   dflt_clz.o
       120          8          0          0          0        140   dleqf.o
       448         16          0          0          0        164   dmul_clz.o
       258          4          0          0          0        156   dnaninf.o
       112          0          0          0          0        160   drenorm_clz.o
        12          0          0          0          0        116   dretinf.o
       520         56          0          0          0        180   dsqrt_umaalclz.o
       378          0          0          0          0        168   dunder_clz.o
       492         36          0          0          0        148   except.o
       122          8          0          0          0        132   f2d.o
       242          4          0          0          0        144   fnaninf.o
        10          0          0          0          0        116   fpinit.o
        10          0          0          0          0        116   fretinf.o
       316          0          0          0          0        132   funder_clz.o
       178          0          0          0          0        116   retnan.o
       126          0          0          0          0        148   trapv.o
         0          0          0          0          0          0   usenofp.o
       336         56          0          0          0        136   cosf.o
        20          0          0          0          0        124   fabs.o
        22          6          0          0          0        232   funder.o
       340         24         32          0          0        160   rredf.o
       122          0          0          0          0        148   sqrt_full.o

    ----------------------------------------------------------------------
      7864        458         32          0         96       6108   Library Totals
        14          0          0          0          0          0   (incl. Padding)

    ----------------------------------------------------------------------

      Code (inc. data)   RO Data    RW Data    ZI Data      Debug   Library Name

      1652        196          0          0         96       2392   c_w.l
      5358        176          0          0          0       2916   g_wm.l
       840         86         32          0          0        800   m_wm.l

    ----------------------------------------------------------------------
      7864        458         32          0         96       6108   Library Totals

    ----------------------------------------------------------------------

==============================================================================


      Code (inc. data)   RO Data    RW Data    ZI Data      Debug   

     37328       2210        624        900      19804    1012022   Grand Totals
     37328       2210        624        116      19804    1012022   ELF Image Totals (compressed)
     37328       2210        624        116          0          0   ROM Totals

==============================================================================

    Total RO  Size (Code + RO Data)                37952 (  37.06kB)
    Total RW  Size (RW Data + ZI Data)             20704 (  20.22kB)
    Total ROM Size (Code + RO Data + RW Data)      38068 (  37.18kB)

==============================================================================

