<html>
<body>
<pre>
<h1>µVision Build Log</h1>
<h2>Tool Versions:</h2>
IDE-Version: ¦ÌVision V5.28.0.0
Copyright (C) 2019 ARM Ltd and ARM Germany GmbH. All rights reserved.
License Information: Cheng0891@outlook.com Cheng0891@outlook.com, tju, LIC=76F5U-SRG81-MMG9I-TKUX0-13VTY-SEMVU
 
Tool Versions:
Toolchain:       MDK-ARM Plus  Version: 5.28.0.0
Toolchain Path:  C:\~Terminal's SSD~\software\Keil MDK\ARM\ARMCC\Bin
C Compiler:      Armcc.exe V5.06 update 6 (build 750)
Assembler:       Armasm.exe V5.06 update 6 (build 750)
Linker/Locator:  ArmLink.exe V5.06 update 6 (build 750)
Library Manager: ArmAr.exe V5.06 update 6 (build 750)
Hex Converter:   FromElf.exe V5.06 update 6 (build 750)
CPU DLL:         SARMCM3.DLL V5.28.0.0
Dialog DLL:      DCM.DLL V1.17.3.0
Target DLL:      CMSIS_AGDI.dll V1.31.18.0
Dialog DLL:      TCM.DLL V1.36.2.0
 
<h2>Project:</h2>
C:\~Terminal's SSD~\Tewlet\CubeMX program\engineer_2025\engineer_arm_0327\MDK-ARM\engineer_arm.uvprojx
Project File Date:  03/27/2025

<h2>Output:</h2>
*** Using Compiler 'V5.06 update 6 (build 750)', folder: 'C:\~Terminal's SSD~\software\Keil MDK\ARM\ARMCC\Bin'
Build target 'engineer_arm'
compiling can_communicate.c...
..\application\can_communicate.h(71): warning:  #1-D: last line of file ends without a newline
  #endif
..\application\arm_control_task.h(118): warning:  #1-D: last line of file ends without a newline
  #endif
..\application\can_communicate.c(310): warning:  #1-D: last line of file ends without a newline
  }
..\application\can_communicate.c: 3 warnings, 0 errors
compiling boards_communicate_task.c...
..\application\can_communicate.h(71): warning:  #1-D: last line of file ends without a newline
  #endif
..\application\arm_control_task.h(118): warning:  #1-D: last line of file ends without a newline
  #endif
..\application\boards_communicate_task.c: 2 warnings, 0 errors
compiling freertos.c...
../application/can_communicate.h(71): warning:  #1-D: last line of file ends without a newline
  #endif
../application/arm_control_task.h(118): warning:  #1-D: last line of file ends without a newline
  #endif
../Core/Src/freertos.c: 2 warnings, 0 errors
compiling arm_control_task.c...
..\application\can_communicate.h(71): warning:  #1-D: last line of file ends without a newline
  #endif
..\application\arm_control_task.h(118): warning:  #1-D: last line of file ends without a newline
  #endif
..\application\arm_control_task.c(136): warning:  #175-D: subscript out of range
  		TD_init(&arm_control_init->arm_4_TD,12.0f,2.0f,0.002f,arm_control_init->motor_DM_data[3].DM_motor_measure->motor_position);
..\application\arm_control_task.c(367): warning:  #1-D: last line of file ends without a newline
  }
..\application\arm_control_task.c: 4 warnings, 0 errors
linking...
Program Size: Code=27156 RO-data=624 RW-data=240 ZI-data=19624  
FromELF: creating hex file...
"engineer_arm\engineer_arm.axf" - 0 Error(s), 11 Warning(s).

<h2>Software Packages used:</h2>

Package Vendor: ARM
                http://www.keil.com/pack/ARM.CMSIS.5.8.0.pack
                ARM.CMSIS.5.8.0
                CMSIS (Common Microcontroller Software Interface Standard)
   * Component: CORE Version: 5.5.0

Package Vendor: Keil
                https://www.keil.com/pack/Keil.STM32F4xx_DFP.2.17.1.pack
                Keil.STM32F4xx_DFP.2.17.1
                STMicroelectronics STM32F4 Series Device Support, Drivers and Examples

<h2>Collection of Component include folders:</h2>
  .\RTE\_engineer_arm
  C:\~Terminal's SSD~\software data\MDK Packs\ARM\CMSIS\5.8.0\CMSIS\Core\Include
  C:\~Terminal's SSD~\software data\MDK Packs\Keil\STM32F4xx_DFP\2.17.1\Drivers\CMSIS\Device\ST\STM32F4xx\Include

<h2>Collection of Component Files used:</h2>

   * Component: ARM::CMSIS:CORE:5.5.0
      Include file:  CMSIS\Core\Include\tz_context.h
Build Time Elapsed:  00:00:02
</pre>
</body>
</html>
