<html>
<body>
<pre>
<h1>µVision Build Log</h1>
<h2>Tool Versions:</h2>
IDE-Version: ¦ÌVision V5.28.0.0
Copyright (C) 2019 ARM Ltd and ARM Germany GmbH. All rights reserved.
License Information: Cheng0891@outlook.com Cheng0891@outlook.com, tju, LIC=76F5U-SRG81-MMG9I-TKUX0-13VTY-SEMVU
 
Tool Versions:
Toolchain:       MDK-ARM Plus  Version: 5.28.0.0
Toolchain Path:  C:\~Terminal's SSD~\software\Keil MDK\ARM\ARMCC\Bin
C Compiler:      Armcc.exe V5.06 update 6 (build 750)
Assembler:       Armasm.exe V5.06 update 6 (build 750)
Linker/Locator:  ArmLink.exe V5.06 update 6 (build 750)
Library Manager: ArmAr.exe V5.06 update 6 (build 750)
Hex Converter:   FromElf.exe V5.06 update 6 (build 750)
CPU DLL:         SARMCM3.DLL V5.28.0.0
Dialog DLL:      DCM.DLL V1.17.3.0
Target DLL:      CMSIS_AGDI.dll V1.31.18.0
Dialog DLL:      TCM.DLL V1.36.2.0
 
<h2>Project:</h2>
C:\~Terminal's SSD~\Tewlet\CubeMX program\engineer_2025\engineer2024_self_control\MDK-ARM\gimbal.uvprojx
Project File Date:  05/21/2025

<h2>Output:</h2>
*** Using Compiler 'V5.06 update 6 (build 750)', folder: 'C:\~Terminal's SSD~\software\Keil MDK\ARM\ARMCC\Bin'
Rebuild target 'gimbal'
assembling startup_stm32f407xx.s...
compiling croutine.c...
compiling event_groups.c...
compiling list.c...
compiling queue.c...
compiling stream_buffer.c...
compiling timers.c...
compiling tasks.c...
compiling heap_4.c...
compiling cmsis_os.c...
compiling port.c...
compiling CRC.c...
compiling AHRS.c...
compiling stm32f4xx_hal_rcc.c...
compiling dma.c...
compiling stm32f4xx_hal_msp.c...
compiling stm32f4xx_hal_can.c...
compiling stm32f4xx_hal_flash_ramfunc.c...
compiling stm32f4xx_hal_pwr_ex.c...
compiling system_stm32f4xx.c...
compiling stm32f4xx_hal_flash.c...
compiling TD.c...
compiling stm32f4xx_hal_exti.c...
compiling stm32f4xx_hal_pwr.c...
compiling gpio.c...
compiling stm32f4xx_hal_rcc_ex.c...
compiling stm32f4xx_hal_flash_ex.c...
compiling stm32f4xx_hal_cortex.c...
compiling stm32f4xx_hal_gpio.c...
compiling main.c...
compiling detect_task.c...
compiling MATH_LIB.c...
..\algorithm\Src\MATH_LIB.c(105): warning:  #223-D: function "malloc" declared implicitly
      OLS->x = (float *)user_malloc(sizeof(float) * order);
..\algorithm\Src\MATH_LIB.c: 1 warning, 0 errors
compiling stm32f4xx_hal_dma.c...
compiling usart.c...
compiling spi.c...
compiling stm32f4xx_hal_spi.c...
compiling stm32f4xx_hal_uart.c...
compiling can.c...
compiling stm32f4xx_hal_dma_ex.c...
compiling stm32f4xx_hal.c...
compiling freertos.c...
compiling tim.c...
compiling 6dof_kinematic.c...
compiling stm32f4xx_it.c...
compiling stm32f4xx_hal_tim_ex.c...
compiling stm32f4xx_hal_tim.c...
compiling FIFO.c...
compiling PID.c...
..\algorithm\Src\PID.c(21): warning:  #188-D: enumerated type mixed with another type
      pid->mode = mode;
..\algorithm\Src\PID.c: 1 warning, 0 errors
compiling CAN_receive.c...
compiling gimbal_task.c...
compiling led_task.c...
compiling BMI088driver.c...
..\devices\Src\BMI088driver.c(528): warning:  #177-D: function "BMI088_write_muli_reg"  was declared but never referenced
  static void BMI088_write_muli_reg(uint8_t reg, uint8_t* buf, uint8_t len )
..\devices\Src\BMI088driver.c: 1 warning, 0 errors
compiling bsp_can.c...
compiling imu_task.c...
..\application\Src\imu_task.c(234): warning:  #177-D: function "gyro_cali"  was declared but never referenced
  static void gyro_cali(float32_t gyro[3])
..\application\Src\imu_task.c: 1 warning, 0 errors
compiling bsp_rc.c...
compiling bsp_delay.c...
compiling motor_task.c...
..\application\Src\motor_task.c(156): warning:  #177-D: function "motor_set_position"  was declared but never referenced
  void motor_set_position(self_control_t *armend_set_position)
..\application\Src\motor_task.c: 1 warning, 0 errors
compiling usart_communicate.c...
compiling bsp_led.c...
compiling bsp_usart.c...
compiling bsp_dwt.c...
compiling BMI088middleware.c...
compiling bsp_spi.c...
linking...
Program Size: Code=54172 RO-data=1460 RW-data=504 ZI-data=31288  
FromELF: creating hex file...
"gimbal\gimbal.elf" - 0 Error(s), 5 Warning(s).

<h2>Software Packages used:</h2>

Package Vendor: ARM
                http://www.keil.com/pack/ARM.CMSIS.5.8.0.pack
                ARM.CMSIS.5.8.0
                CMSIS (Common Microcontroller Software Interface Standard)
   * Component: CORE Version: 5.5.0

Package Vendor: Keil
                https://www.keil.com/pack/Keil.STM32F4xx_DFP.2.17.1.pack
                Keil.STM32F4xx_DFP.2.17.1
                STMicroelectronics STM32F4 Series Device Support, Drivers and Examples

<h2>Collection of Component include folders:</h2>
  .\RTE\_gimbal
  C:\~Terminal's SSD~\software data\MDK Packs\ARM\CMSIS\5.8.0\CMSIS\Core\Include
  C:\~Terminal's SSD~\software data\MDK Packs\Keil\STM32F4xx_DFP\2.17.1\Drivers\CMSIS\Device\ST\STM32F4xx\Include

<h2>Collection of Component Files used:</h2>

   * Component: ARM::CMSIS:CORE:5.5.0
      Include file:  CMSIS\Core\Include\tz_context.h
Build Time Elapsed:  00:00:06
</pre>
</body>
</html>
