<html>
<body>
<pre>
<h1>µVision Build Log</h1>
<h2>Tool Versions:</h2>
IDE-Version: ¦ÌVision V5.28.0.0
Copyright (C) 2019 ARM Ltd and ARM Germany GmbH. All rights reserved.
License Information: Cheng0891@outlook.com Cheng0891@outlook.com, tju, LIC=76F5U-SRG81-MMG9I-TKUX0-13VTY-SEMVU
 
Tool Versions:
Toolchain:       MDK-ARM Plus  Version: 5.28.0.0
Toolchain Path:  C:\~Terminal's SSD~\software\Keil MDK\ARM\ARMCC\Bin
C Compiler:      Armcc.exe V5.06 update 6 (build 750)
Assembler:       Armasm.exe V5.06 update 6 (build 750)
Linker/Locator:  ArmLink.exe V5.06 update 6 (build 750)
Library Manager: ArmAr.exe V5.06 update 6 (build 750)
Hex Converter:   FromElf.exe V5.06 update 6 (build 750)
CPU DLL:         SARMCM3.DLL V5.28.0.0
Dialog DLL:      DCM.DLL V1.17.3.0
Target DLL:      CMSIS_AGDI.dll V1.31.18.0
Dialog DLL:      TCM.DLL V1.36.2.0
 
<h2>Project:</h2>
C:\~Terminal's SSD~\Tewlet\CubeMX program\engineer_2025\engineer2024_self_control\MDK-ARM\gimbal.uvprojx
Project File Date:  07/02/2025

<h2>Output:</h2>
*** Using Compiler 'V5.06 update 6 (build 750)', folder: 'C:\~Terminal's SSD~\software\Keil MDK\ARM\ARMCC\Bin'
Build target 'gimbal'
compiling STS_drive.c...
../devices/Inc/STS_drive.h(187): warning:  #1-D: last line of file ends without a newline
  #endif
..\devices\Src\STS_drive.c(134): warning:  #68-D: integer conversion resulted in a change of sign
          return -1;
..\devices\Src\STS_drive.c(139): warning:  #68-D: integer conversion resulted in a change of sign
          return -1;
..\devices\Src\STS_drive.c(144): warning:  #68-D: integer conversion resulted in a change of sign
          return -1;
..\devices\Src\STS_drive.c(149): warning:  #68-D: integer conversion resulted in a change of sign
          return -1;
..\devices\Src\STS_drive.c(155): warning:  #68-D: integer conversion resulted in a change of sign
          return -1;
..\devices\Src\STS_drive.c(355): warning:  #940-D: missing return statement at end of non-void function "STS_CMD_SYNC_READ" 
  }
..\devices\Src\STS_drive.c(290): warning:  #177-D: variable "i"  was declared but never referenced
      uint8_t i, j;
..\devices\Src\STS_drive.c(290): warning:  #177-D: variable "j"  was declared but never referenced
      uint8_t i, j;
..\devices\Src\STS_drive.c(372): warning:  #68-D: integer conversion resulted in a change of sign
          return -1;
..\devices\Src\STS_drive.c(377): warning:  #68-D: integer conversion resulted in a change of sign
          return -1;
..\devices\Src\STS_drive.c(382): warning:  #68-D: integer conversion resulted in a change of sign
          return -1;
..\devices\Src\STS_drive.c(387): warning:  #68-D: integer conversion resulted in a change of sign
          return -1;
..\devices\Src\STS_drive.c(393): warning:  #68-D: integer conversion resulted in a change of sign
          return -1;
..\devices\Src\STS_drive.c(414): warning:  #68-D: integer conversion resulted in a change of sign
          return -1;
..\devices\Src\STS_drive.c(419): warning:  #68-D: integer conversion resulted in a change of sign
          return -1;
..\devices\Src\STS_drive.c(424): warning:  #68-D: integer conversion resulted in a change of sign
          return -1;
..\devices\Src\STS_drive.c(429): warning:  #68-D: integer conversion resulted in a change of sign
          return -1;
..\devices\Src\STS_drive.c(435): warning:  #68-D: integer conversion resulted in a change of sign
          return -1;
..\devices\Src\STS_drive.c(439): warning:  #1-D: last line of file ends without a newline
  }
..\devices\Src\STS_drive.c(7): warning:  #550-D: variable "u8Error"  was set but never used
  static uint8_t u8Error;//é€šä¿¡çŠ¶æ€?
..\devices\Src\STS_drive.c: 21 warnings, 0 errors
linking...
Program Size: Code=54172 RO-data=1460 RW-data=504 ZI-data=31288  
FromELF: creating hex file...
"gimbal\gimbal.elf" - 0 Error(s), 21 Warning(s).

<h2>Software Packages used:</h2>

Package Vendor: ARM
                http://www.keil.com/pack/ARM.CMSIS.5.8.0.pack
                ARM.CMSIS.5.8.0
                CMSIS (Common Microcontroller Software Interface Standard)
   * Component: CORE Version: 5.5.0

Package Vendor: Keil
                https://www.keil.com/pack/Keil.STM32F4xx_DFP.2.17.1.pack
                Keil.STM32F4xx_DFP.2.17.1
                STMicroelectronics STM32F4 Series Device Support, Drivers and Examples

<h2>Collection of Component include folders:</h2>
  .\RTE\_gimbal
  C:\~Terminal's SSD~\software data\MDK Packs\ARM\CMSIS\5.8.0\CMSIS\Core\Include
  C:\~Terminal's SSD~\software data\MDK Packs\Keil\STM32F4xx_DFP\2.17.1\Drivers\CMSIS\Device\ST\STM32F4xx\Include

<h2>Collection of Component Files used:</h2>

   * Component: ARM::CMSIS:CORE:5.5.0
      Include file:  CMSIS\Core\Include\tz_context.h
Build Time Elapsed:  00:00:02
</pre>
</body>
</html>
