<html>
<body>
<pre>
<h1>µVision Build Log</h1>
<h2>Tool Versions:</h2>
IDE-Version: ¦ÌVision V5.31.0.0
Copyright (C) 2020 ARM Ltd and ARM Germany GmbH. All rights reserved.
License Information:  ,  , LIC=MPPLD-8STCB-FWU2N-Y7ZNI-7FG8G-2FI77
 
Tool Versions:
Toolchain:       MDK-ARM Plus  Version: 5.31.0.0
Toolchain Path:  G:\keil\KeilMDK\Keil_v5\ARM\ARMCC\Bin
C Compiler:      Armcc.exe V5.06 update 6 (build 750)
Assembler:       Armasm.exe V5.06 update 6 (build 750)
Linker/Locator:  ArmLink.exe V5.06 update 6 (build 750)
Library Manager: ArmAr.exe V5.06 update 6 (build 750)
Hex Converter:   FromElf.exe V5.06 update 6 (build 750)
CPU DLL:         SARMCM3.DLL V5.31.0.0
Dialog DLL:      DCM.DLL V1.17.3.0
Target DLL:      CMSIS_AGDI.dll V1.32.6.0
Dialog DLL:      TCM.DLL V1.46.0.0
 
<h2>Project:</h2>
C:\Users\qiyehwzi\Desktop\engineer_2025_new\engineer_2025\engineer_chassis_0327\MDK-ARM\engineer_chassis.uvprojx
Project File Date:  03/26/2025

<h2>Output:</h2>
*** Using Compiler 'V5.06 update 6 (build 750)', folder: 'G:\keil\KeilMDK\Keil_v5\ARM\ARMCC\Bin'
Build target 'engineer_chassis'
compiling arm_control_task.c...
..\applications\arm_control_task.c(275): warning:  #1035-D: single-precision operand implicitly converted to double-precision
  						arm_control_set->motor_2_position         =   -(R_6D_ctrl->output_solvers_IK.theta[indexConfig][1]+0.279);
..\applications\arm_control_task.c(276): warning:  #1035-D: single-precision operand implicitly converted to double-precision
  						arm_control_set->motor_3_position					=	  R_6D_ctrl->output_solvers_IK.theta[indexConfig][2]+1.292;
..\applications\arm_control_task.c(278): warning:  #1035-D: single-precision operand implicitly converted to double-precision
  						arm_control_set->motor_5_position 				=	  -R_6D_ctrl->output_solvers_IK.theta[indexConfig][4]+0.74;
..\applications\arm_control_task.c(182): warning:  #177-D: variable "new_joint_flag"  was declared but never referenced
  		bool new_joint_flag = false;
..\applications\arm_control_task.c(372): warning:  #177-D: function "arm_check_get_position"  was declared but never referenced
  void arm_check_get_position(arm_control_t *check_position)
..\applications\arm_control_task.c: 5 warnings, 0 errors
linking...
Program Size: Code=49376 RO-data=3996 RW-data=420 ZI-data=43284  
FromELF: creating hex file...
"engineer_chassis\engineer_chassis.axf" - 0 Error(s), 5 Warning(s).

<h2>Software Packages used:</h2>

Package Vendor: ARM
                http://www.keil.com/pack/ARM.CMSIS.5.7.0.pack
                ARM.CMSIS.5.7.0
                CMSIS (Cortex Microcontroller Software Interface Standard)
   * Component: CORE Version: 5.4.0

Package Vendor: Keil
                http://www.keil.com/pack/Keil.STM32F4xx_DFP.2.16.0.pack
                Keil.STM32F4xx_DFP.2.16.0
                STMicroelectronics STM32F4 Series Device Support, Drivers and Examples

<h2>Collection of Component include folders:</h2>
  .\RTE\_engineer_chassis
  G:\keil\KeilMDK\packs\ARM\CMSIS\5.7.0\CMSIS\Core\Include
  G:\keil\KeilMDK\packs\Keil\STM32F4xx_DFP\2.16.0\Drivers\CMSIS\Device\ST\STM32F4xx\Include

<h2>Collection of Component Files used:</h2>

   * Component: ARM::CMSIS:CORE:5.4.0
      Include file:  CMSIS\Core\Include\tz_context.h
Build Time Elapsed:  00:00:02
</pre>
</body>
</html>
