<html>
<body>
<pre>
<h1>µVision Build Log</h1>
<h2>Tool Versions:</h2>
IDE-Version: ¦ÌVision V5.28.0.0
Copyright (C) 2019 ARM Ltd and ARM Germany GmbH. All rights reserved.
License Information: Cheng0891@outlook.com Cheng0891@outlook.com, tju, LIC=76F5U-SRG81-MMG9I-TKUX0-13VTY-SEMVU
 
Tool Versions:
Toolchain:       MDK-ARM Plus  Version: 5.28.0.0
Toolchain Path:  C:\~Terminal's SSD~\software\Keil MDK\ARM\ARMCC\Bin
C Compiler:      Armcc.exe V5.06 update 6 (build 750)
Assembler:       Armasm.exe V5.06 update 6 (build 750)
Linker/Locator:  ArmLink.exe V5.06 update 6 (build 750)
Library Manager: ArmAr.exe V5.06 update 6 (build 750)
Hex Converter:   FromElf.exe V5.06 update 6 (build 750)
CPU DLL:         SARMCM3.DLL V5.28.0.0
Dialog DLL:      DCM.DLL V1.17.3.0
Target DLL:      CMSIS_AGDI.dll V1.31.18.0
Dialog DLL:      TCM.DLL V1.36.2.0
 
<h2>Project:</h2>
C:\~Terminal's SSD~\Download\QQ Download\engineer_2025-new_rc (1)\engineer_2025-new_rc\engineer_2025-new_rc\engineer2024_imu_chassis\MDK-ARM\RM_Gimbal.uvprojx
Project File Date:  05/22/2025

<h2>Output:</h2>
*** Using Compiler 'V5.06 update 6 (build 750)', folder: 'C:\~Terminal's SSD~\software\Keil MDK\ARM\ARMCC\Bin'
Build target 'RM_Gimbal'
compiling usart_communicate.c...
..\application\usart_communicate.c(64): warning:  #550-D: variable "USART6_RX_STA"  was set but never used
  	uint8_t USART6_RX_STA = 0;
..\application\usart_communicate.c: 1 warning, 0 errors
linking...
Program Size: Code=53512 RO-data=3648 RW-data=1300 ZI-data=47780  
FromELF: creating hex file...
".\RM_Gimbal\RM_Gimbal.elf" - 0 Error(s), 1 Warning(s).

<h2>Software Packages used:</h2>

Package Vendor: ARM
                http://www.keil.com/pack/ARM.CMSIS.5.8.0.pack
                ARM.CMSIS.5.8.0
                CMSIS (Common Microcontroller Software Interface Standard)
   * Component: CORE Version: 5.5.0

Package Vendor: Keil
                https://www.keil.com/pack/Keil.STM32F4xx_DFP.2.17.1.pack
                Keil.STM32F4xx_DFP.2.17.1
                STMicroelectronics STM32F4 Series Device Support, Drivers and Examples

<h2>Collection of Component include folders:</h2>
  .\RTE\_RM_Gimbal
  C:\~Terminal's SSD~\software data\MDK Packs\ARM\CMSIS\5.8.0\CMSIS\Core\Include
  C:\~Terminal's SSD~\software data\MDK Packs\Keil\STM32F4xx_DFP\2.17.1\Drivers\CMSIS\Device\ST\STM32F4xx\Include

<h2>Collection of Component Files used:</h2>

   * Component: ARM::CMSIS:CORE:5.5.0
Build Time Elapsed:  00:00:02
</pre>
</body>
</html>
