<html>
<body>
<pre>
<h1>µVision Build Log</h1>
<h2>Tool Versions:</h2>
IDE-Version: ¦ÌVision V5.28.0.0
Copyright (C) 2019 ARM Ltd and ARM Germany GmbH. All rights reserved.
License Information: Cheng0891@outlook.com Cheng0891@outlook.com, tju, LIC=76F5U-SRG81-MMG9I-TKUX0-13VTY-SEMVU
 
Tool Versions:
Toolchain:       MDK-ARM Plus  Version: 5.28.0.0
Toolchain Path:  C:\~Terminal's SSD~\software\Keil MDK\ARM\ARMCC\Bin
C Compiler:      Armcc.exe V5.06 update 6 (build 750)
Assembler:       Armasm.exe V5.06 update 6 (build 750)
Linker/Locator:  ArmLink.exe V5.06 update 6 (build 750)
Library Manager: ArmAr.exe V5.06 update 6 (build 750)
Hex Converter:   FromElf.exe V5.06 update 6 (build 750)
CPU DLL:         SARMCM3.DLL V5.28.0.0
Dialog DLL:      DCM.DLL V1.17.3.0
Target DLL:      CMSIS_AGDI.dll V1.31.18.0
Dialog DLL:      TCM.DLL V1.36.2.0
 
<h2>Project:</h2>
C:\~Terminal's SSD~\Tewlet\CubeMX program\engineer_2025\engineer2024_imu_chassis\MDK-ARM\RM_Gimbal.uvprojx
Project File Date:  05/18/2025

<h2>Output:</h2>
*** Using Compiler 'V5.06 update 6 (build 750)', folder: 'C:\~Terminal's SSD~\software\Keil MDK\ARM\ARMCC\Bin'
Build target 'RM_Gimbal'
assembling startup_stm32f407xx.s...
compiling stm32f4xx_hal_timebase_tim.c...
compiling usart.c...
compiling stm32f4xx_hal_msp.c...
compiling gpio.c...
compiling stm32f4xx_hal_flash.c...
compiling stm32f4xx_hal_pwr.c...
compiling stm32f4xx_hal_cortex.c...
compiling stm32f4xx_hal_pwr_ex.c...
compiling can.c...
compiling stm32f4xx_hal_exti.c...
compiling stm32f4xx_hal_rcc_ex.c...
compiling stm32f4xx_hal_flash_ex.c...
compiling stm32f4xx_hal_rcc.c...
compiling stm32f4xx_hal_dma_ex.c...
compiling spi.c...
compiling main.c...
compiling tim.c...
compiling stm32f4xx_hal_i2c_ex.c...
compiling stm32f4xx_hal_flash_ramfunc.c...
compiling dma.c...
compiling stm32f4xx_hal.c...
compiling stm32f4xx_hal_gpio.c...
compiling stm32f4xx_hal_spi.c...
compiling i2c.c...
compiling stm32f4xx_it.c...
compiling stm32f4xx_hal_can.c...
compiling freertos.c...
compiling stm32f4xx_hal_tim_ex.c...
compiling stm32f4xx_hal_dma.c...
compiling imu_communicate.c...
compiling stm32f4xx_hal_i2c.c...
compiling croutine.c...
compiling stm32f4xx_hal_tim.c...
compiling event_groups.c...
compiling list.c...
compiling timers.c...
compiling stream_buffer.c...
compiling queue.c...
compiling tasks.c...
compiling heap_4.c...
compiling port.c...
compiling sin.c...
compiling cmsis_os.c...
compiling protocol.c...
compiling Butterworth_Filter.c...
compiling 6dof_kinematic.c...
compiling bsp_delay.c...
compiling kalman_filter.c...
compiling system_stm32f4xx.c...
compiling CAN_receive.c...
compiling bsp_usart.c...
compiling QuaternionEKF.c...
compiling bsp_can.c...
compiling bsp_dwt.c...
compiling stm32f4xx_hal_uart.c...
compiling bsp_spi.c...
compiling referee.c...
compiling motor_task.c...
compiling TD.c...
compiling referee_usart_task.c...
compiling ins_task.c...
compiling usart_communicate.c...
..\application\usart_communicate.c(56): warning:  #550-D: variable "USART6_RX_STA"  was set but never used
  	uint8_t USART6_RX_STA = 0;
..\application\usart_communicate.c: 1 warning, 0 errors
compiling shoot.c...
compiling buzzer.c...
compiling laser.c...
compiling can_communicate.c...
..\application\can_communicate.c(224): warning:  #177-D: function "get_referee_measure"  was declared but never referenced
  void get_referee_measure(uint8_t rx_data[8])
..\application\can_communicate.c: 1 warning, 0 errors
compiling UI_task.c...
..\application\UI_task.c(573): warning:  #550-D: variable "UI_String_4"  was set but never used
  	uint8_t *UI_String_4;
..\application\UI_task.c: 1 warning, 0 errors
compiling VOFA_task.c...
compiling gimbal_behaviour.c...
compiling gimbal_task.c...
compiling CyberGear.c...
compiling pc_task.c...
..\application\pc_task.c(48): warning:  #177-D: function "data_solve"  was declared but never referenced
  static void data_solve(receive_msg_t *pc_receive_msg, uint8_t *rx_data)
..\application\pc_task.c: 1 warning, 0 errors
compiling BMI088driver.c...
compiling ist8310driver.c...
compiling remote_control.c...
compiling user_lib.c...
compiling pid.c...
compiling adrc.c...
compiling fifo.c...
compiling controller.c...
linking...
Program Size: Code=37732 RO-data=3608 RW-data=664 ZI-data=47168  
FromELF: creating hex file...
".\RM_Gimbal\RM_Gimbal.elf" - 0 Error(s), 4 Warning(s).

<h2>Software Packages used:</h2>

Package Vendor: ARM
                http://www.keil.com/pack/ARM.CMSIS.5.8.0.pack
                ARM.CMSIS.5.8.0
                CMSIS (Common Microcontroller Software Interface Standard)
   * Component: CORE Version: 5.5.0

Package Vendor: Keil
                https://www.keil.com/pack/Keil.STM32F4xx_DFP.2.17.1.pack
                Keil.STM32F4xx_DFP.2.17.1
                STMicroelectronics STM32F4 Series Device Support, Drivers and Examples

<h2>Collection of Component include folders:</h2>
  .\RTE\_RM_Gimbal
  C:\~Terminal's SSD~\software data\MDK Packs\ARM\CMSIS\5.8.0\CMSIS\Core\Include
  C:\~Terminal's SSD~\software data\MDK Packs\Keil\STM32F4xx_DFP\2.17.1\Drivers\CMSIS\Device\ST\STM32F4xx\Include

<h2>Collection of Component Files used:</h2>

   * Component: ARM::CMSIS:CORE:5.5.0
Build Time Elapsed:  00:00:12
</pre>
</body>
</html>
