<html>
<body>
<pre>
<h1>µVision Build Log</h1>
<h2>Tool Versions:</h2>
IDE-Version: ¦ÌVision V5.28.0.0
Copyright (C) 2019 ARM Ltd and ARM Germany GmbH. All rights reserved.
License Information: Cheng0891@outlook.com Cheng0891@outlook.com, tju, LIC=76F5U-SRG81-MMG9I-TKUX0-13VTY-SEMVU
 
Tool Versions:
Toolchain:       MDK-ARM Plus  Version: 5.28.0.0
Toolchain Path:  C:\~Terminal's SSD~\software\Keil MDK\ARM\ARMCC\Bin
C Compiler:      Armcc.exe V5.06 update 6 (build 750)
Assembler:       Armasm.exe V5.06 update 6 (build 750)
Linker/Locator:  ArmLink.exe V5.06 update 6 (build 750)
Library Manager: ArmAr.exe V5.06 update 6 (build 750)
Hex Converter:   FromElf.exe V5.06 update 6 (build 750)
CPU DLL:         SARMCM3.DLL V5.28.0.0
Dialog DLL:      DCM.DLL V1.17.3.0
Target DLL:      CMSIS_AGDI.dll V1.31.18.0
Dialog DLL:      TCM.DLL V1.36.2.0
 
<h2>Project:</h2>
C:\~Terminal's SSD~\Tewlet\CubeMX program\engineer_2025\engineer_chassis_0329\MDK-ARM\engineer_chassis.uvprojx
Project File Date:  05/06/2025

<h2>Output:</h2>
*** Using Compiler 'V5.06 update 6 (build 750)', folder: 'C:\~Terminal's SSD~\software\Keil MDK\ARM\ARMCC\Bin'
Build target 'engineer_chassis'
assembling startup_stm32f427xx.s...
compiling croutine.c...
compiling event_groups.c...
compiling list.c...
compiling queue.c...
compiling stream_buffer.c...
compiling timers.c...
compiling tasks.c...
compiling heap_4.c...
compiling cmsis_os.c...
compiling port.c...
compiling stm32f4xx_hal_rcc_ex.c...
compiling stm32f4xx_hal.c...
compiling main.c...
compiling stm32f4xx_hal_exti.c...
compiling stm32f4xx_hal_pcd.c...
compiling stm32f4xx_hal_gpio.c...
compiling stm32f4xx_hal_msp.c...
compiling stm32f4xx_hal_flash.c...
compiling stm32f4xx_hal_rcc.c...
compiling stm32f4xx_hal_flash_ramfunc.c...
compiling gpio.c...
compiling can.c...
compiling stm32f4xx_hal_pwr.c...
compiling stm32f4xx_hal_cortex.c...
compiling stm32f4xx_hal_pcd_ex.c...
compiling stm32f4xx_hal_dma.c...
compiling system_stm32f4xx.c...
compiling dma.c...
compiling stm32f4xx_it.c...
compiling stm32f4xx_hal_can.c...
compiling spi.c...
compiling bsp_gyro.c...
compiling stm32f4xx_hal_pwr_ex.c...
compiling stm32f4xx_hal_flash_ex.c...
compiling stm32f4xx_hal_dma_ex.c...
compiling stm32f4xx_hal_spi.c...
compiling freertos.c...
compiling usart.c...
compiling stm32f4xx_ll_usb.c...
compiling pc_info_task.c...
compiling Butterworth_Filter.c...
compiling stm32f4xx_hal_uart.c...
compiling protocol.c...
compiling bsp_can.c...
compiling TD.c...
compiling 6dof_kinematic.c...
..\components\algorithm\kinematic\6dof_kinematic.c(158): warning:  #177-D: function "QuaToEulerAngle"  was declared but never referenced
  static void QuaToEulerAngle(const float *_Q, float* _eulerAngles)
..\components\algorithm\kinematic\6dof_kinematic.c(192): warning:  #177-D: function "EulerAngleToQua"  was declared but never referenced
  static void EulerAngleToQua(const float* _eulerAngles, float *_Q)
..\components\algorithm\kinematic\6dof_kinematic.c: 2 warnings, 0 errors
compiling bsp_delay.c...
compiling myiic.c...
compiling bsp_dwt.c...
compiling bsp_rc.c...
compiling keyboard.c...
compiling bsp_imu.c...
compiling pid.c...
compiling imu_task.c...
compiling bsp_usart.c...
..\boards\bsp_usart.c(121): warning:  #550-D: variable "this_time_rx_len"  was set but never used
          static uint16_t this_time_rx_len = 0;
..\boards\bsp_usart.c: 1 warning, 0 errors
compiling referee.c...
compiling remote_control.c...
compiling referee_usart_task.c...
compiling user_lib.c...
compiling usb_device.c...
compiling usbd_ioreq.c...
compiling can_communicate.c...
compiling usbd_conf.c...
compiling fifo.c...
compiling arm_control_task.c...
..\applications\arm_control_task.c(494): warning:  #177-D: variable "new_joint_flag"  was declared but never referenced
  	bool new_joint_flag = false;
..\applications\arm_control_task.c(23): warning:  #177-D: function "ONE_KEY_MoveL"  was declared but never referenced
  static void ONE_KEY_MoveL(Robotic_6DOF_control_t *R_6D_ctrl, arm_control_t *arm_control_set, Pose6D_t *arm_pose);
..\applications\arm_control_task.c(183): warning: C4487E: read from variable 'Ag2_temp' with offset out of bounds
}
..\applications\arm_control_task.c: 3 warnings, 0 errors
compiling controller.c...
compiling usbd_cdc_if.c...
compiling usbd_desc.c...
compiling nx_communicate.c...
compiling usbd_core.c...
compiling usbd_ctlreq.c...
compiling usbd_cdc.c...
compiling chassis_task.c...
compiling boards_communicate.c...
linking...
Program Size: Code=69916 RO-data=4192 RW-data=1208 ZI-data=49984  
FromELF: creating hex file...
"engineer_chassis\engineer_chassis.axf" - 0 Error(s), 6 Warning(s).

<h2>Software Packages used:</h2>

Package Vendor: ARM
                http://www.keil.com/pack/ARM.CMSIS.5.8.0.pack
                ARM.CMSIS.5.8.0
                CMSIS (Common Microcontroller Software Interface Standard)
   * Component: CORE Version: 5.5.0

Package Vendor: Keil
                https://www.keil.com/pack/Keil.STM32F4xx_DFP.2.17.1.pack
                Keil.STM32F4xx_DFP.2.17.1
                STMicroelectronics STM32F4 Series Device Support, Drivers and Examples

<h2>Collection of Component include folders:</h2>
  .\RTE\_engineer_chassis
  C:\~Terminal's SSD~\software data\MDK Packs\ARM\CMSIS\5.8.0\CMSIS\Core\Include
  C:\~Terminal's SSD~\software data\MDK Packs\Keil\STM32F4xx_DFP\2.17.1\Drivers\CMSIS\Device\ST\STM32F4xx\Include

<h2>Collection of Component Files used:</h2>

   * Component: ARM::CMSIS:CORE:5.5.0
      Include file:  CMSIS\Core\Include\tz_context.h
Build Time Elapsed:  00:00:10
</pre>
</body>
</html>
