Component: ARM Compiler 5.06 update 6 (build 750) Tool: armlink [4d35ed]

==============================================================================

Section Cross References

    startup_stm32f427xx.o(STACK) refers (Special) to heapauxi.o(.text) for __use_two_region_memory
    startup_stm32f427xx.o(HEAP) refers (Special) to heapauxi.o(.text) for __use_two_region_memory
    startup_stm32f427xx.o(RESET) refers (Special) to heapauxi.o(.text) for __use_two_region_memory
    startup_stm32f427xx.o(RESET) refers to startup_stm32f427xx.o(STACK) for __initial_sp
    startup_stm32f427xx.o(RESET) refers to startup_stm32f427xx.o(.text) for Reset_Handler
    startup_stm32f427xx.o(RESET) refers to stm32f4xx_it.o(i.NMI_Handler) for NMI_Handler
    startup_stm32f427xx.o(RESET) refers to stm32f4xx_it.o(i.HardFault_Handler) for HardFault_Handler
    startup_stm32f427xx.o(RESET) refers to stm32f4xx_it.o(i.MemManage_Handler) for MemManage_Handler
    startup_stm32f427xx.o(RESET) refers to stm32f4xx_it.o(i.BusFault_Handler) for BusFault_Handler
    startup_stm32f427xx.o(RESET) refers to stm32f4xx_it.o(i.UsageFault_Handler) for UsageFault_Handler
    startup_stm32f427xx.o(RESET) refers to port.o(.emb_text) for SVC_Handler
    startup_stm32f427xx.o(RESET) refers to stm32f4xx_it.o(i.DebugMon_Handler) for DebugMon_Handler
    startup_stm32f427xx.o(RESET) refers to stm32f4xx_it.o(i.SysTick_Handler) for SysTick_Handler
    startup_stm32f427xx.o(RESET) refers to stm32f4xx_it.o(i.DMA1_Stream1_IRQHandler) for DMA1_Stream1_IRQHandler
    startup_stm32f427xx.o(RESET) refers to stm32f4xx_it.o(i.DMA1_Stream3_IRQHandler) for DMA1_Stream3_IRQHandler
    startup_stm32f427xx.o(RESET) refers to stm32f4xx_it.o(i.DMA1_Stream5_IRQHandler) for DMA1_Stream5_IRQHandler
    startup_stm32f427xx.o(RESET) refers to stm32f4xx_it.o(i.DMA1_Stream6_IRQHandler) for DMA1_Stream6_IRQHandler
    startup_stm32f427xx.o(RESET) refers to stm32f4xx_it.o(i.CAN1_RX0_IRQHandler) for CAN1_RX0_IRQHandler
    startup_stm32f427xx.o(RESET) refers to referee_usart_task.o(i.USART2_IRQHandler) for USART2_IRQHandler
    startup_stm32f427xx.o(RESET) refers to stm32f4xx_it.o(i.DMA2_Stream1_IRQHandler) for DMA2_Stream1_IRQHandler
    startup_stm32f427xx.o(RESET) refers to stm32f4xx_it.o(i.DMA2_Stream2_IRQHandler) for DMA2_Stream2_IRQHandler
    startup_stm32f427xx.o(RESET) refers to stm32f4xx_it.o(i.CAN2_RX0_IRQHandler) for CAN2_RX0_IRQHandler
    startup_stm32f427xx.o(RESET) refers to stm32f4xx_it.o(i.OTG_FS_IRQHandler) for OTG_FS_IRQHandler
    startup_stm32f427xx.o(RESET) refers to stm32f4xx_it.o(i.DMA2_Stream6_IRQHandler) for DMA2_Stream6_IRQHandler
    startup_stm32f427xx.o(RESET) refers to stm32f4xx_it.o(i.DMA2_Stream7_IRQHandler) for DMA2_Stream7_IRQHandler
    startup_stm32f427xx.o(RESET) refers to bsp_usart.o(i.USART6_IRQHandler) for USART6_IRQHandler
    startup_stm32f427xx.o(RESET) refers to nx_communicate.o(i.UART7_IRQHandler) for UART7_IRQHandler
    startup_stm32f427xx.o(.text) refers (Special) to heapauxi.o(.text) for __use_two_region_memory
    startup_stm32f427xx.o(.text) refers to system_stm32f4xx.o(i.SystemInit) for SystemInit
    startup_stm32f427xx.o(.text) refers to __main.o(!!!main) for __main
    startup_stm32f427xx.o(.text) refers to startup_stm32f427xx.o(HEAP) for Heap_Mem
    startup_stm32f427xx.o(.text) refers to startup_stm32f427xx.o(STACK) for Stack_Mem
    main.o(i.SystemClock_Config) refers to rt_memclr_w.o(.text) for __aeabi_memclr4
    main.o(i.SystemClock_Config) refers to stm32f4xx_hal_rcc.o(i.HAL_RCC_OscConfig) for HAL_RCC_OscConfig
    main.o(i.SystemClock_Config) refers to main.o(i.Error_Handler) for Error_Handler
    main.o(i.SystemClock_Config) refers to stm32f4xx_hal_rcc.o(i.HAL_RCC_ClockConfig) for HAL_RCC_ClockConfig
    main.o(i.main) refers to stm32f4xx_hal.o(i.HAL_Init) for HAL_Init
    main.o(i.main) refers to main.o(i.SystemClock_Config) for SystemClock_Config
    main.o(i.main) refers to gpio.o(i.MX_GPIO_Init) for MX_GPIO_Init
    main.o(i.main) refers to dma.o(i.MX_DMA_Init) for MX_DMA_Init
    main.o(i.main) refers to can.o(i.MX_CAN1_Init) for MX_CAN1_Init
    main.o(i.main) refers to can.o(i.MX_CAN2_Init) for MX_CAN2_Init
    main.o(i.main) refers to spi.o(i.MX_SPI5_Init) for MX_SPI5_Init
    main.o(i.main) refers to usart.o(i.MX_UART5_Init) for MX_UART5_Init
    main.o(i.main) refers to usart.o(i.MX_USART1_UART_Init) for MX_USART1_UART_Init
    main.o(i.main) refers to usart.o(i.MX_USART2_UART_Init) for MX_USART2_UART_Init
    main.o(i.main) refers to usart.o(i.MX_USART6_UART_Init) for MX_USART6_UART_Init
    main.o(i.main) refers to usart.o(i.MX_UART7_Init) for MX_UART7_Init
    main.o(i.main) refers to referee_usart_task.o(i.serial2_selfcontrol_rc_init) for serial2_selfcontrol_rc_init
    main.o(i.main) refers to bsp_can.o(i.can_filter_init) for can_filter_init
    main.o(i.main) refers to bsp_usart.o(i.uart5_init) for uart5_init
    main.o(i.main) refers to bsp_usart.o(i.uart6_init) for uart6_init
[...]
    vListInitialiseItem                      0x08011f43   Thumb Code     6  list.o(i.vListInitialiseItem)
    vListInsert                              0x08011f49   Thumb Code    52  list.o(i.vListInsert)
    vListInsertEnd                           0x08011f7d   Thumb Code    24  list.o(i.vListInsertEnd)
    vPortEnterCritical                       0x08011f95   Thumb Code    76  port.o(i.vPortEnterCritical)
    vPortExitCritical                        0x08011fe9   Thumb Code    56  port.o(i.vPortExitCritical)
    vPortFree                                0x08012025   Thumb Code   150  heap_4.o(i.vPortFree)
    vPortSetupTimerInterrupt                 0x080120c9   Thumb Code    36  port.o(i.vPortSetupTimerInterrupt)
    vPortValidateInterruptPriority           0x080120f1   Thumb Code   106  port.o(i.vPortValidateInterruptPriority)
    vTaskDelay                               0x08012169   Thumb Code    82  tasks.o(i.vTaskDelay)
    vTaskStartScheduler                      0x080121c5   Thumb Code   146  tasks.o(i.vTaskStartScheduler)
    vTaskSuspendAll                          0x08012275   Thumb Code    12  tasks.o(i.vTaskSuspendAll)
    vTaskSwitchContext                       0x08012285   Thumb Code   118  tasks.o(i.vTaskSwitchContext)
    verify_crc16_check_sum                   0x08012311   Thumb Code    60  protocol.o(i.verify_crc16_check_sum)
    verify_crc8_check_sum                    0x08012351   Thumb Code    48  protocol.o(i.verify_crc8_check_sum)
    xPortStartScheduler                      0x08012381   Thumb Code   330  port.o(i.xPortStartScheduler)
    xPortSysTickHandler                      0x080124e9   Thumb Code    46  port.o(i.xPortSysTickHandler)
    xTaskCreate                              0x0801251d   Thumb Code   100  tasks.o(i.xTaskCreate)
    xTaskCreateStatic                        0x08012581   Thumb Code   186  tasks.o(i.xTaskCreateStatic)
    xTaskGetSchedulerState                   0x0801263d   Thumb Code    24  tasks.o(i.xTaskGetSchedulerState)
    xTaskGetTickCount                        0x0801265d   Thumb Code     6  tasks.o(i.xTaskGetTickCount)
    xTaskGetTickCountFromISR                 0x08012669   Thumb Code    16  tasks.o(i.xTaskGetTickCountFromISR)
    xTaskIncrementTick                       0x0801267d   Thumb Code   282  tasks.o(i.xTaskIncrementTick)
    xTaskResumeAll                           0x080127c5   Thumb Code   224  tasks.o(i.xTaskResumeAll)
    __aeabi_d2f                              0x080128c9   Thumb Code     0  d2f_clz.o(x$fpl$d2f)
    _d2f                                     0x080128c9   Thumb Code   700  d2f_clz.o(x$fpl$d2f)
    __aeabi_dadd                             0x08012b8d   Thumb Code     0  daddsub_clz.o(x$fpl$dadd)
    _dadd                                    0x08012b8d   Thumb Code   580  daddsub_clz.o(x$fpl$dadd)
    __fpl_dcmp_Inf                           0x08012dd9   Thumb Code    24  dcmpi.o(x$fpl$dcmpinf)
    __dflt_normalise                         0x08012df1   Thumb Code    26  dflt_clz.o(x$fpl$dfltn)
    __aeabi_cdcmple                          0x08012e0d   Thumb Code     0  dleqf.o(x$fpl$dleqf)
    _dcmple                                  0x08012e0d   Thumb Code   120  dleqf.o(x$fpl$dleqf)
    __fpl_dcmple_InfNaN                      0x08012e65   Thumb Code     0  dleqf.o(x$fpl$dleqf)
    __aeabi_dmul                             0x08012e85   Thumb Code     0  dmul_clz.o(x$fpl$dmul)
    _dmul                                    0x08012e85   Thumb Code   440  dmul_clz.o(x$fpl$dmul)
    __fpl_dnaninf                            0x08013045   Thumb Code   258  dnaninf.o(x$fpl$dnaninf)
    __fpl_drenorm2                           0x08013147   Thumb Code   106  drenorm_clz.o(x$fpl$drenorm)
    __fpl_drenorm1                           0x080131b1   Thumb Code     6  drenorm_clz.o(x$fpl$drenorm)
    __fpl_dretinf                            0x080131b7   Thumb Code    12  dretinf.o(x$fpl$dretinf)
    __aeabi_cdrcmple                         0x080131c3   Thumb Code     0  drleqf.o(x$fpl$drleqf)
    _drcmple                                 0x080131c3   Thumb Code    98  drleqf.o(x$fpl$drleqf)
    _dsqrt                                   0x08013225   Thumb Code   520  dsqrt_umaalclz.o(x$fpl$dsqrt)
    __aeabi_dsub                             0x0801342d   Thumb Code     0  daddsub_clz.o(x$fpl$dsub)
    _dsub                                    0x0801342d   Thumb Code   664  daddsub_clz.o(x$fpl$dsub)
    __dunder                                 0x080136c9   Thumb Code   314  dunder_clz.o(x$fpl$dunder)
    __dunder_d                               0x08013803   Thumb Code    64  dunder_clz.o(x$fpl$dunder)
    __fpl_exception                          0x08013845   Thumb Code   454  except.o(x$fpl$exception)
    __aeabi_f2d                              0x08013a31   Thumb Code     0  f2d.o(x$fpl$f2d)
    _f2d                                     0x08013a31   Thumb Code   122  f2d.o(x$fpl$f2d)
    __fpl_fnaninf                            0x08013aab   Thumb Code   242  fnaninf.o(x$fpl$fnaninf)
    _fp_init                                 0x08013b9d   Thumb Code    10  fpinit.o(x$fpl$fpinit)
    __fplib_config_fpu_vfp                   0x08013ba5   Thumb Code     0  fpinit.o(x$fpl$fpinit)
    __fplib_config_pureend_doubles           0x08013ba5   Thumb Code     0  fpinit.o(x$fpl$fpinit)
    __fpl_fretinf                            0x08013ba7   Thumb Code    10  fretinf.o(x$fpl$fretinf)
    __funder                                 0x08013bb1   Thumb Code   254  funder_clz.o(x$fpl$funder)
    __funder_d                               0x08013caf   Thumb Code    62  funder_clz.o(x$fpl$funder)
    __fpl_return_NaN                         0x08013ced   Thumb Code   178  retnan.o(x$fpl$retnan)
    _fp_trapveneer                           0x08013d9f   Thumb Code    36  trapv.o(x$fpl$trapveneer)
    __fpl_cmpreturn                          0x08013dc3   Thumb Code    90  trapv.o(x$fpl$trapveneer)
    __I$use$fp                               0x08013e1c   Number         0  usenofp.o(x$fpl$usenofp)
    AHBPrescTable                            0x08013ecc   Data          16  system_stm32f4xx.o(.constdata)
    APBPrescTable                            0x08013edc   Data           8  system_stm32f4xx.o(.constdata)
    CRC8_INIT                                0x08014088   Data           1  protocol.o(.constdata)
    CRC8_TAB                                 0x08014089   Data         256  protocol.o(.constdata)
    wCRC_Table                               0x0801418a   Data         512  protocol.o(.constdata)
    sinTable_f32                             0x0801438c   Data        2052  arm_common_tables.o(.constdata)
    Region$$Table$$Base                      0x08014be8   Number         0  anon$$obj.o(Region$$Table)
    Region$$Table$$Limit                     0x08014c08   Number         0  anon$$obj.o(Region$$Table)
    defaultTaskHandle                        0x20000000   Data           4  freertos.o(.data)
    chassisTaskHandle                        0x20000004   Data           4  freertos.o(.data)
    imuTaskHandle                            0x20000008   Data           4  freertos.o(.data)
    nxcommunicateHandle                      0x2000000c   Data           4  freertos.o(.data)
    uiTaskHandle                             0x20000010   Data           4  freertos.o(.data)
    boardscommunicateHandle                  0x20000014   Data           4  freertos.o(.data)
    armcontroltaskHandle                     0x20000018   Data           4  freertos.o(.data)
    RefereeusartTaskHandle                   0x2000001c   Data           4  freertos.o(.data)
    uwTick                                   0x20000024   Data           4  stm32f4xx_hal.o(.data)
    uwTickPrio                               0x20000028   Data           4  stm32f4xx_hal.o(.data)
    uwTickFreq                               0x2000002c   Data           1  stm32f4xx_hal.o(.data)
    SystemCoreClock                          0x20000030   Data           4  system_stm32f4xx.o(.data)
    pxCurrentTCB                             0x20000034   Data           4  tasks.o(.data)
    SysTime                                  0x200000a0   Data           8  bsp_dwt.o(.data)
    CYCCNT64                                 0x200000c0   Data           8  bsp_dwt.o(.data)
    USART2_RX_STA                            0x200000e0   Data           2  bsp_usart.o(.data)
    imu_rx_data                              0x200000e2   Data           8  bsp_usart.o(.data)
    suker_key_flag                           0x200000ec   Data           1  arm_control_task.o(.data)
    AJX_flag                                 0x200000ed   Data           1  arm_control_task.o(.data)
    yaw_angle_set                            0x200000f0   Data           4  arm_control_task.o(.data)
    time_cnt                                 0x200000f4   Data           2  arm_control_task.o(.data)
    arm_error_cnt                            0x200000f6   Data           2  arm_control_task.o(.data)
    error_flag                               0x200000f8   Data           1  arm_control_task.o(.data)
    sc_allowance                             0x200000fc   Data           8  arm_control_task.o(.data)
    Half_rod_cnt                             0x20000104   Data           4  arm_control_task.o(.data)
    allowance                                0x20000108   Data          24  arm_control_task.o(.data)
    l                                        0x20000120   Data           4  arm_control_task.o(.data)
    arm_restart_flag                         0x20000140   Data           1  chassis_task.o(.data)
    clamp_flag                               0x20000141   Data           1  chassis_task.o(.data)
    clamp_mode                               0x20000142   Data           1  chassis_task.o(.data)
    arm_flag                                 0x20000143   Data           1  chassis_task.o(.data)
    power_flag                               0x20000144   Data           1  chassis_task.o(.data)
    GouDong_flag                             0x20000145   Data           1  chassis_task.o(.data)
    uwb_flag                                 0x20000146   Data           1  chassis_task.o(.data)
    uwb_mode                                 0x20000147   Data           1  chassis_task.o(.data)
    last_rc_mid                              0x20000148   Data           1  chassis_task.o(.data)
    clamp_reset_count                        0x2000014a   Data           2  chassis_task.o(.data)
    uwb_reset_count                          0x2000014c   Data           2  chassis_task.o(.data)
    error_cnt                                0x20000150   Data           4  chassis_task.o(.data)
    error                                    0x20000154   Data           1  chassis_task.o(.data)
    key_RC                                   0x20000158   Data           4  keyboard.o(.data)
    USART7_RX_STA                            0x2000015c   Data           2  nx_communicate.o(.data)
    nx_allowance                             0x20000160   Data          24  nx_communicate.o(.data)
    res                                      0x20000178   Data           1  nx_communicate.o(.data)
    referee_receive_header                   0x20000179   Data           5  referee.o(.data)
    robot_rfid                               0x2000017e   Data           4  referee.o(.data)
    cmd_time                                 0x20000182   Data           2  referee_usart_task.o(.data)
    Flag                                     0x20000184   Data           1  referee_usart_task.o(.data)
    CRC_INIT                                 0x200003e8   Data           2  protocol.o(.data)
    FS_Desc                                  0x200003ec   Data          28  usbd_desc.o(.data)
    USBD_FS_DeviceDesc                       0x20000408   Data          18  usbd_desc.o(.data)
    USBD_LangIDDesc                          0x2000041c   Data           4  usbd_desc.o(.data)
    USBD_StringSerial                        0x20000420   Data          26  usbd_desc.o(.data)
    USBD_Interface_fops_FS                   0x2000043c   Data          20  usbd_cdc_if.o(.data)
    USBD_CDC                                 0x20000460   Data          56  usbd_cdc.o(.data)
    hcan1                                    0x20000734   Data          40  can.o(.bss)
    hcan2                                    0x2000075c   Data          40  can.o(.bss)
    hspi5                                    0x20000784   Data          88  spi.o(.bss)
    huart5                                   0x200007dc   Data          72  usart.o(.bss)
    huart7                                   0x20000824   Data          72  usart.o(.bss)
    huart1                                   0x2000086c   Data          72  usart.o(.bss)
    huart2                                   0x200008b4   Data          72  usart.o(.bss)
    huart6                                   0x200008fc   Data          72  usart.o(.bss)
    hdma_uart7_rx                            0x20000944   Data          96  usart.o(.bss)
    hdma_uart7_tx                            0x200009a4   Data          96  usart.o(.bss)
    hdma_usart1_rx                           0x20000a04   Data          96  usart.o(.bss)
    hdma_usart1_tx                           0x20000a64   Data          96  usart.o(.bss)
    hdma_usart2_rx                           0x20000ac4   Data          96  usart.o(.bss)
    hdma_usart2_tx                           0x20000b24   Data          96  usart.o(.bss)
    hdma_usart6_rx                           0x20000b84   Data          96  usart.o(.bss)
    hdma_usart6_tx                           0x20000be4   Data          96  usart.o(.bss)
    USART2_RX_BUF                            0x20004934   Data         100  bsp_usart.o(.bss)
    USART6_RX_BUF                            0x20004998   Data        1024  bsp_usart.o(.bss)
    arm_control                              0x20004d98   Data        2128  arm_control_task.o(.bss)
    R_6D_ctrl                                0x200055e8   Data        1068  arm_control_task.o(.bss)
    I_6D_ctrl                                0x20005a14   Data          32  arm_control_task.o(.bss)
    Ag_Catch                                 0x20005a34   Data          12  arm_control_task.o(.bss)
    max_joint_speed                          0x20005a40   Data          24  arm_control_task.o(.bss)
    Last_Joint6D                             0x20005a58   Data          24  arm_control_task.o(.bss)
    arm_target_position                      0x20005a70   Data          24  arm_control_task.o(.bss)
    time_flag                                0x20005a88   Data          64  arm_control_task.o(.bss)
    deltaJoints                              0x20005ac8   Data          24  arm_control_task.o(.bss)
    CAN1_rx_buffer                           0x20005ae0   Data          72  can_communicate.o(.bss)
    DM_motor_4310                            0x20005b28   Data          32  can_communicate.o(.bss)
    arm_message                              0x20005b48   Data          28  can_communicate.o(.bss)
    arm_message_temp                         0x20005b64   Data          28  can_communicate.o(.bss)
    USART6_TX_Buffer                         0x20005bb0   Data          20  boards_communicate.o(.bss)
    tx_message_mp                            0x20005bdc   Data          28  boards_communicate.o(.bss)
    chassis                                  0x20005bf8   Data        1840  chassis_task.o(.bss)
    all_key                                  0x20006328   Data         105  keyboard.o(.bss)
    USART7_RX_BUF                            0x20006391   Data         100  nx_communicate.o(.bss)
    pc_send_msg                              0x200063f5   Data          28  nx_communicate.o(.bss)
    pc_receive_msg                           0x20006411   Data          26  nx_communicate.o(.bss)
    PC_SEND_BUF                              0x2000642b   Data          29  nx_communicate.o(.bss)
    robot_state                              0x20006448   Data          27  referee.o(.bss)
    arm_pose                                 0x20006463   Data          30  referee.o(.bss)
    usart2_buf                               0x20006484   Data        1024  referee_usart_task.o(.bss)
    referee_fifo                             0x20006884   Data          24  referee_usart_task.o(.bss)
    referee_fifo_buf                         0x2000689c   Data        1024  referee_usart_task.o(.bss)
    referee_unpack_obj                       0x20006c9c   Data         137  referee_usart_task.o(.bss)
    rc_ctrl                                  0x20006d25   Data          44  referee_usart_task.o(.bss)
    last_s                                   0x20006d51   Data          25  referee_usart_task.o(.bss)
    hUsbDeviceFS                             0x20006d6c   Data         732  usb_device.o(.bss)
    USBD_StrDesc                             0x20007048   Data         512  usbd_desc.o(.bss)
    UserRxBufferFS                           0x20007248   Data        2048  usbd_cdc_if.o(.bss)
    UserTxBufferFS                           0x20007a48   Data        2048  usbd_cdc_if.o(.bss)
    hpcd_USB_OTG_FS                          0x20008248   Data        1252  usbd_conf.o(.bss)
    __libspace_start                         0x2000894c   Data          96  libspace.o(.bss)
    __temporary_stack_top$libspace           0x200089ac   Data           0  libspace.o(.bss)



==============================================================================

Memory Map of the image

  Image Entry point : 0x080001ad

  Load Region LR_IROM1 (Base: 0x08000000, Size: 0x000150e8, Max: 0x00200000, ABSOLUTE, COMPRESSED[0x00014d48])

    Execution Region ER_IROM1 (Exec base: 0x08000000, Load base: 0x08000000, Size: 0x00014c08, Max: 0x00200000, ABSOLUTE)

    Exec Addr    Load Addr    Size         Type   Attr      Idx    E Section Name        Object

    0x08000000   0x08000000   0x000001ac   Data   RO            3    RESET               startup_stm32f427xx.o
    0x080001ac   0x080001ac   0x00000008   Code   RO         8113  * !!!main             c_w.l(__main.o)
    0x080001b4   0x080001b4   0x00000034   Code   RO         8501    !!!scatter          c_w.l(__scatter.o)
    0x080001e8   0x080001e8   0x0000005a   Code   RO         8499    !!dczerorl2         c_w.l(__dczerorl2.o)
    0x08000242   0x08000242   0x00000002   PAD
    0x08000244   0x08000244   0x0000001c   Code   RO         8503    !!handler_zi        c_w.l(__scatter_zi.o)
    0x08000260   0x08000260   0x00000002   Code   RO         8442    .ARM.Collect$$libinit$$00000000  c_w.l(libinit.o)
    0x08000262   0x08000262   0x00000004   Code   RO         8249    .ARM.Collect$$libinit$$00000001  c_w.l(libinit2.o)
    0x08000266   0x08000266   0x00000000   Code   RO         8252    .ARM.Collect$$libinit$$00000004  c_w.l(libinit2.o)
    0x08000266   0x08000266   0x00000008   Code   RO         8253    .ARM.Collect$$libinit$$00000005  c_w.l(libinit2.o)
    0x0800026e   0x0800026e   0x00000000   Code   RO         8255    .ARM.Collect$$libinit$$0000000A  c_w.l(libinit2.o)
    0x0800026e   0x0800026e   0x00000000   Code   RO         8257    .ARM.Collect$$libinit$$0000000C  c_w.l(libinit2.o)
    0x0800026e   0x0800026e   0x00000000   Code   RO         8259    .ARM.Collect$$libinit$$0000000E  c_w.l(libinit2.o)
    0x0800026e   0x0800026e   0x00000000   Code   RO         8262    .ARM.Collect$$libinit$$00000011  c_w.l(libinit2.o)
    0x0800026e   0x0800026e   0x00000000   Code   RO         8264    .ARM.Collect$$libinit$$00000013  c_w.l(libinit2.o)
    0x0800026e   0x0800026e   0x00000000   Code   RO         8266    .ARM.Collect$$libinit$$00000015  c_w.l(libinit2.o)
    0x0800026e   0x0800026e   0x00000000   Code   RO         8268    .ARM.Collect$$libinit$$00000017  c_w.l(libinit2.o)
    0x0800026e   0x0800026e   0x00000000   Code   RO         8270    .ARM.Collect$$libinit$$00000019  c_w.l(libinit2.o)
    0x0800026e   0x0800026e   0x00000000   Code   RO         8272    .ARM.Collect$$libinit$$0000001B  c_w.l(libinit2.o)
    0x0800026e   0x0800026e   0x00000000   Code   RO         8274    .ARM.Collect$$libinit$$0000001D  c_w.l(libinit2.o)
    0x0800026e   0x0800026e   0x00000000   Code   RO         8276    .ARM.Collect$$libinit$$0000001F  c_w.l(libinit2.o)
    0x0800026e   0x0800026e   0x00000000   Code   RO         8278    .ARM.Collect$$libinit$$00000021  c_w.l(libinit2.o)
    0x0800026e   0x0800026e   0x00000000   Code   RO         8280    .ARM.Collect$$libinit$$00000023  c_w.l(libinit2.o)
    0x0800026e   0x0800026e   0x00000000   Code   RO         8282    .ARM.Collect$$libinit$$00000025  c_w.l(libinit2.o)
    0x0800026e   0x0800026e   0x00000000   Code   RO         8286    .ARM.Collect$$libinit$$0000002C  c_w.l(libinit2.o)
    0x0800026e   0x0800026e   0x00000000   Code   RO         8288    .ARM.Collect$$libinit$$0000002E  c_w.l(libinit2.o)
    0x0800026e   0x0800026e   0x00000000   Code   RO         8290    .ARM.Collect$$libinit$$00000030  c_w.l(libinit2.o)
    0x0800026e   0x0800026e   0x00000000   Code   RO         8292    .ARM.Collect$$libinit$$00000032  c_w.l(libinit2.o)
    0x0800026e   0x0800026e   0x00000002   Code   RO         8293    .ARM.Collect$$libinit$$00000033  c_w.l(libinit2.o)
    0x08000270   0x08000270   0x00000002   Code   RO         8496    .ARM.Collect$$libshutdown$$00000000  c_w.l(libshutdown.o)
    0x08000272   0x08000272   0x00000000   Code   RO         8456    .ARM.Collect$$libshutdown$$00000002  c_w.l(libshutdown2.o)
    0x08000272   0x08000272   0x00000000   Code   RO         8458    .ARM.Collect$$libshutdown$$00000004  c_w.l(libshutdown2.o)
    0x08000272   0x08000272   0x00000000   Code   RO         8461    .ARM.Collect$$libshutdown$$00000007  c_w.l(libshutdown2.o)
    0x08000272   0x08000272   0x00000000   Code   RO         8464    .ARM.Collect$$libshutdown$$0000000A  c_w.l(libshutdown2.o)
    0x08000272   0x08000272   0x00000000   Code   RO         8466    .ARM.Collect$$libshutdown$$0000000C  c_w.l(libshutdown2.o)
    0x08000272   0x08000272   0x00000000   Code   RO         8469    .ARM.Collect$$libshutdown$$0000000F  c_w.l(libshutdown2.o)
    0x08000272   0x08000272   0x00000002   Code   RO         8470    .ARM.Collect$$libshutdown$$00000010  c_w.l(libshutdown2.o)
    0x08000274   0x08000274   0x00000000   Code   RO         8215    .ARM.Collect$$rtentry$$00000000  c_w.l(__rtentry.o)
    0x08000274   0x08000274   0x00000000   Code   RO         8372    .ARM.Collect$$rtentry$$00000002  c_w.l(__rtentry2.o)
    0x08000274   0x08000274   0x00000006   Code   RO         8384    .ARM.Collect$$rtentry$$00000004  c_w.l(__rtentry4.o)
    0x0800027a   0x0800027a   0x00000000   Code   RO         8374    .ARM.Collect$$rtentry$$00000009  c_w.l(__rtentry2.o)
    0x0800027a   0x0800027a   0x00000004   Code   RO         8375    .ARM.Collect$$rtentry$$0000000A  c_w.l(__rtentry2.o)
    0x0800027e   0x0800027e   0x00000000   Code   RO         8377    .ARM.Collect$$rtentry$$0000000C  c_w.l(__rtentry2.o)
    0x0800027e   0x0800027e   0x00000008   Code   RO         8378    .ARM.Collect$$rtentry$$0000000D  c_w.l(__rtentry2.o)
    0x08000286   0x08000286   0x00000002   Code   RO         8443    .ARM.Collect$$rtexit$$00000000  c_w.l(rtexit.o)
    0x08000288   0x08000288   0x00000000   Code   RO         8472    .ARM.Collect$$rtexit$$00000002  c_w.l(rtexit2.o)
    0x08000288   0x08000288   0x00000004   Code   RO         8473    .ARM.Collect$$rtexit$$00000003  c_w.l(rtexit2.o)
    0x0800028c   0x0800028c   0x00000006   Code   RO         8474    .ARM.Collect$$rtexit$$00000004  c_w.l(rtexit2.o)
    0x08000292   0x08000292   0x00000002   PAD
    0x08000294   0x08000294   0x000000be   Code   RO         4846    .emb_text           port.o
    0x08000352   0x08000352   0x00000002   PAD
    0x08000354   0x08000354   0x00000000   Code   RO         8395    .emb_text           c_w.l(maybetermalloc1.o)
    0x08000354   0x08000354   0x00000040   Code   RO            4    .text               startup_stm32f427xx.o
    0x08000394   0x08000394   0x00000078   Code   RO         7829    .text               arm_cortexM4lf_math.lib(arm_cos_f32.o)
    0x0800040c   0x0800040c   0x00000074   Code   RO         7882    .text               arm_cortexM4lf_math.lib(arm_sin_f32.o)
    0x08000480   0x08000480   0x00000008   Code   RO         7906    .text               arm_cortexM4lf_math.lib(arm_mat_init_f32.o)
    0x08000488   0x08000488   0x0000013c   Code   RO         7930    .text               arm_cortexM4lf_math.lib(arm_mat_mult_f32.o)
    0x080005c4   0x080005c4   0x00000002   Code   RO         8035    .text               c_w.l(use_no_semi_2.o)
    0x080005c6   0x080005c6   0x0000005e   Code   RO         8041    .text               c_w.l(h1_alloc.o)
    0x08000624   0x08000624   0x0000004e   Code   RO         8043    .text               c_w.l(h1_free.o)
    0x08000672   0x08000672   0x000000ee   Code   RO         8099    .text               c_w.l(lludivv7m.o)
    0x08000760   0x08000760   0x0000008a   Code   RO         8101    .text               c_w.l(rt_memcpy_v6.o)
    0x080007ea   0x080007ea   0x00000064   Code   RO         8103    .text               c_w.l(rt_memcpy_w.o)
    0x0800084e   0x0800084e   0x00000044   Code   RO         8107    .text               c_w.l(rt_memclr.o)
    0x08000892   0x08000892   0x0000004e   Code   RO         8109    .text               c_w.l(rt_memclr_w.o)
    0x080008e0   0x080008e0   0x00000006   Code   RO         8111    .text               c_w.l(heapauxi.o)
    0x080008e6   0x080008e6   0x00000002   Code   RO         8211    .text               c_w.l(use_no_semi.o)
    0x080008e8   0x080008e8   0x00000008   Code   RO         8223    .text               c_w.l(rt_heap_descriptor_intlibspace.o)
    0x080008f0   0x080008f0   0x00000004   Code   RO         8225    .text               c_w.l(hguard.o)
    0x080008f4   0x080008f4   0x0000008a   Code   RO         8227    .text               c_w.l(init_alloc.o)
    0x0800097e   0x0800097e   0x0000000e   Code   RO         8231    .text               c_w.l(h1_init.o)
    0x0800098c   0x0800098c   0x00000016   Code   RO         8245    .text               c_w.l(_rserrno.o)
    0x080009a2   0x080009a2   0x00000002   PAD
    0x080009a4   0x080009a4   0x00000008   Code   RO         8368    .text               c_w.l(libspace.o)
    0x080009ac   0x080009ac   0x00000008   Code   RO         8391    .text               c_w.l(rt_errno_addr_intlibspace.o)
    0x080009b4   0x080009b4   0x00000034   Code   RO         8397    .text               c_w.l(h1_extend.o)
    0x080009e8   0x080009e8   0x00000030   Code   RO         8401    .text               c_w.l(_fptrap.o)
    0x08000a18   0x08000a18   0x0000000e   Code   RO         8403    .text               c_w.l(defsig_rtmem_outer.o)
    0x08000a26   0x08000a26   0x0000004a   Code   RO         8417    .text               c_w.l(sys_stackheap_outer.o)
    0x08000a70   0x08000a70   0x00000012   Code   RO         8423    .text               c_w.l(exit.o)
    0x08000a82   0x08000a82   0x0000000a   Code   RO         8425    .text               c_w.l(defsig_exit.o)
    0x08000a8c   0x08000a8c   0x0000000e   Code   RO         8427    .text               c_w.l(defsig_fpe_outer.o)
    0x08000a9a   0x08000a9a   0x00000002   PAD
    0x08000a9c   0x08000a9c   0x00000050   Code   RO         8431    .text               c_w.l(defsig_rtmem_inner.o)
    0x08000aec   0x08000aec   0x00000032   Code   RO         8451    .text               c_w.l(defsig_general.o)
    0x08000b1e   0x08000b1e   0x00000002   PAD
    0x08000b20   0x08000b20   0x000000ac   Code   RO         8453    .text               c_w.l(defsig_fpe_inner.o)
    0x08000bcc   0x08000bcc   0x000000ac   Code   RO         5517    i.AbsMaxWithJoint4Priority  arm_control_task.o
    0x08000c78   0x08000c78   0x00000004   Code   RO          605    i.BusFault_Handler  stm32f4xx_it.o
    0x08000c7c   0x08000c7c   0x00000010   Code   RO          606    i.CAN1_RX0_IRQHandler  stm32f4xx_it.o
    0x08000c8c   0x08000c8c   0x00000010   Code   RO          607    i.CAN2_RX0_IRQHandler  stm32f4xx_it.o
    0x08000c9c   0x08000c9c   0x000000ec   Code   RO         5880    i.CAN_board_communicate_can_0  boards_communicate.o
    0x08000d88   0x08000d88   0x000000d0   Code   RO         5881    i.CAN_board_communicate_can_1  boards_communicate.o
    0x08000e58   0x08000e58   0x00000048   Code   RO         5753    i.CAN_cmd_4310_disable  can_communicate.o
    0x08000ea0   0x08000ea0   0x00000048   Code   RO         5754    i.CAN_cmd_4310_enable  can_communicate.o
    0x08000ee8   0x08000ee8   0x00000100   Code   RO         5755    i.CAN_cmd_4310_mit  can_communicate.o
    0x08000fe8   0x08000fe8   0x00000050   Code   RO         5756    i.CAN_cmd_chassis   can_communicate.o
    0x08001038   0x08001038   0x00000048   Code   RO         5757    i.CAN_cmd_chassis_clamp  can_communicate.o
    0x08001080   0x08001080   0x00000048   Code   RO         5758    i.CAN_cmd_chassis_uwb  can_communicate.o
    0x080010c8   0x080010c8   0x00000044   Code   RO         7135    i.CDC_Control_FS    usbd_cdc_if.o
    0x0800110c   0x0800110c   0x00000004   Code   RO         7136    i.CDC_DeInit_FS     usbd_cdc_if.o
    0x08001110   0x08001110   0x00000024   Code   RO         7137    i.CDC_Init_FS       usbd_cdc_if.o
    0x08001134   0x08001134   0x0000001c   Code   RO         7138    i.CDC_Receive_FS    usbd_cdc_if.o
    0x08001150   0x08001150   0x0000000c   Code   RO         7139    i.CDC_TransmitCplt_FS  usbd_cdc_if.o
    0x0800115c   0x0800115c   0x00000010   Code   RO          608    i.DMA1_Stream1_IRQHandler  stm32f4xx_it.o
    0x0800116c   0x0800116c   0x00000010   Code   RO          609    i.DMA1_Stream3_IRQHandler  stm32f4xx_it.o
    0x0800117c   0x0800117c   0x00000010   Code   RO          610    i.DMA1_Stream5_IRQHandler  stm32f4xx_it.o
    0x0800118c   0x0800118c   0x00000010   Code   RO          611    i.DMA1_Stream6_IRQHandler  stm32f4xx_it.o
    0x0800119c   0x0800119c   0x00000010   Code   RO          612    i.DMA2_Stream1_IRQHandler  stm32f4xx_it.o
    0x080011ac   0x080011ac   0x00000010   Code   RO          613    i.DMA2_Stream2_IRQHandler  stm32f4xx_it.o
    0x080011bc   0x080011bc   0x00000010   Code   RO          614    i.DMA2_Stream6_IRQHandler  stm32f4xx_it.o
    0x080011cc   0x080011cc   0x00000010   Code   RO          615    i.DMA2_Stream7_IRQHandler  stm32f4xx_it.o
    0x080011dc   0x080011dc   0x00000034   Code   RO         1916    i.DMA_CalcBaseAndBitshift  stm32f4xx_hal_dma.o
    0x08001210   0x08001210   0x000000aa   Code   RO         1917    i.DMA_CheckFifoParam  stm32f4xx_hal_dma.o
    0x080012ba   0x080012ba   0x0000002c   Code   RO         1918    i.DMA_SetConfig     stm32f4xx_hal_dma.o
    0x080012e6   0x080012e6   0x00000002   PAD
    0x080012e8   0x080012e8   0x00000030   Code   RO         5064    i.DWT_CNT_Update    bsp_dwt.o
    0x08001318   0x08001318   0x0000003c   Code   RO         5065    i.DWT_Delay         bsp_dwt.o
    0x08001354   0x08001354   0x0000004c   Code   RO         5066    i.DWT_GetDeltaT     bsp_dwt.o
    0x080013a0   0x080013a0   0x00000068   Code   RO         5071    i.DWT_Init          bsp_dwt.o
    0x08001408   0x08001408   0x00000002   Code   RO          616    i.DebugMon_Handler  stm32f4xx_it.o
    0x0800140a   0x0800140a   0x00000006   Code   RO           13    i.Error_Handler     main.o
    0x08001410   0x08001410   0x000000d8   Code   RO         6635    i.EulerAngleToRotMat  6dof_kinematic.o
    0x080014e8   0x080014e8   0x00000034   Code   RO         7058    i.Get_SerialNum     usbd_desc.o
    0x0800151c   0x0800151c   0x0000002a   Code   RO         2643    i.HAL_CAN_ActivateNotification  stm32f4xx_hal_can.o
    0x08001546   0x08001546   0x0000014a   Code   RO         2644    i.HAL_CAN_AddTxMessage  stm32f4xx_hal_can.o
    0x08001690   0x08001690   0x00000124   Code   RO         2645    i.HAL_CAN_ConfigFilter  stm32f4xx_hal_can.o
    0x080017b4   0x080017b4   0x00000002   Code   RO         2648    i.HAL_CAN_ErrorCallback  stm32f4xx_hal_can.o
    0x080017b6   0x080017b6   0x00000194   Code   RO         2651    i.HAL_CAN_GetRxMessage  stm32f4xx_hal_can.o
    0x0800194a   0x0800194a   0x0000024e   Code   RO         2655    i.HAL_CAN_IRQHandler  stm32f4xx_hal_can.o
    0x08001b98   0x08001b98   0x00000174   Code   RO         2656    i.HAL_CAN_Init      stm32f4xx_hal_can.o
    0x08001d0c   0x08001d0c   0x00000164   Code   RO          402    i.HAL_CAN_MspInit   can.o
    0x08001e70   0x08001e70   0x00000002   Code   RO         2663    i.HAL_CAN_RxFifo0FullCallback  stm32f4xx_hal_can.o
    0x08001e72   0x08001e72   0x00000002   PAD
    0x08001e74   0x08001e74   0x00000454   Code   RO         5759    i.HAL_CAN_RxFifo0MsgPendingCallback  can_communicate.o
    0x080022c8   0x080022c8   0x00000002   Code   RO         2665    i.HAL_CAN_RxFifo1FullCallback  stm32f4xx_hal_can.o
    0x080022ca   0x080022ca   0x00000002   Code   RO         2666    i.HAL_CAN_RxFifo1MsgPendingCallback  stm32f4xx_hal_can.o
    0x080022cc   0x080022cc   0x00000002   Code   RO         2667    i.HAL_CAN_SleepCallback  stm32f4xx_hal_can.o
    0x080022ce   0x080022ce   0x0000005e   Code   RO         2668    i.HAL_CAN_Start     stm32f4xx_hal_can.o
    0x0800232c   0x0800232c   0x00000002   Code   RO         2670    i.HAL_CAN_TxMailbox0AbortCallback  stm32f4xx_hal_can.o
    0x0800232e   0x0800232e   0x00000002   Code   RO         2671    i.HAL_CAN_TxMailbox0CompleteCallback  stm32f4xx_hal_can.o
    0x08002330   0x08002330   0x00000002   Code   RO         2672    i.HAL_CAN_TxMailbox1AbortCallback  stm32f4xx_hal_can.o
    0x08002332   0x08002332   0x00000002   Code   RO         2673    i.HAL_CAN_TxMailbox1CompleteCallback  stm32f4xx_hal_can.o
    0x08002334   0x08002334   0x00000002   Code   RO         2674    i.HAL_CAN_TxMailbox2AbortCallback  stm32f4xx_hal_can.o
    0x08002336   0x08002336   0x00000002   Code   RO         2675    i.HAL_CAN_TxMailbox2CompleteCallback  stm32f4xx_hal_can.o
    0x08002338   0x08002338   0x00000002   Code   RO         2677    i.HAL_CAN_WakeUpFromRxMsgCallback  stm32f4xx_hal_can.o
    0x0800233a   0x0800233a   0x000000ac   Code   RO         1919    i.HAL_DMA_Abort     stm32f4xx_hal_dma.o
    0x080023e6   0x080023e6   0x00000028   Code   RO         1920    i.HAL_DMA_Abort_IT  stm32f4xx_hal_dma.o
    0x0800240e   0x0800240e   0x00000002   PAD
    0x08002410   0x08002410   0x00000240   Code   RO         1924    i.HAL_DMA_IRQHandler  stm32f4xx_hal_dma.o
    0x08002650   0x08002650   0x000000ec   Code   RO         1925    i.HAL_DMA_Init      stm32f4xx_hal_dma.o
    0x0800273c   0x0800273c   0x00000066   Code   RO         1928    i.HAL_DMA_Start     stm32f4xx_hal_dma.o
    0x080027a2   0x080027a2   0x00000092   Code   RO         1929    i.HAL_DMA_Start_IT  stm32f4xx_hal_dma.o
    0x08002834   0x08002834   0x00000028   Code   RO         2379    i.HAL_Delay         stm32f4xx_hal.o
    0x0800285c   0x0800285c   0x00000210   Code   RO         1812    i.HAL_GPIO_Init     stm32f4xx_hal_gpio.o
    0x08002a6c   0x08002a6c   0x00000010   Code   RO         1814    i.HAL_GPIO_ReadPin  stm32f4xx_hal_gpio.o
    0x08002a7c   0x08002a7c   0x0000000c   Code   RO         1816    i.HAL_GPIO_WritePin  stm32f4xx_hal_gpio.o
    0x08002a88   0x08002a88   0x0000000c   Code   RO         2387    i.HAL_GetTick       stm32f4xx_hal.o
    0x08002a94   0x08002a94   0x00000018   Code   RO         2393    i.HAL_IncTick       stm32f4xx_hal.o
    0x08002aac   0x08002aac   0x0000003c   Code   RO         2394    i.HAL_Init          stm32f4xx_hal.o
    0x08002ae8   0x08002ae8   0x0000004c   Code   RO         2395    i.HAL_InitTick      stm32f4xx_hal.o
    0x08002b34   0x08002b34   0x00000054   Code   RO          735    i.HAL_MspInit       stm32f4xx_hal_msp.o
    0x08002b88   0x08002b88   0x00000028   Code   RO         2222    i.HAL_NVIC_EnableIRQ  stm32f4xx_hal_cortex.o
    0x08002bb0   0x08002bb0   0x0000007c   Code   RO         2228    i.HAL_NVIC_SetPriority  stm32f4xx_hal_cortex.o
    0x08002c2c   0x08002c2c   0x00000028   Code   RO         2229    i.HAL_NVIC_SetPriorityGrouping  stm32f4xx_hal_cortex.o
    0x08002c54   0x08002c54   0x00000002   Code   RO         1003    i.HAL_PCDEx_LPM_Callback  stm32f4xx_hal_pcd_ex.o
    0x08002c56   0x08002c56   0x0000000a   Code   RO         1004    i.HAL_PCDEx_SetRxFiFo  stm32f4xx_hal_pcd_ex.o
    0x08002c60   0x08002c60   0x0000004e   Code   RO         1005    i.HAL_PCDEx_SetTxFiFo  stm32f4xx_hal_pcd_ex.o
    0x08002cae   0x08002cae   0x0000000e   Code   RO         7192    i.HAL_PCD_ConnectCallback  usbd_conf.o
    0x08002cbc   0x08002cbc   0x00000020   Code   RO         7193    i.HAL_PCD_DataInStageCallback  usbd_conf.o
    0x08002cdc   0x08002cdc   0x00000020   Code   RO         7194    i.HAL_PCD_DataOutStageCallback  usbd_conf.o
    0x08002cfc   0x08002cfc   0x0000000e   Code   RO         7195    i.HAL_PCD_DisconnectCallback  usbd_conf.o
    0x08002d0a   0x08002d0a   0x00000042   Code   RO          768    i.HAL_PCD_EP_Abort  stm32f4xx_hal_pcd.o
    0x08002d4c   0x08002d4c   0x0000006a   Code   RO          769    i.HAL_PCD_EP_Close  stm32f4xx_hal_pcd.o
    0x08002db6   0x08002db6   0x0000007c   Code   RO          770    i.HAL_PCD_EP_ClrStall  stm32f4xx_hal_pcd.o
    0x08002e32   0x08002e32   0x00000016   Code   RO          772    i.HAL_PCD_EP_GetRxCount  stm32f4xx_hal_pcd.o
    0x08002e48   0x08002e48   0x0000008e   Code   RO          773    i.HAL_PCD_EP_Open   stm32f4xx_hal_pcd.o
    0x08002ed6   0x08002ed6   0x00000046   Code   RO          774    i.HAL_PCD_EP_Receive  stm32f4xx_hal_pcd.o
    0x08002f1c   0x08002f1c   0x0000008a   Code   RO          775    i.HAL_PCD_EP_SetStall  stm32f4xx_hal_pcd.o
    0x08002fa6   0x08002fa6   0x00000048   Code   RO          776    i.HAL_PCD_EP_Transmit  stm32f4xx_hal_pcd.o
    0x08002fee   0x08002fee   0x000006ca   Code   RO          778    i.HAL_PCD_IRQHandler  stm32f4xx_hal_pcd.o
    0x080036b8   0x080036b8   0x00000012   Code   RO         7196    i.HAL_PCD_ISOINIncompleteCallback  usbd_conf.o
    0x080036ca   0x080036ca   0x00000012   Code   RO         7197    i.HAL_PCD_ISOOUTIncompleteCallback  usbd_conf.o
    0x080036dc   0x080036dc   0x0000015e   Code   RO          781    i.HAL_PCD_Init      stm32f4xx_hal_pcd.o
    0x0800383a   0x0800383a   0x00000002   PAD
    0x0800383c   0x0800383c   0x000000a8   Code   RO         7199    i.HAL_PCD_MspInit   usbd_conf.o
    0x080038e4   0x080038e4   0x00000030   Code   RO         7200    i.HAL_PCD_ResetCallback  usbd_conf.o
    0x08003914   0x08003914   0x0000000e   Code   RO         7201    i.HAL_PCD_ResumeCallback  usbd_conf.o
    0x08003922   0x08003922   0x0000000e   Code   RO         7202    i.HAL_PCD_SOFCallback  usbd_conf.o
    0x08003930   0x08003930   0x00000034   Code   RO          787    i.HAL_PCD_SetAddress  stm32f4xx_hal_pcd.o
    0x08003964   0x08003964   0x00000012   Code   RO         7203    i.HAL_PCD_SetupStageCallback  usbd_conf.o
    0x08003976   0x08003976   0x0000004c   Code   RO          790    i.HAL_PCD_Start     stm32f4xx_hal_pcd.o
    0x080039c2   0x080039c2   0x00000002   PAD
    0x080039c4   0x080039c4   0x00000034   Code   RO         7204    i.HAL_PCD_SuspendCallback  usbd_conf.o
    0x080039f8   0x080039f8   0x00000184   Code   RO         1356    i.HAL_RCC_ClockConfig  stm32f4xx_hal_rcc.o
    0x08003b7c   0x08003b7c   0x0000000c   Code   RO         1361    i.HAL_RCC_GetHCLKFreq  stm32f4xx_hal_rcc.o
    0x08003b88   0x08003b88   0x00000020   Code   RO         1363    i.HAL_RCC_GetPCLK1Freq  stm32f4xx_hal_rcc.o
    0x08003ba8   0x08003ba8   0x00000020   Code   RO         1364    i.HAL_RCC_GetPCLK2Freq  stm32f4xx_hal_rcc.o
    0x08003bc8   0x08003bc8   0x000000b0   Code   RO         1365    i.HAL_RCC_GetSysClockFreq  stm32f4xx_hal_rcc.o
    0x08003c78   0x08003c78   0x0000049c   Code   RO         1368    i.HAL_RCC_OscConfig  stm32f4xx_hal_rcc.o
    0x08004114   0x08004114   0x000000c8   Code   RO         2887    i.HAL_SPI_Init      stm32f4xx_hal_spi.o
    0x080041dc   0x080041dc   0x00000088   Code   RO          475    i.HAL_SPI_MspInit   spi.o
    0x08004264   0x08004264   0x00000034   Code   RO         2233    i.HAL_SYSTICK_Config  stm32f4xx_hal_cortex.o
    0x08004298   0x08004298   0x00000002   Code   RO         3210    i.HAL_UARTEx_RxEventCallback  stm32f4xx_hal_uart.o
    0x0800429a   0x0800429a   0x00000002   Code   RO         3224    i.HAL_UART_ErrorCallback  stm32f4xx_hal_uart.o
    0x0800429c   0x0800429c   0x000002e8   Code   RO         3227    i.HAL_UART_IRQHandler  stm32f4xx_hal_uart.o
    0x08004584   0x08004584   0x00000076   Code   RO         3228    i.HAL_UART_Init     stm32f4xx_hal_uart.o
    0x080045fa   0x080045fa   0x00000002   PAD
    0x080045fc   0x080045fc   0x00000504   Code   RO          517    i.HAL_UART_MspInit  usart.o
    0x08004b00   0x08004b00   0x00000002   Code   RO         3234    i.HAL_UART_RxCpltCallback  stm32f4xx_hal_uart.o
    0x08004b02   0x08004b02   0x000000be   Code   RO         3236    i.HAL_UART_Transmit  stm32f4xx_hal_uart.o
    0x08004bc0   0x08004bc0   0x0000008c   Code   RO         3237    i.HAL_UART_Transmit_DMA  stm32f4xx_hal_uart.o
    0x08004c4c   0x08004c4c   0x00000002   Code   RO         3239    i.HAL_UART_TxCpltCallback  stm32f4xx_hal_uart.o
    0x08004c4e   0x08004c4e   0x00000002   Code   RO         3240    i.HAL_UART_TxHalfCpltCallback  stm32f4xx_hal_uart.o
    0x08004c50   0x08004c50   0x00000004   Code   RO          617    i.HardFault_Handler  stm32f4xx_it.o
    0x08004c54   0x08004c54   0x0000003e   Code   RO         7059    i.IntToUnicode      usbd_desc.o
    0x08004c92   0x08004c92   0x00000002   PAD
    0x08004c94   0x08004c94   0x000001c4   Code   RO         6636    i.Joint6D_Init      6dof_kinematic.o
    0x08004e58   0x08004e58   0x00000044   Code   RO          403    i.MX_CAN1_Init      can.o
    0x08004e9c   0x08004e9c   0x00000044   Code   RO          404    i.MX_CAN2_Init      can.o
    0x08004ee0   0x08004ee0   0x000000c8   Code   RO          450    i.MX_DMA_Init       dma.o
    0x08004fa8   0x08004fa8   0x000000b0   Code   RO          293    i.MX_FREERTOS_Init  freertos.o
    0x08005058   0x08005058   0x000001b4   Code   RO          269    i.MX_GPIO_Init      gpio.o
    0x0800520c   0x0800520c   0x00000044   Code   RO          476    i.MX_SPI5_Init      spi.o
    0x08005250   0x08005250   0x00000038   Code   RO          518    i.MX_UART5_Init     usart.o
    0x08005288   0x08005288   0x00000038   Code   RO          519    i.MX_UART7_Init     usart.o
    0x080052c0   0x080052c0   0x00000038   Code   RO          520    i.MX_USART1_UART_Init  usart.o
    0x080052f8   0x080052f8   0x00000038   Code   RO          521    i.MX_USART2_UART_Init  usart.o
    0x08005330   0x08005330   0x00000038   Code   RO          522    i.MX_USART6_UART_Init  usart.o
    0x08005368   0x08005368   0x0000004c   Code   RO         7010    i.MX_USB_DEVICE_Init  usb_device.o
    0x080053b4   0x080053b4   0x00000004   Code   RO          618    i.MemManage_Handler  stm32f4xx_it.o
    0x080053b8   0x080053b8   0x0000035c   Code   RO         5518    i.MoveL             arm_control_task.o
    0x08005714   0x08005714   0x00000004   Code   RO          619    i.NMI_Handler       stm32f4xx_it.o
    0x08005718   0x08005718   0x0000024c   Code   RO         6497    i.OLS_Derivative    user_lib.o
    0x08005964   0x08005964   0x00000058   Code   RO         6498    i.OLS_Init          user_lib.o
    0x080059bc   0x080059bc   0x00000010   Code   RO          620    i.OTG_FS_IRQHandler  stm32f4xx_it.o
    0x080059cc   0x080059cc   0x00000064   Code   RO          794    i.PCD_EP_OutSetupPacket_int  stm32f4xx_hal_pcd.o
    0x08005a30   0x08005a30   0x00000144   Code   RO          795    i.PCD_EP_OutXfrComplete_int  stm32f4xx_hal_pcd.o
    0x08005b74   0x08005b74   0x000000b6   Code   RO          796    i.PCD_WriteEmptyTxFifo  stm32f4xx_hal_pcd.o
    0x08005c2a   0x08005c2a   0x000002d0   Code   RO         6287    i.PID_Calculate     controller.o
    0x08005efa   0x08005efa   0x00000002   PAD
    0x08005efc   0x08005efc   0x000002e8   Code   RO         6288    i.PID_Calculate_Angle  controller.o
    0x080061e4   0x080061e4   0x000000bc   Code   RO         6289    i.PID_Init          controller.o
    0x080062a0   0x080062a0   0x00000182   Code   RO         6638    i.QuaToRotMat       6dof_kinematic.o
    0x08006422   0x08006422   0x00000092   Code   RO         6639    i.QuaternionMultiply  6dof_kinematic.o
    0x080064b4   0x080064b4   0x00000150   Code   RO         6640    i.RotMatToEulerAngle  6dof_kinematic.o
    0x08006604   0x08006604   0x0000022c   Code   RO         6641    i.RotMatToQua       6dof_kinematic.o
    0x08006830   0x08006830   0x00000012   Code   RO         7561    i.SWAPBYTE          usbd_ctlreq.o
    0x08006842   0x08006842   0x00000002   PAD
    0x08006844   0x08006844   0x00000030   Code   RO         6429    i.Sign              td.o
    0x08006874   0x08006874   0x000002b0   Code   RO         6642    i.SolveFK           6dof_kinematic.o
    0x08006b24   0x08006b24   0x00000dfc   Code   RO         6643    i.SolveIK           6dof_kinematic.o
    0x08007920   0x08007920   0x0000000e   Code   RO          294    i.StartDefaultTask  freertos.o
    0x0800792e   0x0800792e   0x00000014   Code   RO          621    i.SysTick_Handler   stm32f4xx_it.o
    0x08007942   0x08007942   0x00000002   PAD
    0x08007944   0x08007944   0x000000b4   Code   RO           14    i.SystemClock_Config  main.o
    0x080079f8   0x080079f8   0x00000014   Code   RO         3572    i.SystemInit        system_stm32f4xx.o
    0x08007a0c   0x08007a0c   0x00000208   Code   RO         6430    i.TD_calc           td.o
    0x08007c14   0x08007c14   0x000002a0   Code   RO         6431    i.TD_calc_angle     td.o
    0x08007eb4   0x08007eb4   0x00000028   Code   RO         6432    i.TD_init           td.o
    0x08007edc   0x08007edc   0x00000006   Code   RO         6433    i.TD_set_r          td.o
    0x08007ee2   0x08007ee2   0x00000006   Code   RO         6434    i.TD_set_x          td.o
    0x08007ee8   0x08007ee8   0x000000e8   Code   RO         5882    i.TX_init           boards_communicate.o
    0x08007fd0   0x08007fd0   0x000001cc   Code   RO         6067    i.UART7_IRQHandler  nx_communicate.o
    0x0800819c   0x0800819c   0x00000014   Code   RO         3241    i.UART_DMAAbortOnError  stm32f4xx_hal_uart.o
    0x080081b0   0x080081b0   0x00000050   Code   RO         3242    i.UART_DMAError     stm32f4xx_hal_uart.o
    0x08008200   0x08008200   0x00000058   Code   RO         3247    i.UART_DMATransmitCplt  stm32f4xx_hal_uart.o
    0x08008258   0x08008258   0x0000000e   Code   RO         3249    i.UART_DMATxHalfCplt  stm32f4xx_hal_uart.o
    0x08008266   0x08008266   0x0000006c   Code   RO         3251    i.UART_EndRxTransfer  stm32f4xx_hal_uart.o
    0x080082d2   0x080082d2   0x00000020   Code   RO         3252    i.UART_EndTransmit_IT  stm32f4xx_hal_uart.o
    0x080082f2   0x080082f2   0x00000026   Code   RO         3253    i.UART_EndTxTransfer  stm32f4xx_hal_uart.o
    0x08008318   0x08008318   0x00000066   Code   RO         6068    i.UART_Receive_DMA_No_IT  nx_communicate.o
    0x0800837e   0x0800837e   0x000000fc   Code   RO         3254    i.UART_Receive_IT   stm32f4xx_hal_uart.o
    0x0800847a   0x0800847a   0x00000002   PAD
    0x0800847c   0x0800847c   0x0000022c   Code   RO         3255    i.UART_SetConfig    stm32f4xx_hal_uart.o
    0x080086a8   0x080086a8   0x00000060   Code   RO         3258    i.UART_Transmit_IT  stm32f4xx_hal_uart.o
    0x08008708   0x08008708   0x0000008c   Code   RO         3259    i.UART_WaitOnFlagUntilTimeout  stm32f4xx_hal_uart.o
    0x08008794   0x08008794   0x00000124   Code   RO         6177    i.USART2_IRQHandler  referee_usart_task.o
    0x080088b8   0x080088b8   0x00000114   Code   RO         5340    i.USART6_IRQHandler  bsp_usart.o
    0x080089cc   0x080089cc   0x000000c4   Code   RO         7724    i.USBD_CDC_DataIn   usbd_cdc.o
    0x08008a90   0x08008a90   0x00000048   Code   RO         7725    i.USBD_CDC_DataOut  usbd_cdc.o
    0x08008ad8   0x08008ad8   0x000000d4   Code   RO         7726    i.USBD_CDC_DeInit   usbd_cdc.o
    0x08008bac   0x08008bac   0x00000050   Code   RO         7727    i.USBD_CDC_EP0_RxReady  usbd_cdc.o
    0x08008bfc   0x08008bfc   0x00000010   Code   RO         7728    i.USBD_CDC_GetDeviceQualifierDescriptor  usbd_cdc.o
    0x08008c0c   0x08008c0c   0x00000044   Code   RO         7729    i.USBD_CDC_GetFSCfgDesc  usbd_cdc.o
    0x08008c50   0x08008c50   0x00000048   Code   RO         7730    i.USBD_CDC_GetHSCfgDesc  usbd_cdc.o
    0x08008c98   0x08008c98   0x00000044   Code   RO         7731    i.USBD_CDC_GetOtherSpeedCfgDesc  usbd_cdc.o
    0x08008cdc   0x08008cdc   0x000001a0   Code   RO         7732    i.USBD_CDC_Init     usbd_cdc.o
    0x08008e7c   0x08008e7c   0x00000050   Code   RO         7733    i.USBD_CDC_ReceivePacket  usbd_cdc.o
    0x08008ecc   0x08008ecc   0x00000018   Code   RO         7734    i.USBD_CDC_RegisterInterface  usbd_cdc.o
    0x08008ee4   0x08008ee4   0x0000001e   Code   RO         7735    i.USBD_CDC_SetRxBuffer  usbd_cdc.o
    0x08008f02   0x08008f02   0x00000024   Code   RO         7736    i.USBD_CDC_SetTxBuffer  usbd_cdc.o
    0x08008f26   0x08008f26   0x00000140   Code   RO         7737    i.USBD_CDC_Setup    usbd_cdc.o
    0x08009066   0x08009066   0x0000001c   Code   RO         7399    i.USBD_ClrClassConfig  usbd_core.o
    0x08009082   0x08009082   0x0000003e   Code   RO         7562    i.USBD_ClrFeature   usbd_ctlreq.o
    0x080090c0   0x080090c0   0x00000006   Code   RO         7400    i.USBD_CoreFindEP   usbd_core.o
    0x080090c6   0x080090c6   0x00000006   Code   RO         7401    i.USBD_CoreFindIF   usbd_core.o
    0x080090cc   0x080090cc   0x00000018   Code   RO         7664    i.USBD_CtlContinueRx  usbd_ioreq.o
    0x080090e4   0x080090e4   0x00000018   Code   RO         7665    i.USBD_CtlContinueSendData  usbd_ioreq.o
    0x080090fc   0x080090fc   0x00000018   Code   RO         7563    i.USBD_CtlError     usbd_ctlreq.o
    0x08009114   0x08009114   0x00000028   Code   RO         7666    i.USBD_CtlPrepareRx  usbd_ioreq.o
    0x0800913c   0x0800913c   0x0000001a   Code   RO         7667    i.USBD_CtlReceiveStatus  usbd_ioreq.o
    0x08009156   0x08009156   0x00000022   Code   RO         7668    i.USBD_CtlSendData  usbd_ioreq.o
    0x08009178   0x08009178   0x0000001a   Code   RO         7669    i.USBD_CtlSendStatus  usbd_ioreq.o
    0x08009192   0x08009192   0x00000002   PAD
    0x08009194   0x08009194   0x00000034   Code   RO         7060    i.USBD_FS_ConfigStrDescriptor  usbd_desc.o
    0x080091c8   0x080091c8   0x00000010   Code   RO         7061    i.USBD_FS_DeviceDescriptor  usbd_desc.o
    0x080091d8   0x080091d8   0x00000038   Code   RO         7062    i.USBD_FS_InterfaceStrDescriptor  usbd_desc.o
    0x08009210   0x08009210   0x00000010   Code   RO         7063    i.USBD_FS_LangIDStrDescriptor  usbd_desc.o
    0x08009220   0x08009220   0x0000002c   Code   RO         7064    i.USBD_FS_ManufacturerStrDescriptor  usbd_desc.o
    0x0800924c   0x0800924c   0x00000040   Code   RO         7065    i.USBD_FS_ProductStrDescriptor  usbd_desc.o
    0x0800928c   0x0800928c   0x00000018   Code   RO         7066    i.USBD_FS_SerialStrDescriptor  usbd_desc.o
    0x080092a4   0x080092a4   0x00000056   Code   RO         7564    i.USBD_GetConfig    usbd_ctlreq.o
    0x080092fa   0x080092fa   0x000001fc   Code   RO         7565    i.USBD_GetDescriptor  usbd_ctlreq.o
    0x080094f6   0x080094f6   0x00000050   Code   RO         7403    i.USBD_GetEpDesc    usbd_core.o
    0x08009546   0x08009546   0x00000016   Code   RO         7566    i.USBD_GetLen       usbd_ctlreq.o
    0x0800955c   0x0800955c   0x00000014   Code   RO         7404    i.USBD_GetNextDesc  usbd_core.o
    0x08009570   0x08009570   0x0000005a   Code   RO         7567    i.USBD_GetStatus    usbd_ctlreq.o
    0x080095ca   0x080095ca   0x00000068   Code   RO         7568    i.USBD_GetString    usbd_ctlreq.o
    0x08009632   0x08009632   0x0000002c   Code   RO         7205    i.USBD_Get_USB_Status  usbd_conf.o
    0x0800965e   0x0800965e   0x0000003a   Code   RO         7405    i.USBD_Init         usbd_core.o
    0x08009698   0x08009698   0x00000026   Code   RO         7206    i.USBD_LL_ClearStallEP  usbd_conf.o
    0x080096be   0x080096be   0x00000026   Code   RO         7207    i.USBD_LL_CloseEP   usbd_conf.o
    0x080096e4   0x080096e4   0x00000108   Code   RO         7406    i.USBD_LL_DataInStage  usbd_core.o
    0x080097ec   0x080097ec   0x00000102   Code   RO         7407    i.USBD_LL_DataOutStage  usbd_core.o
    0x080098ee   0x080098ee   0x00000006   Code   RO         7408    i.USBD_LL_DevConnected  usbd_core.o
    0x080098f4   0x080098f4   0x00000026   Code   RO         7409    i.USBD_LL_DevDisconnected  usbd_core.o
    0x0800991a   0x0800991a   0x00000012   Code   RO         7211    i.USBD_LL_GetRxDataSize  usbd_conf.o
    0x0800992c   0x0800992c   0x00000068   Code   RO         7212    i.USBD_LL_Init      usbd_conf.o
    0x08009994   0x08009994   0x00000038   Code   RO         7213    i.USBD_LL_IsStallEP  usbd_conf.o
    0x080099cc   0x080099cc   0x00000048   Code   RO         7410    i.USBD_LL_IsoINIncomplete  usbd_core.o
    0x08009a14   0x08009a14   0x00000048   Code   RO         7411    i.USBD_LL_IsoOUTIncomplete  usbd_core.o
    0x08009a5c   0x08009a5c   0x00000030   Code   RO         7214    i.USBD_LL_OpenEP    usbd_conf.o
    0x08009a8c   0x08009a8c   0x00000030   Code   RO         7215    i.USBD_LL_PrepareReceive  usbd_conf.o
    0x08009abc   0x08009abc   0x0000006c   Code   RO         7412    i.USBD_LL_Reset     usbd_core.o
    0x08009b28   0x08009b28   0x00000016   Code   RO         7413    i.USBD_LL_Resume    usbd_core.o
    0x08009b3e   0x08009b3e   0x00000028   Code   RO         7414    i.USBD_LL_SOF       usbd_core.o
    0x08009b66   0x08009b66   0x00000008   Code   RO         7415    i.USBD_LL_SetSpeed  usbd_core.o
    0x08009b6e   0x08009b6e   0x00000026   Code   RO         7216    i.USBD_LL_SetUSBAddress  usbd_conf.o
    0x08009b94   0x08009b94   0x00000076   Code   RO         7416    i.USBD_LL_SetupStage  usbd_core.o
    0x08009c0a   0x08009c0a   0x00000026   Code   RO         7217    i.USBD_LL_StallEP   usbd_conf.o
    0x08009c30   0x08009c30   0x0000001e   Code   RO         7218    i.USBD_LL_Start     usbd_conf.o
    0x08009c4e   0x08009c4e   0x0000001c   Code   RO         7417    i.USBD_LL_Suspend   usbd_core.o
    0x08009c6a   0x08009c6a   0x00000030   Code   RO         7220    i.USBD_LL_Transmit  usbd_conf.o
    0x08009c9a   0x08009c9a   0x00000036   Code   RO         7569    i.USBD_ParseSetupRequest  usbd_ctlreq.o
    0x08009cd0   0x08009cd0   0x00000048   Code   RO         7418    i.USBD_RegisterClass  usbd_core.o
    0x08009d18   0x08009d18   0x00000006   Code   RO         7419    i.USBD_RunTestMode  usbd_core.o
    0x08009d1e   0x08009d1e   0x0000005a   Code   RO         7570    i.USBD_SetAddress   usbd_ctlreq.o
    0x08009d78   0x08009d78   0x00000020   Code   RO         7420    i.USBD_SetClassConfig  usbd_core.o
    0x08009d98   0x08009d98   0x00000104   Code   RO         7571    i.USBD_SetConfig    usbd_ctlreq.o
    0x08009e9c   0x08009e9c   0x00000038   Code   RO         7572    i.USBD_SetFeature   usbd_ctlreq.o
    0x08009ed4   0x08009ed4   0x0000000c   Code   RO         7421    i.USBD_Start        usbd_core.o
    0x08009ee0   0x08009ee0   0x000000ae   Code   RO         7573    i.USBD_StdDevReq    usbd_ctlreq.o
    0x08009f8e   0x08009f8e   0x00000280   Code   RO         7574    i.USBD_StdEPReq     usbd_ctlreq.o
    0x0800a20e   0x0800a20e   0x000000ae   Code   RO         7575    i.USBD_StdItfReq    usbd_ctlreq.o
    0x0800a2bc   0x0800a2bc   0x00000002   Code   RO         7221    i.USBD_static_free  usbd_conf.o
    0x0800a2be   0x0800a2be   0x00000002   PAD
    0x0800a2c0   0x0800a2c0   0x0000000c   Code   RO         7222    i.USBD_static_malloc  usbd_conf.o
    0x0800a2cc   0x0800a2cc   0x000000d0   Code   RO         1045    i.USB_ActivateEndpoint  stm32f4xx_ll_usb.o
    0x0800a39c   0x0800a39c   0x00000028   Code   RO         1047    i.USB_ActivateSetup  stm32f4xx_ll_usb.o
    0x0800a3c4   0x0800a3c4   0x0000008c   Code   RO         1049    i.USB_CoreInit      stm32f4xx_ll_usb.o
    0x0800a450   0x0800a450   0x00000054   Code   RO         1050    i.USB_CoreReset     stm32f4xx_ll_usb.o
    0x0800a4a4   0x0800a4a4   0x0000014c   Code   RO         1053    i.USB_DeactivateEndpoint  stm32f4xx_ll_usb.o
    0x0800a5f0   0x0800a5f0   0x00000024   Code   RO         1054    i.USB_DevConnect    stm32f4xx_ll_usb.o
    0x0800a614   0x0800a614   0x00000024   Code   RO         1055    i.USB_DevDisconnect  stm32f4xx_ll_usb.o
    0x0800a638   0x0800a638   0x000001e8   Code   RO         1056    i.USB_DevInit       stm32f4xx_ll_usb.o
    0x0800a820   0x0800a820   0x0000000e   Code   RO         1057    i.USB_DisableGlobalInt  stm32f4xx_ll_usb.o
    0x0800a82e   0x0800a82e   0x00000002   PAD
    0x0800a830   0x0800a830   0x00000070   Code   RO         1060    i.USB_EP0_OutStart  stm32f4xx_ll_usb.o
    0x0800a8a0   0x0800a8a0   0x0000008e   Code   RO         1061    i.USB_EPClearStall  stm32f4xx_ll_usb.o
    0x0800a92e   0x0800a92e   0x0000009a   Code   RO         1062    i.USB_EPSetStall    stm32f4xx_ll_usb.o
    0x0800a9c8   0x0800a9c8   0x000003c0   Code   RO         1063    i.USB_EPStartXfer   stm32f4xx_ll_usb.o
    0x0800ad88   0x0800ad88   0x000000ec   Code   RO         1064    i.USB_EPStopXfer    stm32f4xx_ll_usb.o
    0x0800ae74   0x0800ae74   0x0000000e   Code   RO         1065    i.USB_EnableGlobalInt  stm32f4xx_ll_usb.o
    0x0800ae82   0x0800ae82   0x00000050   Code   RO         1066    i.USB_FlushRxFifo   stm32f4xx_ll_usb.o
    0x0800aed2   0x0800aed2   0x00000054   Code   RO         1067    i.USB_FlushTxFifo   stm32f4xx_ll_usb.o
    0x0800af26   0x0800af26   0x00000026   Code   RO         1069    i.USB_GetDevSpeed   stm32f4xx_ll_usb.o
    0x0800af4c   0x0800af4c   0x0000000a   Code   RO         1071    i.USB_GetMode       stm32f4xx_ll_usb.o
    0x0800af56   0x0800af56   0x00000014   Code   RO         1079    i.USB_ReadDevAllInEpInterrupt  stm32f4xx_ll_usb.o
    0x0800af6a   0x0800af6a   0x00000014   Code   RO         1080    i.USB_ReadDevAllOutEpInterrupt  stm32f4xx_ll_usb.o
    0x0800af7e   0x0800af7e   0x00000032   Code   RO         1081    i.USB_ReadDevInEPInterrupt  stm32f4xx_ll_usb.o
    0x0800afb0   0x0800afb0   0x0000001a   Code   RO         1082    i.USB_ReadDevOutEPInterrupt  stm32f4xx_ll_usb.o
    0x0800afca   0x0800afca   0x0000000a   Code   RO         1083    i.USB_ReadInterrupts  stm32f4xx_ll_usb.o
    0x0800afd4   0x0800afd4   0x00000060   Code   RO         1084    i.USB_ReadPacket    stm32f4xx_ll_usb.o
    0x0800b034   0x0800b034   0x00000068   Code   RO         1086    i.USB_SetCurrentMode  stm32f4xx_ll_usb.o
    0x0800b09c   0x0800b09c   0x0000002a   Code   RO         1087    i.USB_SetDevAddress  stm32f4xx_ll_usb.o
    0x0800b0c6   0x0800b0c6   0x00000012   Code   RO         1088    i.USB_SetDevSpeed   stm32f4xx_ll_usb.o
    0x0800b0d8   0x0800b0d8   0x000000e8   Code   RO         1089    i.USB_SetTurnaroundTime  stm32f4xx_ll_usb.o
    0x0800b1c0   0x0800b1c0   0x00000044   Code   RO         1092    i.USB_WritePacket   stm32f4xx_ll_usb.o
    0x0800b204   0x0800b204   0x00000004   Code   RO          622    i.UsageFault_Handler  stm32f4xx_it.o
    0x0800b208   0x0800b208   0x00000026   Code   RO         8347    i.__ARM_fpclassifyf  m_wm.l(fpclassifyf.o)
    0x0800b22e   0x0800b22e   0x00000002   PAD
    0x0800b230   0x0800b230   0x00000010   Code   RO         2235    i.__NVIC_GetPriorityGrouping  stm32f4xx_hal_cortex.o
    0x0800b240   0x0800b240   0x00000028   Code   RO         2236    i.__NVIC_SetPriority  stm32f4xx_hal_cortex.o
    0x0800b268   0x0800b268   0x00000006   Code   RO         6731    i.__get_PRIMASK     fifo.o
    0x0800b26e   0x0800b26e   0x00000002   PAD
    0x0800b270   0x0800b270   0x00000250   Code   RO         8169    i.__hardfp_atan2f   m_wm.l(atan2f.o)
    0x0800b4c0   0x0800b4c0   0x00000018   Code   RO         6644    i.__hardfp_cosf     6dof_kinematic.o
    0x0800b4d8   0x0800b4d8   0x00000014   Code   RO         8181    i.__hardfp_fabs     m_wm.l(fabs.o)
    0x0800b4ec   0x0800b4ec   0x00000018   Code   RO         6645    i.__hardfp_sinf     6dof_kinematic.o
    0x0800b504   0x0800b504   0x0000007a   Code   RO         8187    i.__hardfp_sqrt     m_wm.l(sqrt_full.o)
    0x0800b57e   0x0800b57e   0x0000003a   Code   RO         8193    i.__hardfp_sqrtf    m_wm.l(sqrtf_full.o)
    0x0800b5b8   0x0800b5b8   0x00000006   Code   RO         8351    i.__mathlib_flt_infnan2  m_wm.l(funder.o)
    0x0800b5be   0x0800b5be   0x00000002   PAD
    0x0800b5c0   0x0800b5c0   0x00000010   Code   RO         8355    i.__mathlib_flt_underflow  m_wm.l(funder.o)
    0x0800b5d0   0x0800b5d0   0x00000006   Code   RO         6732    i.__set_PRIMASK     fifo.o
    0x0800b5d6   0x0800b5d6   0x00000004   Code   RO          523    i._sys_exit         usart.o
    0x0800b5da   0x0800b5da   0x00000004   Code   RO          524    i._ttywrch          usart.o
    0x0800b5de   0x0800b5de   0x00000002   PAD
    0x0800b5e0   0x0800b5e0   0x000001f0   Code   RO         5519    i.arm_check_get_position  arm_control_task.o
    0x0800b7d0   0x0800b7d0   0x00002530   Code   RO         5520    i.arm_control_init  arm_control_task.o
    0x0800dd00   0x0800dd00   0x0000005c   Code   RO         5521    i.arm_control_key_check  arm_control_task.o
    0x0800dd5c   0x0800dd5c   0x00000b20   Code   RO         5522    i.arm_control_loop  arm_control_task.o
    0x0800e87c   0x0800e87c   0x000003c8   Code   RO         5523    i.arm_control_set   arm_control_task.o
    0x0800ec44   0x0800ec44   0x000000cc   Code   RO         5524    i.arm_control_task  arm_control_task.o
    0x0800ed10   0x0800ed10   0x00000180   Code   RO         5525    i.arm_feedback_update  arm_control_task.o
    0x0800ee90   0x0800ee90   0x0000002c   Code   RO         6646    i.arm_sqrt_f32      6dof_kinematic.o
    0x0800eebc   0x0800eebc   0x00000050   Code   RO         5883    i.board_communicate_task  boards_communicate.o
    0x0800ef0c   0x0800ef0c   0x0000005c   Code   RO         4926    i.can_filter_init   bsp_can.o
    0x0800ef68   0x0800ef68   0x000002a0   Code   RO         5942    i.chassis_control_loop  chassis_task.o
    0x0800f208   0x0800f208   0x000001a8   Code   RO         5943    i.chassis_feedback_update  chassis_task.o
    0x0800f3b0   0x0800f3b0   0x000002cc   Code   RO         5944    i.chassis_init      chassis_task.o
    0x0800f67c   0x0800f67c   0x00000168   Code   RO         5945    i.chassis_key_check  chassis_task.o
    0x0800f7e4   0x0800f7e4   0x000003ec   Code   RO         5946    i.chassis_rc_to_control_vector  chassis_task.o
    0x0800fbd0   0x0800fbd0   0x00000240   Code   RO         5947    i.chassis_set_contorl  chassis_task.o
    0x0800fe10   0x0800fe10   0x000004d0   Code   RO         5948    i.chassis_set_mode  chassis_task.o
    0x080102e0   0x080102e0   0x000000d8   Code   RO         5949    i.chassis_task      chassis_task.o
    0x080103b8   0x080103b8   0x00000060   Code   RO         5950    i.chassis_vector_to_mecanum_wheel_speed  chassis_task.o
    0x08010418   0x08010418   0x00000018   Code   RO         6069    i.data_solve        nx_communicate.o
    0x08010430   0x08010430   0x000000f0   Code   RO         6290    i.f_Changing_Integration_Rate  controller.o
    0x08010520   0x08010520   0x00000056   Code   RO         6291    i.f_Derivative_Filter  controller.o
    0x08010576   0x08010576   0x000000f4   Code   RO         6292    i.f_Derivative_On_Measurement  controller.o
    0x0801066a   0x0801066a   0x00000002   PAD
    0x0801066c   0x0801066c   0x000000f0   Code   RO         6293    i.f_Integral_Limit  controller.o
    0x0801075c   0x0801075c   0x00000056   Code   RO         6294    i.f_Output_Filter   controller.o
    0x080107b2   0x080107b2   0x00000046   Code   RO         6295    i.f_Output_Limit    controller.o
    0x080107f8   0x080107f8   0x000000b4   Code   RO         6296    i.f_PID_ErrorHandle  controller.o
    0x080108ac   0x080108ac   0x00000046   Code   RO         6297    i.f_Proportion_Limit  controller.o
    0x080108f2   0x080108f2   0x00000080   Code   RO         6298    i.f_Trapezoid_Intergral  controller.o
    0x08010972   0x08010972   0x0000003a   Code   RO         6750    i.fifo_s_get        fifo.o
    0x080109ac   0x080109ac   0x00000016   Code   RO         6753    i.fifo_s_init       fifo.o
    0x080109c2   0x080109c2   0x000000a0   Code   RO         6759    i.fifo_s_puts       fifo.o
    0x08010a62   0x08010a62   0x00000006   Code   RO         6761    i.fifo_s_used       fifo.o
    0x08010a68   0x08010a68   0x00000054   Code   RO         6502    i.first_order_filter_cali  user_lib.o
    0x08010abc   0x08010abc   0x00000024   Code   RO         6503    i.first_order_filter_init  user_lib.o
    0x08010ae0   0x08010ae0   0x00000032   Code   RO         5760    i.float_to_uint     can_communicate.o
    0x08010b12   0x08010b12   0x0000002a   Code   RO         6504    i.fp32_constrain    user_lib.o
    0x08010b3c   0x08010b3c   0x00000034   Code   RO         6435    i.fsg               td.o
    0x08010b70   0x08010b70   0x00000014   Code   RO         5761    i.get_chassis_motor_point  can_communicate.o
    0x08010b84   0x08010b84   0x00000034   Code   RO         6957    i.get_crc16_check_sum  protocol.o
    0x08010bb8   0x08010bb8   0x00000024   Code   RO         6958    i.get_crc8_check_sum  protocol.o
    0x08010bdc   0x08010bdc   0x00000008   Code   RO         6178    i.get_remote_control_point  referee_usart_task.o
    0x08010be4   0x08010be4   0x00000010   Code   RO         4410    i.inHandlerMode     cmsis_os.o
    0x08010bf4   0x08010bf4   0x00000034   Code   RO         6138    i.init_referee_struct_data  referee.o
    0x08010c28   0x08010c28   0x00000016   Code   RO         6506    i.int16_constrain   user_lib.o
    0x08010c3e   0x08010c3e   0x00000010   Code   RO         6020    i.key_init          keyboard.o
    0x08010c4e   0x08010c4e   0x00000064   Code   RO         6021    i.key_itself_press_num  keyboard.o
    0x08010cb2   0x08010cb2   0x00000002   PAD
    0x08010cb4   0x08010cb4   0x0000016c   Code   RO         6022    i.key_press         keyboard.o
    0x08010e20   0x08010e20   0x00000060   Code   RO         6509    i.loop_fp32_constrain  user_lib.o
    0x08010e80   0x08010e80   0x00000056   Code   RO           15    i.main              main.o
    0x08010ed6   0x08010ed6   0x0000000e   Code   RO         4412    i.makeFreeRtosPriority  cmsis_os.o
    0x08010ee4   0x08010ee4   0x00000070   Code   RO         6070    i.nx_communicate_init  nx_communicate.o
    0x08010f54   0x08010f54   0x00000184   Code   RO         6071    i.nx_communicate_task  nx_communicate.o
    0x080110d8   0x080110d8   0x00000018   Code   RO         4414    i.osDelay           cmsis_os.o
    0x080110f0   0x080110f0   0x00000006   Code   RO         4415    i.osDelayUntil      cmsis_os.o
    0x080110f6   0x080110f6   0x0000000a   Code   RO         4417    i.osKernelStart     cmsis_os.o
    0x08011100   0x08011100   0x00000014   Code   RO         4418    i.osKernelSysTick   cmsis_os.o
    0x08011114   0x08011114   0x0000005e   Code   RO         4451    i.osThreadCreate    cmsis_os.o
    0x08011172   0x08011172   0x00000002   PAD
    0x08011174   0x08011174   0x00000098   Code   RO         4083    i.prvAddCurrentTaskToDelayedList  tasks.o
    0x0801120c   0x0801120c   0x000000b4   Code   RO         4084    i.prvAddNewTaskToReadyList  tasks.o
    0x080112c0   0x080112c0   0x00000048   Code   RO         4085    i.prvCheckTasksWaitingTermination  tasks.o
    0x08011308   0x08011308   0x00000050   Code   RO         4086    i.prvDeleteTCB      tasks.o
    0x08011358   0x08011358   0x0000007c   Code   RO         4779    i.prvHeapInit       heap_4.o
    0x080113d4   0x080113d4   0x00000028   Code   RO         4087    i.prvIdleTask       tasks.o
    0x080113fc   0x080113fc   0x000000b4   Code   RO         4088    i.prvInitialiseNewTask  tasks.o
    0x080114b0   0x080114b0   0x00000068   Code   RO         4089    i.prvInitialiseTaskLists  tasks.o
    0x08011518   0x08011518   0x00000068   Code   RO         4780    i.prvInsertBlockIntoFreeList  heap_4.o
    0x08011580   0x08011580   0x00000034   Code   RO         4090    i.prvResetNextTaskUnblockTime  tasks.o
    0x080115b4   0x080115b4   0x00000040   Code   RO         4847    i.prvTaskExitError  port.o
    0x080115f4   0x080115f4   0x0000014c   Code   RO         4781    i.pvPortMalloc      heap_4.o
    0x08011740   0x08011740   0x0000002c   Code   RO         4848    i.pxPortInitialiseStack  port.o
    0x0801176c   0x0801176c   0x0000006c   Code   RO         6139    i.referee_data_solve  referee.o
    0x080117d8   0x080117d8   0x000001f0   Code   RO         6179    i.referee_unpack_fifo_data  referee_usart_task.o
    0x080119c8   0x080119c8   0x00000028   Code   RO         6180    i.referee_usart_task  referee_usart_task.o
    0x080119f0   0x080119f0   0x00000010   Code   RO         5762    i.return_4310_measure  can_communicate.o
    0x08011a00   0x08011a00   0x000001ac   Code   RO         6181    i.sbus_to_rc        referee_usart_task.o
    0x08011bac   0x08011bac   0x00000018   Code   RO         6182    i.serial2_selfcontrol_rc_init  referee_usart_task.o
    0x08011bc4   0x08011bc4   0x00000034   Code   RO         5341    i.uart5_init        bsp_usart.o
    0x08011bf8   0x08011bf8   0x00000018   Code   RO         5342    i.uart6_init        bsp_usart.o
    0x08011c10   0x08011c10   0x00000034   Code   RO         5343    i.uart7_init        bsp_usart.o
    0x08011c44   0x08011c44   0x00000034   Code   RO         5763    i.uint_to_float     can_communicate.o
    0x08011c78   0x08011c78   0x00000138   Code   RO         5344    i.usart2_init       bsp_usart.o
    0x08011db0   0x08011db0   0x00000138   Code   RO         5345    i.usart6_init       bsp_usart.o
    0x08011ee8   0x08011ee8   0x00000028   Code   RO         3709    i.uxListRemove      list.o
    0x08011f10   0x08011f10   0x00000018   Code   RO          295    i.vApplicationGetIdleTaskMemory  freertos.o
    0x08011f28   0x08011f28   0x0000001a   Code   RO         3710    i.vListInitialise   list.o
    0x08011f42   0x08011f42   0x00000006   Code   RO         3711    i.vListInitialiseItem  list.o
    0x08011f48   0x08011f48   0x00000034   Code   RO         3712    i.vListInsert       list.o
    0x08011f7c   0x08011f7c   0x00000018   Code   RO         3713    i.vListInsertEnd    list.o
    0x08011f94   0x08011f94   0x00000054   Code   RO         4850    i.vPortEnterCritical  port.o
    0x08011fe8   0x08011fe8   0x0000003c   Code   RO         4851    i.vPortExitCritical  port.o
    0x08012024   0x08012024   0x000000a4   Code   RO         4782    i.vPortFree         heap_4.o
    0x080120c8   0x080120c8   0x00000028   Code   RO         4852    i.vPortSetupTimerInterrupt  port.o
    0x080120f0   0x080120f0   0x00000078   Code   RO         4853    i.vPortValidateInterruptPriority  port.o
    0x08012168   0x08012168   0x0000005c   Code   RO         4099    i.vTaskDelay        tasks.o
    0x080121c4   0x080121c4   0x000000b0   Code   RO         4112    i.vTaskStartScheduler  tasks.o
    0x08012274   0x08012274   0x00000010   Code   RO         4114    i.vTaskSuspendAll   tasks.o
    0x08012284   0x08012284   0x0000008c   Code   RO         4115    i.vTaskSwitchContext  tasks.o
    0x08012310   0x08012310   0x00000040   Code   RO         6959    i.verify_crc16_check_sum  protocol.o
    0x08012350   0x08012350   0x00000030   Code   RO         6960    i.verify_crc8_check_sum  protocol.o
    0x08012380   0x08012380   0x00000168   Code   RO         4854    i.xPortStartScheduler  port.o
    0x080124e8   0x080124e8   0x00000034   Code   RO         4855    i.xPortSysTickHandler  port.o
    0x0801251c   0x0801251c   0x00000064   Code   RO         4118    i.xTaskCreate       tasks.o
    0x08012580   0x08012580   0x000000ba   Code   RO         4119    i.xTaskCreateStatic  tasks.o
    0x0801263a   0x0801263a   0x00000002   PAD
    0x0801263c   0x0801263c   0x00000020   Code   RO         4123    i.xTaskGetSchedulerState  tasks.o
    0x0801265c   0x0801265c   0x0000000c   Code   RO         4124    i.xTaskGetTickCount  tasks.o
    0x08012668   0x08012668   0x00000014   Code   RO         4125    i.xTaskGetTickCountFromISR  tasks.o
    0x0801267c   0x0801267c   0x00000148   Code   RO         4126    i.xTaskIncrementTick  tasks.o
    0x080127c4   0x080127c4   0x00000104   Code   RO         4132    i.xTaskResumeAll    tasks.o
    0x080128c8   0x080128c8   0x000002c4   Code   RO         8117    x$fpl$d2f           g_wm.l(d2f_clz.o)
    0x08012b8c   0x08012b8c   0x0000024c   Code   RO         8119    x$fpl$dadd          g_wm.l(daddsub_clz.o)
    0x08012dd8   0x08012dd8   0x00000018   Code   RO         8294    x$fpl$dcmpinf       g_wm.l(dcmpi.o)
    0x08012df0   0x08012df0   0x0000001a   Code   RO         8131    x$fpl$dfltn         g_wm.l(dflt_clz.o)
    0x08012e0a   0x08012e0a   0x00000002   PAD
    0x08012e0c   0x08012e0c   0x00000078   Code   RO         8135    x$fpl$dleqf         g_wm.l(dleqf.o)
    0x08012e84   0x08012e84   0x000001c0   Code   RO         8137    x$fpl$dmul          g_wm.l(dmul_clz.o)
    0x08013044   0x08013044   0x00000102   Code   RO         8296    x$fpl$dnaninf       g_wm.l(dnaninf.o)
    0x08013146   0x08013146   0x00000070   Code   RO         8298    x$fpl$drenorm       g_wm.l(drenorm_clz.o)
    0x080131b6   0x080131b6   0x0000000c   Code   RO         8300    x$fpl$dretinf       g_wm.l(dretinf.o)
    0x080131c2   0x080131c2   0x00000062   Code   RO         8139    x$fpl$drleqf        g_wm.l(drleqf.o)
    0x08013224   0x08013224   0x00000208   Code   RO         8302    x$fpl$dsqrt         g_wm.l(dsqrt_umaalclz.o)
    0x0801342c   0x0801342c   0x0000029c   Code   RO         8121    x$fpl$dsub          g_wm.l(daddsub_clz.o)
    0x080136c8   0x080136c8   0x0000017a   Code   RO         8304    x$fpl$dunder        g_wm.l(dunder_clz.o)
    0x08013842   0x08013842   0x00000002   PAD
    0x08013844   0x08013844   0x000001ec   Code   RO         8306    x$fpl$exception     g_wm.l(except.o)
    0x08013a30   0x08013a30   0x0000007a   Code   RO         8141    x$fpl$f2d           g_wm.l(f2d.o)
    0x08013aaa   0x08013aaa   0x000000f2   Code   RO         8308    x$fpl$fnaninf       g_wm.l(fnaninf.o)
    0x08013b9c   0x08013b9c   0x0000000a   Code   RO         8412    x$fpl$fpinit        g_wm.l(fpinit.o)
    0x08013ba6   0x08013ba6   0x0000000a   Code   RO         8310    x$fpl$fretinf       g_wm.l(fretinf.o)
    0x08013bb0   0x08013bb0   0x0000013c   Code   RO         8312    x$fpl$funder        g_wm.l(funder_clz.o)
    0x08013cec   0x08013cec   0x000000b2   Code   RO         8414    x$fpl$retnan        g_wm.l(retnan.o)
    0x08013d9e   0x08013d9e   0x0000007e   Code   RO         8314    x$fpl$trapveneer    g_wm.l(trapv.o)
    0x08013e1c   0x08013e1c   0x00000000   Code   RO         8316    x$fpl$usenofp       g_wm.l(usenofp.o)
    0x08013e1c   0x08013e1c   0x000000a8   Data   RO          297    .constdata          freertos.o
    0x08013ec4   0x08013ec4   0x00000008   Data   RO         1931    .constdata          stm32f4xx_hal_dma.o
    0x08013ecc   0x08013ecc   0x00000018   Data   RO         3573    .constdata          system_stm32f4xx.o
    0x08013ee4   0x08013ee4   0x0000013c   Data   RO         5527    .constdata          arm_control_task.o
    0x08014020   0x08014020   0x00000008   Data   RO         5952    .constdata          chassis_task.o
    0x08014028   0x08014028   0x00000060   Data   RO         6647    .constdata          6dof_kinematic.o
    0x08014088   0x08014088   0x00000302   Data   RO         6961    .constdata          protocol.o
    0x0801438a   0x0801438a   0x00000002   PAD
    0x0801438c   0x0801438c   0x00000804   Data   RO         8010    .constdata          arm_cortexM4lf_math.lib(arm_common_tables.o)
    0x08014b90   0x08014b90   0x00000057   Data   RO          298    .conststring        freertos.o
    0x08014be7   0x08014be7   0x00000001   PAD
    0x08014be8   0x08014be8   0x00000020   Data   RO         8497    Region$$Table       anon$$obj.o


    Execution Region RW_IRAM2 (Exec base: 0x10000000, Load base: 0x08014d48, Size: 0x00000000, Max: 0x00010000, ABSOLUTE)

    **** No section assigned to this execution region ****


    Execution Region RW_IRAM1 (Exec base: 0x20000000, Load base: 0x08014c08, Size: 0x0000c9b0, Max: 0x00030000, ABSOLUTE, COMPRESSED[0x00000140])

    Exec Addr    Load Addr    Size         Type   Attr      Idx    E Section Name        Object

    0x20000000   COMPRESSED   0x00000020   Data   RW          299    .data               freertos.o
    0x20000020   COMPRESSED   0x00000004   Data   RW          406    .data               can.o
    0x20000024   COMPRESSED   0x00000009   Data   RW         2401    .data               stm32f4xx_hal.o
    0x2000002d   COMPRESSED   0x00000003   PAD
    0x20000030   COMPRESSED   0x00000004   Data   RW         3574    .data               system_stm32f4xx.o
    0x20000034   COMPRESSED   0x0000003c   Data   RW         4135    .data               tasks.o
    0x20000070   COMPRESSED   0x00000020   Data   RW         4788    .data               heap_4.o
    0x20000090   COMPRESSED   0x0000000c   Data   RW         4856    .data               port.o
    0x2000009c   COMPRESSED   0x00000004   PAD
    0x200000a0   COMPRESSED   0x00000040   Data   RW         5073    .data               bsp_dwt.o
    0x200000e0   COMPRESSED   0x0000000a   Data   RW         5347    .data               bsp_usart.o
    0x200000ea   COMPRESSED   0x00000002   PAD
    0x200000ec   COMPRESSED   0x00000038   Data   RW         5528    .data               arm_control_task.o
    0x20000124   COMPRESSED   0x00000011   Data   RW         5765    .data               can_communicate.o
    0x20000135   COMPRESSED   0x00000008   Data   RW         5885    .data               boards_communicate.o
    0x2000013d   COMPRESSED   0x00000003   PAD
    0x20000140   COMPRESSED   0x00000015   Data   RW         5953    .data               chassis_task.o
    0x20000155   COMPRESSED   0x00000003   PAD
    0x20000158   COMPRESSED   0x00000004   Data   RW         6024    .data               keyboard.o
    0x2000015c   COMPRESSED   0x0000001d   Data   RW         6073    .data               nx_communicate.o
    0x20000179   COMPRESSED   0x00000009   Data   RW         6141    .data               referee.o
    0x20000182   COMPRESSED   0x00000006   Data   RW         6186    .data               referee_usart_task.o
    0x20000188   COMPRESSED   0x00000254   Data   RW         6299    .data               controller.o
    0x200003dc   COMPRESSED   0x0000000c   Data   RW         6514    .data               user_lib.o
    0x200003e8   COMPRESSED   0x00000002   Data   RW         6962    .data               protocol.o
    0x200003ea   COMPRESSED   0x00000002   PAD
    0x200003ec   COMPRESSED   0x0000004e   Data   RW         7068    .data               usbd_desc.o
    0x2000043a   COMPRESSED   0x00000002   PAD
    0x2000043c   COMPRESSED   0x00000014   Data   RW         7142    .data               usbd_cdc_if.o
    0x20000450   COMPRESSED   0x00000001   Data   RW         7576    .data               usbd_ctlreq.o
    0x20000451   COMPRESSED   0x00000003   PAD
    0x20000454   COMPRESSED   0x0000008a   Data   RW         7739    .data               usbd_cdc.o
    0x200004de   COMPRESSED   0x00000002   PAD
    0x200004e0        -       0x00000254   Zero   RW          296    .bss                freertos.o
    0x20000734        -       0x00000050   Zero   RW          405    .bss                can.o
    0x20000784        -       0x00000058   Zero   RW          477    .bss                spi.o
    0x200007dc        -       0x00000468   Zero   RW          526    .bss                usart.o
    0x20000c44        -       0x000000f0   Zero   RW         4134    .bss                tasks.o
    0x20000d34        -       0x00003c00   Zero   RW         4787    .bss                heap_4.o
    0x20004934        -       0x00000464   Zero   RW         5346    .bss                bsp_usart.o
    0x20004d98        -       0x00000d48   Zero   RW         5526    .bss                arm_control_task.o
    0x20005ae0        -       0x000000d0   Zero   RW         5764    .bss                can_communicate.o
    0x20005bb0        -       0x00000048   Zero   RW         5884    .bss                boards_communicate.o
    0x20005bf8        -       0x00000730   Zero   RW         5951    .bss                chassis_task.o
    0x20006328        -       0x00000069   Zero   RW         6023    .bss                keyboard.o
    0x20006391        -       0x000000b7   Zero   RW         6072    .bss                nx_communicate.o
    0x20006448        -       0x00000039   Zero   RW         6140    .bss                referee.o
    0x20006481   COMPRESSED   0x00000003   PAD
    0x20006484        -       0x000008e6   Zero   RW         6185    .bss                referee_usart_task.o
    0x20006d6a   COMPRESSED   0x00000002   PAD
    0x20006d6c        -       0x000002dc   Zero   RW         7011    .bss                usb_device.o
    0x20007048        -       0x00000200   Zero   RW         7067    .bss                usbd_desc.o
    0x20007248        -       0x00001000   Zero   RW         7141    .bss                usbd_cdc_if.o
    0x20008248        -       0x00000704   Zero   RW         7223    .bss                usbd_conf.o
    0x2000894c        -       0x00000060   Zero   RW         8369    .bss                c_w.l(libspace.o)
    0x200089ac   COMPRESSED   0x00000004   PAD
    0x200089b0        -       0x00002000   Zero   RW            2    HEAP                startup_stm32f427xx.o
    0x2000a9b0        -       0x00002000   Zero   RW            1    STACK               startup_stm32f427xx.o


==============================================================================

Image component sizes


      Code (inc. data)   RO Data    RW Data    ZI Data      Debug   Object Name

      6452         86         96          0          0      28460   6dof_kinematic.o
     15544       1102        316         56       3400      41672   arm_control_task.o
       756        116          0          8         72       6682   boards_communicate.o
        92          8          0          0          0     612106   bsp_can.o
       288         60          0         64          0       4066   bsp_dwt.o
      1028         92          0         10       1124       6759   bsp_usart.o
         0          0          0          0          0        604   butterworth_filter.o
       492         46          0          4         80       2638   can.o
      1870        164          0         17        208      16899   can_communicate.o
      5296        380          8         21       1840      12424   chassis_task.o
       184          0          0          0          0      30800   cmsis_os.o
      2996         46          0        596          0      11261   controller.o
       200          6          0          0          0        942   dma.o
         0          0          0          0          0      17128   event_groups.o
       258          0          0          0          0      10727   fifo.o
       214         36        255         32        596       4735   freertos.o
       436         20          0          0          0       1299   gpio.o
       724         74          0         32      15360       7723   heap_4.o
       480         24          0          4        105       5404   keyboard.o
       148          0          0          0          0       3834   list.o
       272         10          0          0          0     775900   main.o
      1086         84          0         29        183       6147   nx_communicate.o
      1014         92          0         12          0      12521   port.o
       200         14        770          2          0       3957   protocol.o
       160         34          0          9         57       3361   referee.o
      1288         76          0          6       2278       8010   referee_usart_task.o
       204         20          0          0         88       1829   spi.o
        64         26        428          0      16384        884   startup_stm32f427xx.o
       212         36          0          9          0       9873   stm32f4xx_hal.o
      2148          6          0          0          0      15195   stm32f4xx_hal_can.o
       312         22          0          0          0      34643   stm32f4xx_hal_cortex.o
      1538         16          8          0          0       8322   stm32f4xx_hal_dma.o
       556         54          0          0          0       2959   stm32f4xx_hal_gpio.o
        84          6          0          0          0        942   stm32f4xx_hal_msp.o
      3562         16          0          0          0      14440   stm32f4xx_hal_pcd.o
        90          0          0          0          0       2597   stm32f4xx_hal_pcd_ex.o
      1820         84          0          0          0       5900   stm32f4xx_hal_rcc.o
       200          0          0          0          0       1287   stm32f4xx_hal_spi.o
      2626         26          0          0          0      16454   stm32f4xx_hal_uart.o
       218         66          0          0          0       9619   stm32f4xx_it.o
      3894         84          0          0          0      24088   stm32f4xx_ll_usb.o
         0          0          0          0          0        444   stream_buffer.o
        20          6         24          4          0       1247   system_stm32f4xx.o
      2222        288          0         60        240      23161   tasks.o
      1344         58          0          0          0       6019   td.o
      1572        138          0          0       1128       7979   usart.o
        76         16          0          0        732       2711   usb_device.o
      1690         48          0        138          0      14155   usbd_cdc.o
       148         16          0         20       4096       3798   usbd_cdc_if.o
      1004         24          0          0       1796      18756   usbd_conf.o
      1354          0          0          0          0      17481   usbd_core.o
      2362         30          0          1          0      18544   usbd_ctlreq.o
       386        122          0         78        512       7337   usbd_desc.o
       174          0          0          0          0       5000   usbd_ioreq.o
       956         20          0         12          0       8583   user_lib.o

    ----------------------------------------------------------------------
     72356       3798       1940       1248      50284    1920306   Object Totals
         0          0         32          0          0          0   (incl. Generated)
        42          0          3         24          5          0   (incl. Padding)

    ----------------------------------------------------------------------

      Code (inc. data)   RO Data    RW Data    ZI Data      Debug   Library Member Name

         0          0       2052          0          0       4636   arm_common_tables.o
       120         12          0          0          0      16970   arm_cos_f32.o
         8          0          0          0          0        843   arm_mat_init_f32.o
       316          4          0          0          0       1627   arm_mat_mult_f32.o
       116         12          0          0          0        658   arm_sin_f32.o
        90          0          0          0          0          0   __dczerorl2.o
         8          0          0          0          0         68   __main.o
         0          0          0          0          0          0   __rtentry.o
        12          0          0          0          0          0   __rtentry2.o
         6          0          0          0          0          0   __rtentry4.o
        52          8          0          0          0          0   __scatter.o
        28          0          0          0          0          0   __scatter_zi.o
        48          4          0          0          0         84   _fptrap.o
        22          0          0          0          0        100   _rserrno.o
        10          0          0          0          0         68   defsig_exit.o
       172        110          0          0          0         76   defsig_fpe_inner.o
        14          0          0          0          0         80   defsig_fpe_outer.o
        50          0          0          0          0         88   defsig_general.o
        80         58          0          0          0         76   defsig_rtmem_inner.o
        14          0          0          0          0         80   defsig_rtmem_outer.o
        18          0          0          0          0         80   exit.o
        94          0          0          0          0         80   h1_alloc.o
        52          0          0          0          0         68   h1_extend.o
        78          0          0          0          0         80   h1_free.o
        14          0          0          0          0         84   h1_init.o
         6          0          0          0          0        152   heapauxi.o
         4          0          0          0          0        136   hguard.o
       138          0          0          0          0        168   init_alloc.o
         2          0          0          0          0          0   libinit.o
        14          0          0          0          0          0   libinit2.o
         2          0          0          0          0          0   libshutdown.o
         2          0          0          0          0          0   libshutdown2.o
         8          4          0          0         96         68   libspace.o
       238          0          0          0          0        100   lludivv7m.o
         0          0          0          0          0          0   maybetermalloc1.o
         8          4          0          0          0         68   rt_errno_addr_intlibspace.o
         8          4          0          0          0         68   rt_heap_descriptor_intlibspace.o
        68          0          0          0          0         68   rt_memclr.o
        78          0          0          0          0         80   rt_memclr_w.o
       138          0          0          0          0         68   rt_memcpy_v6.o
       100          0          0          0          0         80   rt_memcpy_w.o
         2          0          0          0          0          0   rtexit.o
        10          0          0          0          0          0   rtexit2.o
        74          0          0          0          0         80   sys_stackheap_outer.o
         2          0          0          0          0         68   use_no_semi.o
         2          0          0          0          0         68   use_no_semi_2.o
       708         16          0          0          0        140   d2f_clz.o
      1256         28          0          0          0        408   daddsub_clz.o
        24          0          0          0          0        116   dcmpi.o
        26          0          0          0          0        116   dflt_clz.o
       120          8          0          0          0        140   dleqf.o
       448         16          0          0          0        164   dmul_clz.o
       258          4          0          0          0        156   dnaninf.o
       112          0          0          0          0        160   drenorm_clz.o
        12          0          0          0          0        116   dretinf.o
        98          0          0          0          0        128   drleqf.o
       520         56          0          0          0        180   dsqrt_umaalclz.o
       378          0          0          0          0        168   dunder_clz.o
       492         36          0          0          0        148   except.o
       122          8          0          0          0        132   f2d.o
       242          4          0          0          0        144   fnaninf.o
        10          0          0          0          0        116   fpinit.o
        10          0          0          0          0        116   fretinf.o
       316          0          0          0          0        132   funder_clz.o
       178          0          0          0          0        116   retnan.o
       126          0          0          0          0        148   trapv.o
         0          0          0          0          0          0   usenofp.o
       592         90          0          0          0        184   atan2f.o
        20          0          0          0          0        124   fabs.o
        38          0          0          0          0        116   fpclassifyf.o
        22          6          0          0          0        232   funder.o
       122          0          0          0          0        148   sqrt_full.o
        58          0          0          0          0        136   sqrtf_full.o

    ----------------------------------------------------------------------
      8652        492       2052          0        100      31102   Library Totals
        18          0          0          0          4          0   (incl. Padding)

    ----------------------------------------------------------------------

      Code (inc. data)   RO Data    RW Data    ZI Data      Debug   Library Name

       560         28       2052          0          0      24734   arm_cortexM4lf_math.lib
      1766        192          0          0         96       2384   c_w.l
      5456        176          0          0          0       3044   g_wm.l
       852         96          0          0          0        940   m_wm.l

    ----------------------------------------------------------------------
      8652        492       2052          0        100      31102   Library Totals

    ----------------------------------------------------------------------

==============================================================================


      Code (inc. data)   RO Data    RW Data    ZI Data      Debug   

     81008       4290       3992       1248      50384    1908408   Grand Totals
     81008       4290       3992        320      50384    1908408   ELF Image Totals (compressed)
     81008       4290       3992        320          0          0   ROM Totals

==============================================================================

    Total RO  Size (Code + RO Data)                85000 (  83.01kB)
    Total RW  Size (RW Data + ZI Data)             51632 (  50.42kB)
    Total ROM Size (Code + RO Data + RW Data)      85320 (  83.32kB)

==============================================================================

